[robosuite WARNING] No private macro file found! (__init__.py:7)
[robosuite WARNING] It is recommended to use a private macro file (__init__.py:8)
[robosuite WARNING] To setup, run: python /data/MLLM/wzh/agent/paper/infiAgent/workspace/cap-x/capx/third_party/libero_dependencies/robosuite/robosuite/scripts/setup_macros.py (__init__.py:9)
Traceback (most recent call last):
  File "/data/MLLM/wzh/agent/paper/infiAgent/workspace/cap-x/capx/envs/simulators/__init__.py", line 11, in <module>
    from .robosuite_cube_lift import FrankaRobosuiteCubeLiftLowLevel
  File "/data/MLLM/wzh/agent/paper/infiAgent/workspace/cap-x/capx/envs/simulators/robosuite_cube_lift.py", line 15, in <module>
    from robosuite.controllers.composite.composite_controller_factory import (
ModuleNotFoundError: No module named 'robosuite.controllers.composite'
Gym has been unmaintained since 2022 and does not support NumPy 2.0 amongst other critical functionality.
Please upgrade to Gymnasium, the maintained drop-in replacement of Gym, or contact the authors of your software and request that they upgrade.
See the migration guide at https://gymnasium.farama.org/introduction/migration_guide/ for additional information.
/data/MLLM/wzh/agent/paper/infiAgent/workspace/cap-x/capx/integrations/motion/pyroki_snippets/_solve_ik_vel_cost.py:16: DeprecationWarning: Use Cost.factory instead of Cost.create_factory
  @Cost.create_factory
/data/MLLM/wzh/agent/paper/infiAgent/workspace/cap-x/.venv-libero/lib/python3.12/site-packages/typing_extensions.py:3004: DeprecationWarning: Cost.create_factory is deprecated, use Cost.factory instead
  return arg(*args, **kwargs)
Robosuite not installed!
R1Pro not installed, skipping R1Pro APIs
[info] Applying task order index 0 (permutation: [0, 1, 2, 3, 4, 5, 6, 7, 8, 9]) for benchmark 'libero_10' (10 tasks).
[info] Using default task order for benchmark 'libero_90' (90 tasks).
[info] Applying task order index 0 (permutation: [0, 1, 2, 3, 4, 5, 6, 7, 8, 9]) for benchmark 'libero_object' (10 tasks).
[info] Applying task order index 0 (permutation: [0, 1, 2, 3, 4, 5, 6, 7, 8, 9]) for benchmark 'libero_spatial' (10 tasks).
[info] Applying task order index 0 (permutation: [0, 1, 2, 3, 4, 5, 6, 7, 8, 9]) for benchmark 'libero_goal' (10 tasks).
R1Pro not installed!
API server {'_target_': 'capx.serving.launch_pyroki_server.main', 'port': 8116, 'host': '127.0.0.1', 'robot': 'panda_description', 'target_link': 'panda_hand'} started
API server {'_target_': 'capx.serving.launch_contact_graspnet_server.main', 'port': 8115, 'host': '127.0.0.1'} started
[robosuite WARNING] No private macro file found! (__init__.py:7)
[robosuite WARNING] It is recommended to use a private macro file (__init__.py:8)
[robosuite WARNING] To setup, run: python /data/MLLM/wzh/agent/paper/infiAgent/workspace/cap-x/capx/third_party/libero_dependencies/robosuite/robosuite/scripts/setup_macros.py (__init__.py:9)
[robosuite WARNING] No private macro file found! (__init__.py:7)
[robosuite WARNING] It is recommended to use a private macro file (__init__.py:8)
[robosuite WARNING] To setup, run: python /data/MLLM/wzh/agent/paper/infiAgent/workspace/cap-x/capx/third_party/libero_dependencies/robosuite/robosuite/scripts/setup_macros.py (__init__.py:9)
[robosuite WARNING] No private macro file found! (__init__.py:7)
[robosuite WARNING] It is recommended to use a private macro file (__init__.py:8)
[robosuite WARNING] To setup, run: python /data/MLLM/wzh/agent/paper/infiAgent/workspace/cap-x/capx/third_party/libero_dependencies/robosuite/robosuite/scripts/setup_macros.py (__init__.py:9)
Traceback (most recent call last):
  File "/data/MLLM/wzh/agent/paper/infiAgent/workspace/cap-x/capx/envs/simulators/__init__.py", line 11, in <module>
    from .robosuite_cube_lift import FrankaRobosuiteCubeLiftLowLevel
  File "/data/MLLM/wzh/agent/paper/infiAgent/workspace/cap-x/capx/envs/simulators/robosuite_cube_lift.py", line 15, in <module>
    from robosuite.controllers.composite.composite_controller_factory import (
ModuleNotFoundError: No module named 'robosuite.controllers.composite'
Traceback (most recent call last):
  File "/data/MLLM/wzh/agent/paper/infiAgent/workspace/cap-x/capx/envs/simulators/__init__.py", line 11, in <module>
    from .robosuite_cube_lift import FrankaRobosuiteCubeLiftLowLevel
  File "/data/MLLM/wzh/agent/paper/infiAgent/workspace/cap-x/capx/envs/simulators/robosuite_cube_lift.py", line 15, in <module>
    from robosuite.controllers.composite.composite_controller_factory import (
ModuleNotFoundError: No module named 'robosuite.controllers.composite'
Traceback (most recent call last):
  File "/data/MLLM/wzh/agent/paper/infiAgent/workspace/cap-x/capx/envs/simulators/__init__.py", line 11, in <module>
    from .robosuite_cube_lift import FrankaRobosuiteCubeLiftLowLevel
  File "/data/MLLM/wzh/agent/paper/infiAgent/workspace/cap-x/capx/envs/simulators/robosuite_cube_lift.py", line 15, in <module>
    from robosuite.controllers.composite.composite_controller_factory import (
ModuleNotFoundError: No module named 'robosuite.controllers.composite'
Gym has been unmaintained since 2022 and does not support NumPy 2.0 amongst other critical functionality.
Please upgrade to Gymnasium, the maintained drop-in replacement of Gym, or contact the authors of your software and request that they upgrade.
See the migration guide at https://gymnasium.farama.org/introduction/migration_guide/ for additional information.
Gym has been unmaintained since 2022 and does not support NumPy 2.0 amongst other critical functionality.
Please upgrade to Gymnasium, the maintained drop-in replacement of Gym, or contact the authors of your software and request that they upgrade.
See the migration guide at https://gymnasium.farama.org/introduction/migration_guide/ for additional information.
Gym has been unmaintained since 2022 and does not support NumPy 2.0 amongst other critical functionality.
Please upgrade to Gymnasium, the maintained drop-in replacement of Gym, or contact the authors of your software and request that they upgrade.
See the migration guide at https://gymnasium.farama.org/introduction/migration_guide/ for additional information.
/data/MLLM/wzh/agent/paper/infiAgent/workspace/cap-x/capx/integrations/motion/pyroki_snippets/_solve_ik_vel_cost.py:16: DeprecationWarning: Use Cost.factory instead of Cost.create_factory
  @Cost.create_factory
/data/MLLM/wzh/agent/paper/infiAgent/workspace/cap-x/.venv-libero/lib/python3.12/site-packages/typing_extensions.py:3004: DeprecationWarning: Cost.create_factory is deprecated, use Cost.factory instead
  return arg(*args, **kwargs)
/data/MLLM/wzh/agent/paper/infiAgent/workspace/cap-x/capx/integrations/motion/pyroki_snippets/_solve_ik_vel_cost.py:16: DeprecationWarning: Use Cost.factory instead of Cost.create_factory
  @Cost.create_factory
/data/MLLM/wzh/agent/paper/infiAgent/workspace/cap-x/capx/integrations/motion/pyroki_snippets/_solve_ik_vel_cost.py:16: DeprecationWarning: Use Cost.factory instead of Cost.create_factory
  @Cost.create_factory
/data/MLLM/wzh/agent/paper/infiAgent/workspace/cap-x/.venv-libero/lib/python3.12/site-packages/typing_extensions.py:3004: DeprecationWarning: Cost.create_factory is deprecated, use Cost.factory instead
  return arg(*args, **kwargs)
/data/MLLM/wzh/agent/paper/infiAgent/workspace/cap-x/.venv-libero/lib/python3.12/site-packages/typing_extensions.py:3004: DeprecationWarning: Cost.create_factory is deprecated, use Cost.factory instead
  return arg(*args, **kwargs)
INFO:pyroki_server:Loading robot URDF 'panda_description' with Pyroki...
/data/MLLM/wzh/agent/paper/infiAgent/workspace/cap-x/capx/third_party/sam3/sam3/model_builder.py:8: DeprecationWarning: pkg_resources is deprecated as an API. See https://setuptools.pypa.io/en/latest/pkg_resources.html
  import pkg_resources
INFO:jax._src.xla_bridge:Unable to initialize backend 'cuda': 
INFO:jax._src.xla_bridge:Unable to initialize backend 'rocm': module 'jaxlib.xla_extension' has no attribute 'GpuAllocatorConfig'
INFO:jax._src.xla_bridge:Unable to initialize backend 'tpu': INTERNAL: Failed to open libtpu.so: libtpu.so: cannot open shared object file: No such file or directory
WARNING:jax._src.xla_bridge:An NVIDIA GPU may be present on this machine, but a CUDA-enabled jaxlib is not installed. Falling back to cpu.
INFO:capx.serving.launch_contact_graspnet_server:Loading GraspNet config from /data/MLLM/wzh/agent/paper/infiAgent/workspace/cap-x/capx/third_party/contact_graspnet_pytorch/checkpoints/contact_graspnet/checkpoints
INFO:capx.serving.launch_contact_graspnet_server:Building GraspNet model...
2026-07-31 15:01:23.074 | INFO     | pyroki.collision._robot_collision:from_sphere_decomposition:187 - Created RobotCollision (sphere mode) with 13 links, 41 total spheres, and 626 active pairs.
INFO:pyroki_server:PyRoki loaded and ready!
/data/MLLM/wzh/agent/paper/infiAgent/workspace/cap-x/.venv-libero/lib/python3.12/site-packages/websockets/legacy/__init__.py:6: DeprecationWarning: websockets.legacy is deprecated; see https://websockets.readthedocs.io/en/stable/howto/upgrade.html for upgrade instructions
  warnings.warn(  # deprecated in 14.0 - 2024-11-09
/data/MLLM/wzh/agent/paper/infiAgent/workspace/cap-x/.venv-libero/lib/python3.12/site-packages/uvicorn/protocols/websockets/websockets_impl.py:17: DeprecationWarning: websockets.server.WebSocketServerProtocol is deprecated
  from websockets.server import WebSocketServerProtocol
INFO:     Started server process [3866562]
INFO:     Waiting for application startup.
INFO:     Application startup complete.
INFO:     Uvicorn running on http://127.0.0.1:8116 (Press CTRL+C to quit)
INFO:capx.serving.launch_contact_graspnet_server:Loading weights from /data/MLLM/wzh/agent/paper/infiAgent/workspace/cap-x/capx/third_party/contact_graspnet_pytorch/checkpoints/contact_graspnet/checkpoints
INFO:capx.serving.launch_contact_graspnet_server:GraspNet Service initialized on cuda. Starting Uvicorn...
/data/MLLM/wzh/agent/paper/infiAgent/workspace/cap-x/.venv-libero/lib/python3.12/site-packages/websockets/legacy/__init__.py:6: DeprecationWarning: websockets.legacy is deprecated; see https://websockets.readthedocs.io/en/stable/howto/upgrade.html for upgrade instructions
  warnings.warn(  # deprecated in 14.0 - 2024-11-09
/data/MLLM/wzh/agent/paper/infiAgent/workspace/cap-x/.venv-libero/lib/python3.12/site-packages/uvicorn/protocols/websockets/websockets_impl.py:17: DeprecationWarning: websockets.server.WebSocketServerProtocol is deprecated
  from websockets.server import WebSocketServerProtocol
INFO:     Started server process [3866563]
INFO:     Waiting for application startup.
INFO:     Application startup complete.
INFO:     Uvicorn running on http://127.0.0.1:8115 (Press CTRL+C to quit)
/data/MLLM/wzh/agent/paper/infiAgent/workspace/cap-x/.venv-libero/lib/python3.12/site-packages/websockets/legacy/__init__.py:6: DeprecationWarning: websockets.legacy is deprecated; see https://websockets.readthedocs.io/en/stable/howto/upgrade.html for upgrade instructions
  warnings.warn(  # deprecated in 14.0 - 2024-11-09
/data/MLLM/wzh/agent/paper/infiAgent/workspace/cap-x/.venv-libero/lib/python3.12/site-packages/uvicorn/protocols/websockets/websockets_impl.py:17: DeprecationWarning: websockets.server.WebSocketServerProtocol is deprecated
  from websockets.server import WebSocketServerProtocol
INFO:     Started server process [3866564]
INFO:     Waiting for application startup.
INFO:     Application startup complete.
INFO:     Uvicorn running on http://127.0.0.1:8114 (Press CTRL+C to quit)
API server {'_target_': 'capx.serving.launch_sam3_server.main', 'device': 'cuda', 'port': 8114, 'host': '127.0.0.1'} started
API server on 127.0.0.1:8116 is ready
API server on 127.0.0.1:8115 is ready
API server on 127.0.0.1:8114 is ready
[robosuite WARNING] No private macro file found! (__init__.py:7)
[robosuite WARNING] It is recommended to use a private macro file (__init__.py:8)
[robosuite WARNING] To setup, run: python /data/MLLM/wzh/agent/paper/infiAgent/workspace/cap-x/capx/third_party/libero_dependencies/robosuite/robosuite/scripts/setup_macros.py (__init__.py:9)
Traceback (most recent call last):
  File "/data/MLLM/wzh/agent/paper/infiAgent/workspace/cap-x/capx/envs/simulators/__init__.py", line 11, in <module>
    from .robosuite_cube_lift import FrankaRobosuiteCubeLiftLowLevel
  File "/data/MLLM/wzh/agent/paper/infiAgent/workspace/cap-x/capx/envs/simulators/robosuite_cube_lift.py", line 15, in <module>
    from robosuite.controllers.composite.composite_controller_factory import (
ModuleNotFoundError: No module named 'robosuite.controllers.composite'
Gym has been unmaintained since 2022 and does not support NumPy 2.0 amongst other critical functionality.
Please upgrade to Gymnasium, the maintained drop-in replacement of Gym, or contact the authors of your software and request that they upgrade.
See the migration guide at https://gymnasium.farama.org/introduction/migration_guide/ for additional information.
/data/MLLM/wzh/agent/paper/infiAgent/workspace/cap-x/capx/integrations/motion/pyroki_snippets/_solve_ik_vel_cost.py:16: DeprecationWarning: Use Cost.factory instead of Cost.create_factory
  @Cost.create_factory
/data/MLLM/wzh/agent/paper/infiAgent/workspace/cap-x/.venv-libero/lib/python3.12/site-packages/typing_extensions.py:3004: DeprecationWarning: Cost.create_factory is deprecated, use Cost.factory instead
  return arg(*args, **kwargs)
An NVIDIA GPU may be present on this machine, but a CUDA-enabled jaxlib is not installed. Falling back to cpu.
2026-07-31 15:01:57.675 | INFO     | pyroki.collision._robot_collision:from_urdf:95 - Created RobotCollision with 13 links and 66 active self-collision pairs.
`torch_dtype` is deprecated! Use `dtype` instead!
Robosuite not installed!
R1Pro not installed, skipping R1Pro APIs
[info] Applying task order index 0 (permutation: [0, 1, 2, 3, 4, 5, 6, 7, 8, 9]) for benchmark 'libero_10' (10 tasks).
[info] Using default task order for benchmark 'libero_90' (90 tasks).
[info] Applying task order index 0 (permutation: [0, 1, 2, 3, 4, 5, 6, 7, 8, 9]) for benchmark 'libero_object' (10 tasks).
[info] Applying task order index 0 (permutation: [0, 1, 2, 3, 4, 5, 6, 7, 8, 9]) for benchmark 'libero_spatial' (10 tasks).
[info] Applying task order index 0 (permutation: [0, 1, 2, 3, 4, 5, 6, 7, 8, 9]) for benchmark 'libero_goal' (10 tasks).
R1Pro not installed!
[info] Applying task order index 0 (permutation: [0, 1, 2, 3, 4, 5, 6, 7, 8, 9]) for benchmark 'libero_spatial' (10 tasks).
Loaded init states for task 0 in suite libero_spatial
[Molmo] Loading model from /data/MLLM/wzh/model/molmo...
Loading checkpoint shards:   0%|          | 0/8 [00:00<?, ?it/s]Loading checkpoint shards:  12%|█▎        | 1/8 [00:00<00:04,  1.44it/s]Loading checkpoint shards:  25%|██▌       | 2/8 [00:01<00:03,  1.56it/s]Loading checkpoint shards:  38%|███▊      | 3/8 [00:01<00:03,  1.61it/s]Loading checkpoint shards:  50%|█████     | 4/8 [00:02<00:02,  1.63it/s]Loading checkpoint shards:  62%|██████▎   | 5/8 [00:03<00:01,  1.63it/s]Loading checkpoint shards:  75%|███████▌  | 6/8 [00:03<00:01,  1.63it/s]Loading checkpoint shards:  88%|████████▊ | 7/8 [00:04<00:00,  1.67it/s]Loading checkpoint shards: 100%|██████████| 8/8 [00:04<00:00,  1.96it/s]Loading checkpoint shards: 100%|██████████| 8/8 [00:04<00:00,  1.73it/s]
Using a slow image processor as `use_fast` is unset and a slow processor was saved with this model. `use_fast=True` will be the default behavior in v4.52, even if the model was saved with a slow processor. This will result in minor differences in outputs. You'll still be able to use a slow processor with `use_fast=False`.
Robosuite not installed!
R1Pro not installed, skipping R1Pro APIs
[info] Applying task order index 0 (permutation: [0, 1, 2, 3, 4, 5, 6, 7, 8, 9]) for benchmark 'libero_10' (10 tasks).
[info] Using default task order for benchmark 'libero_90' (90 tasks).
[info] Applying task order index 0 (permutation: [0, 1, 2, 3, 4, 5, 6, 7, 8, 9]) for benchmark 'libero_object' (10 tasks).
[info] Applying task order index 0 (permutation: [0, 1, 2, 3, 4, 5, 6, 7, 8, 9]) for benchmark 'libero_spatial' (10 tasks).
[info] Applying task order index 0 (permutation: [0, 1, 2, 3, 4, 5, 6, 7, 8, 9]) for benchmark 'libero_goal' (10 tasks).
R1Pro not installed!
INFO:     127.0.0.1:37454 - "POST /segment_point HTTP/1.1" 200 OK
INFO:     127.0.0.1:36296 - "POST /segment_point HTTP/1.1" 200 OK
INFO:     127.0.0.1:36310 - "POST /segment_point HTTP/1.1" 200 OK
INFO:     127.0.0.1:36324 - "POST /segment_point HTTP/1.1" 200 OK
2026-07-31 15:02:18.754 | INFO     | jaxls._problem:analyze:201 - Building optimization problem with 2 terms and 1 variables: 1 costs, 0 eq_zero, 1 leq_zero, 0 geq_zero
2026-07-31 15:02:18.868 | INFO     | jaxls._problem:analyze:328 - Vectorizing group with 1 costs, 1 variables each: _pose_cost_analytical_jac
2026-07-31 15:02:18.898 | INFO     | jaxls._problem:analyze:320 - Vectorizing constraint group with 1 constraints (constraint_leq_zero), 1 variables each: augmented_limit_residual
2026-07-31 15:02:42.486 | INFO     | jaxls._problem:analyze:201 - Building optimization problem with 3 terms and 1 variables: 3 costs, 0 eq_zero, 0 leq_zero, 0 geq_zero
2026-07-31 15:02:42.524 | INFO     | jaxls._problem:analyze:328 - Vectorizing group with 1 costs, 1 variables each: _pose_cost_analytical_jac
2026-07-31 15:02:42.537 | INFO     | jaxls._problem:analyze:328 - Vectorizing group with 1 costs, 1 variables each: limit_residual
2026-07-31 15:02:42.548 | INFO     | jaxls._problem:analyze:328 - Vectorizing group with 1 costs, 1 variables each: limit_velocity_cost
INFO:     127.0.0.1:58756 - "POST /segment_point HTTP/1.1" 200 OK
INFO:     127.0.0.1:58762 - "POST /segment_point HTTP/1.1" 200 OK
INFO:     127.0.0.1:58778 - "POST /segment_point HTTP/1.1" 200 OK
INFO:     127.0.0.1:58786 - "POST /segment_point HTTP/1.1" 200 OK
INFO:     127.0.0.1:53210 - "POST /segment_point HTTP/1.1" 200 OK
INFO:     127.0.0.1:53226 - "POST /segment_point HTTP/1.1" 200 OK
INFO:     127.0.0.1:38866 - "POST /segment_point HTTP/1.1" 200 OK
INFO:     127.0.0.1:38872 - "POST /segment_point HTTP/1.1" 200 OK
INFO:     127.0.0.1:44316 - "POST /segment_point HTTP/1.1" 200 OK
INFO:     127.0.0.1:60534 - "POST /segment_point HTTP/1.1" 200 OK
INFO:     127.0.0.1:56308 - "POST /segment_point HTTP/1.1" 200 OK
INFO:     127.0.0.1:56318 - "POST /segment_point HTTP/1.1" 200 OK
INFO:     Shutting down
INFO:     Waiting for application shutdown.
INFO:     Application shutdown complete.
INFO:     Finished server process [3866562]
INFO:     Shutting down
INFO:     Waiting for application shutdown.
INFO:     Application shutdown complete.
INFO:     Finished server process [3866563]
INFO:     Shutting down
INFO:     Waiting for application shutdown.
INFO:     Application shutdown complete.
INFO:     Finished server process [3866564]
[info] Applying task order index 0 (permutation: [0, 1, 2, 3, 4, 5, 6, 7, 8, 9]) for benchmark 'libero_spatial' (10 tasks).
Loaded init states for task 0 in suite libero_spatial
Traceback (most recent call last):
  File "/data/MLLM/wzh/agent/paper/infiAgent/workspace/cap-mas/scripts/run_libero_p53_online.py", line 563, in <module>
    main()
  File "/data/MLLM/wzh/agent/paper/infiAgent/workspace/cap-mas/scripts/run_libero_p53_online.py", line 530, in main
    outcome = run_online_experiment(
              ^^^^^^^^^^^^^^^^^^^^^^
  File "/data/MLLM/wzh/agent/paper/infiAgent/workspace/cap-mas/scripts/run_libero_p53_online.py", line 217, in run_online_experiment
    physical_result = physical_executor(selected, typed.graphs[physical_candidate_id])
                      ^^^^^^^^^^^^^^^^^^^^^^^^^^^^^^^^^^^^^^^^^^^^^^^^^^^^^^^^^^^^^^^^
  File "/data/MLLM/wzh/agent/paper/infiAgent/workspace/cap-mas/scripts/run_libero_p53_online.py", line 454, in execute
    bundle = build_capx_runtime_from_yaml(
             ^^^^^^^^^^^^^^^^^^^^^^^^^^^^^
  File "/data/MLLM/wzh/agent/paper/infiAgent/workspace/cap-mas/capmas/backends/capx_libero_factory.py", line 187, in build_capx_runtime_from_yaml
    env = instantiate(direct_low_level_cfg)
          ^^^^^^^^^^^^^^^^^^^^^^^^^^^^^^^^^
  File "/data/MLLM/wzh/agent/paper/infiAgent/workspace/cap-mas/capmas/backends/capx_libero_factory.py", line 111, in _default_instantiator
    return instantiate(config)
           ^^^^^^^^^^^^^^^^^^^
  File "/data/MLLM/wzh/agent/paper/infiAgent/workspace/cap-x/capx/envs/configs/instantiate.py", line 197, in instantiate
    return cls(**cfg)
           ^^^^^^^^^^
  File "/data/MLLM/wzh/agent/paper/infiAgent/workspace/cap-x/capx/envs/simulators/libero.py", line 164, in __init__
    self.reset()
  File "/data/MLLM/wzh/agent/paper/infiAgent/workspace/cap-x/capx/envs/simulators/libero.py", line 215, in reset
    raise RuntimeError(f"LIBERO depth initialization failed ({details})")
RuntimeError: LIBERO depth initialization failed (agentview: shape=(512, 800), finite=409600, valid=0, min=529.7713623046875, max=529.7713623046875, robot0_eye_in_hand: shape=(512, 800), finite=409600, valid=0, min=529.7713623046875, max=529.7713623046875)
