CAP-MAS run log: outputs/capmas_libero_b3_llm/staged_gpt55_p0_diagnostics_retry2_20260723.log
[robosuite WARNING] No private macro file found! (__init__.py:7)
[robosuite WARNING] It is recommended to use a private macro file (__init__.py:8)
[robosuite WARNING] To setup, run: python /data/MLLM/wzh/agent/paper/infiAgent/workspace/cap-x/capx/third_party/libero_dependencies/robosuite/robosuite/scripts/setup_macros.py (__init__.py:9)
Robosuite not installed!
Traceback (most recent call last):
  File "/data/MLLM/wzh/agent/paper/infiAgent/workspace/cap-x/capx/envs/simulators/__init__.py", line 11, in <module>
    from .robosuite_cube_lift import FrankaRobosuiteCubeLiftLowLevel
  File "/data/MLLM/wzh/agent/paper/infiAgent/workspace/cap-x/capx/envs/simulators/robosuite_cube_lift.py", line 15, in <module>
    from robosuite.controllers.composite.composite_controller_factory import (
ModuleNotFoundError: No module named 'robosuite.controllers.composite'
Gym has been unmaintained since 2022 and does not support NumPy 2.0 amongst other critical functionality.
Please upgrade to Gymnasium, the maintained drop-in replacement of Gym, or contact the authors of your software and request that they upgrade.
See the migration guide at https://gymnasium.farama.org/introduction/migration_guide/ for additional information.
/data/MLLM/wzh/agent/paper/infiAgent/workspace/cap-x/capx/integrations/motion/pyroki_snippets/_solve_ik_vel_cost.py:16: DeprecationWarning: Use Cost.factory instead of Cost.create_factory
  @Cost.create_factory
/data/MLLM/wzh/agent/paper/infiAgent/workspace/cap-x/.venv-libero/lib/python3.12/site-packages/typing_extensions.py:3004: DeprecationWarning: Cost.create_factory is deprecated, use Cost.factory instead
  return arg(*args, **kwargs)
R1Pro not installed, skipping R1Pro APIs
[info] Applying task order index 0 (permutation: [0, 1, 2, 3, 4, 5, 6, 7, 8, 9]) for benchmark 'libero_10' (10 tasks).
[info] Using default task order for benchmark 'libero_90' (90 tasks).
[info] Applying task order index 0 (permutation: [0, 1, 2, 3, 4, 5, 6, 7, 8, 9]) for benchmark 'libero_object' (10 tasks).
[info] Applying task order index 0 (permutation: [0, 1, 2, 3, 4, 5, 6, 7, 8, 9]) for benchmark 'libero_spatial' (10 tasks).
[info] Applying task order index 0 (permutation: [0, 1, 2, 3, 4, 5, 6, 7, 8, 9]) for benchmark 'libero_goal' (10 tasks).
R1Pro not installed!
[info] Applying task order index 0 (permutation: [0, 1, 2, 3, 4, 5, 6, 7, 8, 9]) for benchmark 'libero_spatial' (10 tasks).
Loaded init states for task 0 in suite libero_spatial
An NVIDIA GPU may be present on this machine, but a CUDA-enabled jaxlib is not installed. Falling back to cpu.
2026-07-23 16:35:51.194 | INFO     | pyroki.collision._robot_collision:from_urdf:95 - Created RobotCollision with 13 links and 66 active self-collision pairs.
Traceback (most recent call last):
  File "/data/MLLM/wzh/agent/paper/infiAgent/workspace/cap-mas/capmas/runtime/llm_scheduler.py", line 596, in _propose_candidates
    for future in as_completed(future_to_agent):
                  ^^^^^^^^^^^^^^^^^^^^^^^^^^^^^
  File "/data/envs/miniforge3/envs/wzh_rag2/lib/python3.12/concurrent/futures/_base.py", line 243, in as_completed
    waiter.event.wait(wait_timeout)
  File "/data/envs/miniforge3/envs/wzh_rag2/lib/python3.12/threading.py", line 655, in wait
    signaled = self._cond.wait(timeout)
               ^^^^^^^^^^^^^^^^^^^^^^^^
  File "/data/envs/miniforge3/envs/wzh_rag2/lib/python3.12/threading.py", line 355, in wait
    waiter.acquire()
KeyboardInterrupt

During handling of the above exception, another exception occurred:

Traceback (most recent call last):
  File "/data/MLLM/wzh/agent/paper/infiAgent/workspace/cap-mas/scripts/run_libero_b3_llm.py", line 615, in <module>
    main()
  File "/data/MLLM/wzh/agent/paper/infiAgent/workspace/cap-mas/scripts/run_libero_b3_llm.py", line 513, in main
    compiled = scheduler.compile(
               ^^^^^^^^^^^^^^^^^^
  File "/data/MLLM/wzh/agent/paper/infiAgent/workspace/cap-mas/capmas/runtime/llm_scheduler.py", line 142, in compile
    return self.compile_staged(task, scene, context=context)
           ^^^^^^^^^^^^^^^^^^^^^^^^^^^^^^^^^^^^^^^^^^^^^^^^^
  File "/data/MLLM/wzh/agent/paper/infiAgent/workspace/cap-mas/capmas/runtime/llm_scheduler.py", line 319, in compile_staged
    candidates, proposal_failures = self._propose_candidates(
                                    ^^^^^^^^^^^^^^^^^^^^^^^^^
  File "/data/MLLM/wzh/agent/paper/infiAgent/workspace/cap-mas/capmas/runtime/llm_scheduler.py", line 591, in _propose_candidates
    with ThreadPoolExecutor(max_workers=workers, thread_name_prefix="capmas-policy") as pool:
         ^^^^^^^^^^^^^^^^^^^^^^^^^^^^^^^^^^^^^^^^^^^^^^^^^^^^^^^^^^^^^^^^^^^^^^^^^^^
  File "/data/envs/miniforge3/envs/wzh_rag2/lib/python3.12/concurrent/futures/_base.py", line 647, in __exit__
    self.shutdown(wait=True)
  File "/data/envs/miniforge3/envs/wzh_rag2/lib/python3.12/concurrent/futures/thread.py", line 239, in shutdown
    t.join()
  File "/data/envs/miniforge3/envs/wzh_rag2/lib/python3.12/threading.py", line 1149, in join
    self._wait_for_tstate_lock()
  File "/data/envs/miniforge3/envs/wzh_rag2/lib/python3.12/threading.py", line 1169, in _wait_for_tstate_lock
    if lock.acquire(block, timeout):
       ^^^^^^^^^^^^^^^^^^^^^^^^^^^^
KeyboardInterrupt
