[robosuite WARNING] No private macro file found! (__init__.py:7)
[robosuite WARNING] It is recommended to use a private macro file (__init__.py:8)
[robosuite WARNING] To setup, run: python /data/MLLM/wzh/agent/paper/infiAgent/workspace/cap-x/capx/third_party/libero_dependencies/robosuite/robosuite/scripts/setup_macros.py (__init__.py:9)
Traceback (most recent call last):
  File "/data/MLLM/wzh/agent/paper/infiAgent/workspace/cap-x/capx/envs/simulators/__init__.py", line 11, in <module>
    from .robosuite_cube_lift import FrankaRobosuiteCubeLiftLowLevel
  File "/data/MLLM/wzh/agent/paper/infiAgent/workspace/cap-x/capx/envs/simulators/robosuite_cube_lift.py", line 15, in <module>
    from robosuite.controllers.composite.composite_controller_factory import (
ModuleNotFoundError: No module named 'robosuite.controllers.composite'
Gym has been unmaintained since 2022 and does not support NumPy 2.0 amongst other critical functionality.
Please upgrade to Gymnasium, the maintained drop-in replacement of Gym, or contact the authors of your software and request that they upgrade.
See the migration guide at https://gymnasium.farama.org/introduction/migration_guide/ for additional information.
/data/MLLM/wzh/agent/paper/infiAgent/workspace/cap-x/capx/integrations/motion/pyroki_snippets/_solve_ik_vel_cost.py:16: DeprecationWarning: Use Cost.factory instead of Cost.create_factory
  @Cost.create_factory
/data/MLLM/wzh/agent/paper/infiAgent/workspace/cap-x/.venv-libero/lib/python3.12/site-packages/typing_extensions.py:3004: DeprecationWarning: Cost.create_factory is deprecated, use Cost.factory instead
  return arg(*args, **kwargs)
Robosuite not installed!
R1Pro not installed, skipping R1Pro APIs
[info] Applying task order index 0 (permutation: [0, 1, 2, 3, 4, 5, 6, 7, 8, 9]) for benchmark 'libero_10' (10 tasks).
[info] Using default task order for benchmark 'libero_90' (90 tasks).
[info] Applying task order index 0 (permutation: [0, 1, 2, 3, 4, 5, 6, 7, 8, 9]) for benchmark 'libero_object' (10 tasks).
[info] Applying task order index 0 (permutation: [0, 1, 2, 3, 4, 5, 6, 7, 8, 9]) for benchmark 'libero_spatial' (10 tasks).
[info] Applying task order index 0 (permutation: [0, 1, 2, 3, 4, 5, 6, 7, 8, 9]) for benchmark 'libero_goal' (10 tasks).
R1Pro not installed!
API server {'_target_': 'capx.serving.launch_pyroki_server.main', 'port': 8116, 'host': '127.0.0.1', 'robot': 'panda_description', 'target_link': 'panda_hand'} started
API server {'_target_': 'capx.serving.launch_contact_graspnet_server.main', 'port': 8115, 'host': '127.0.0.1'} started
[robosuite WARNING] No private macro file found! (__init__.py:7)
[robosuite WARNING] No private macro file found! (__init__.py:7)
[robosuite WARNING] It is recommended to use a private macro file (__init__.py:8)
[robosuite WARNING] It is recommended to use a private macro file (__init__.py:8)
[robosuite WARNING] To setup, run: python /data/MLLM/wzh/agent/paper/infiAgent/workspace/cap-x/capx/third_party/libero_dependencies/robosuite/robosuite/scripts/setup_macros.py (__init__.py:9)
[robosuite WARNING] To setup, run: python /data/MLLM/wzh/agent/paper/infiAgent/workspace/cap-x/capx/third_party/libero_dependencies/robosuite/robosuite/scripts/setup_macros.py (__init__.py:9)
[robosuite WARNING] No private macro file found! (__init__.py:7)
[robosuite WARNING] It is recommended to use a private macro file (__init__.py:8)
[robosuite WARNING] To setup, run: python /data/MLLM/wzh/agent/paper/infiAgent/workspace/cap-x/capx/third_party/libero_dependencies/robosuite/robosuite/scripts/setup_macros.py (__init__.py:9)
Traceback (most recent call last):
  File "/data/MLLM/wzh/agent/paper/infiAgent/workspace/cap-x/capx/envs/simulators/__init__.py", line 11, in <module>
    from .robosuite_cube_lift import FrankaRobosuiteCubeLiftLowLevel
  File "/data/MLLM/wzh/agent/paper/infiAgent/workspace/cap-x/capx/envs/simulators/robosuite_cube_lift.py", line 15, in <module>
    from robosuite.controllers.composite.composite_controller_factory import (
ModuleNotFoundError: No module named 'robosuite.controllers.composite'
Traceback (most recent call last):
  File "/data/MLLM/wzh/agent/paper/infiAgent/workspace/cap-x/capx/envs/simulators/__init__.py", line 11, in <module>
    from .robosuite_cube_lift import FrankaRobosuiteCubeLiftLowLevel
  File "/data/MLLM/wzh/agent/paper/infiAgent/workspace/cap-x/capx/envs/simulators/robosuite_cube_lift.py", line 15, in <module>
    from robosuite.controllers.composite.composite_controller_factory import (
ModuleNotFoundError: No module named 'robosuite.controllers.composite'
Traceback (most recent call last):
  File "/data/MLLM/wzh/agent/paper/infiAgent/workspace/cap-x/capx/envs/simulators/__init__.py", line 11, in <module>
    from .robosuite_cube_lift import FrankaRobosuiteCubeLiftLowLevel
  File "/data/MLLM/wzh/agent/paper/infiAgent/workspace/cap-x/capx/envs/simulators/robosuite_cube_lift.py", line 15, in <module>
    from robosuite.controllers.composite.composite_controller_factory import (
ModuleNotFoundError: No module named 'robosuite.controllers.composite'
Gym has been unmaintained since 2022 and does not support NumPy 2.0 amongst other critical functionality.
Please upgrade to Gymnasium, the maintained drop-in replacement of Gym, or contact the authors of your software and request that they upgrade.
See the migration guide at https://gymnasium.farama.org/introduction/migration_guide/ for additional information.
Gym has been unmaintained since 2022 and does not support NumPy 2.0 amongst other critical functionality.
Please upgrade to Gymnasium, the maintained drop-in replacement of Gym, or contact the authors of your software and request that they upgrade.
See the migration guide at https://gymnasium.farama.org/introduction/migration_guide/ for additional information.
Gym has been unmaintained since 2022 and does not support NumPy 2.0 amongst other critical functionality.
Please upgrade to Gymnasium, the maintained drop-in replacement of Gym, or contact the authors of your software and request that they upgrade.
See the migration guide at https://gymnasium.farama.org/introduction/migration_guide/ for additional information.
/data/MLLM/wzh/agent/paper/infiAgent/workspace/cap-x/capx/integrations/motion/pyroki_snippets/_solve_ik_vel_cost.py:16: DeprecationWarning: Use Cost.factory instead of Cost.create_factory
  @Cost.create_factory
/data/MLLM/wzh/agent/paper/infiAgent/workspace/cap-x/.venv-libero/lib/python3.12/site-packages/typing_extensions.py:3004: DeprecationWarning: Cost.create_factory is deprecated, use Cost.factory instead
  return arg(*args, **kwargs)
/data/MLLM/wzh/agent/paper/infiAgent/workspace/cap-x/capx/integrations/motion/pyroki_snippets/_solve_ik_vel_cost.py:16: DeprecationWarning: Use Cost.factory instead of Cost.create_factory
  @Cost.create_factory
/data/MLLM/wzh/agent/paper/infiAgent/workspace/cap-x/.venv-libero/lib/python3.12/site-packages/typing_extensions.py:3004: DeprecationWarning: Cost.create_factory is deprecated, use Cost.factory instead
  return arg(*args, **kwargs)
/data/MLLM/wzh/agent/paper/infiAgent/workspace/cap-x/capx/integrations/motion/pyroki_snippets/_solve_ik_vel_cost.py:16: DeprecationWarning: Use Cost.factory instead of Cost.create_factory
  @Cost.create_factory
/data/MLLM/wzh/agent/paper/infiAgent/workspace/cap-x/.venv-libero/lib/python3.12/site-packages/typing_extensions.py:3004: DeprecationWarning: Cost.create_factory is deprecated, use Cost.factory instead
  return arg(*args, **kwargs)
/data/MLLM/wzh/agent/paper/infiAgent/workspace/cap-x/capx/third_party/sam3/sam3/model_builder.py:8: DeprecationWarning: pkg_resources is deprecated as an API. See https://setuptools.pypa.io/en/latest/pkg_resources.html
  import pkg_resources
INFO:pyroki_server:Loading robot URDF 'panda_description' with Pyroki...
INFO:jax._src.xla_bridge:Unable to initialize backend 'cuda': 
INFO:jax._src.xla_bridge:Unable to initialize backend 'rocm': module 'jaxlib.xla_extension' has no attribute 'GpuAllocatorConfig'
INFO:jax._src.xla_bridge:Unable to initialize backend 'tpu': INTERNAL: Failed to open libtpu.so: libtpu.so: cannot open shared object file: No such file or directory
WARNING:jax._src.xla_bridge:An NVIDIA GPU may be present on this machine, but a CUDA-enabled jaxlib is not installed. Falling back to cpu.
INFO:capx.serving.launch_contact_graspnet_server:Loading GraspNet config from /data/MLLM/wzh/agent/paper/infiAgent/workspace/cap-x/capx/third_party/contact_graspnet_pytorch/checkpoints/contact_graspnet/checkpoints
INFO:capx.serving.launch_contact_graspnet_server:Building GraspNet model...
2026-07-31 15:19:45.356 | INFO     | pyroki.collision._robot_collision:from_sphere_decomposition:187 - Created RobotCollision (sphere mode) with 13 links, 41 total spheres, and 626 active pairs.
INFO:pyroki_server:PyRoki loaded and ready!
/data/MLLM/wzh/agent/paper/infiAgent/workspace/cap-x/.venv-libero/lib/python3.12/site-packages/websockets/legacy/__init__.py:6: DeprecationWarning: websockets.legacy is deprecated; see https://websockets.readthedocs.io/en/stable/howto/upgrade.html for upgrade instructions
  warnings.warn(  # deprecated in 14.0 - 2024-11-09
/data/MLLM/wzh/agent/paper/infiAgent/workspace/cap-x/.venv-libero/lib/python3.12/site-packages/uvicorn/protocols/websockets/websockets_impl.py:17: DeprecationWarning: websockets.server.WebSocketServerProtocol is deprecated
  from websockets.server import WebSocketServerProtocol
INFO:     Started server process [3880479]
INFO:     Waiting for application startup.
INFO:     Application startup complete.
INFO:     Uvicorn running on http://127.0.0.1:8116 (Press CTRL+C to quit)
INFO:capx.serving.launch_contact_graspnet_server:Loading weights from /data/MLLM/wzh/agent/paper/infiAgent/workspace/cap-x/capx/third_party/contact_graspnet_pytorch/checkpoints/contact_graspnet/checkpoints
INFO:capx.serving.launch_contact_graspnet_server:GraspNet Service initialized on cuda. Starting Uvicorn...
/data/MLLM/wzh/agent/paper/infiAgent/workspace/cap-x/.venv-libero/lib/python3.12/site-packages/websockets/legacy/__init__.py:6: DeprecationWarning: websockets.legacy is deprecated; see https://websockets.readthedocs.io/en/stable/howto/upgrade.html for upgrade instructions
  warnings.warn(  # deprecated in 14.0 - 2024-11-09
/data/MLLM/wzh/agent/paper/infiAgent/workspace/cap-x/.venv-libero/lib/python3.12/site-packages/uvicorn/protocols/websockets/websockets_impl.py:17: DeprecationWarning: websockets.server.WebSocketServerProtocol is deprecated
  from websockets.server import WebSocketServerProtocol
INFO:     Started server process [3880480]
INFO:     Waiting for application startup.
INFO:     Application startup complete.
INFO:     Uvicorn running on http://127.0.0.1:8115 (Press CTRL+C to quit)
/data/MLLM/wzh/agent/paper/infiAgent/workspace/cap-x/.venv-libero/lib/python3.12/site-packages/websockets/legacy/__init__.py:6: DeprecationWarning: websockets.legacy is deprecated; see https://websockets.readthedocs.io/en/stable/howto/upgrade.html for upgrade instructions
  warnings.warn(  # deprecated in 14.0 - 2024-11-09
/data/MLLM/wzh/agent/paper/infiAgent/workspace/cap-x/.venv-libero/lib/python3.12/site-packages/uvicorn/protocols/websockets/websockets_impl.py:17: DeprecationWarning: websockets.server.WebSocketServerProtocol is deprecated
  from websockets.server import WebSocketServerProtocol
INFO:     Started server process [3880481]
INFO:     Waiting for application startup.
INFO:     Application startup complete.
INFO:     Uvicorn running on http://127.0.0.1:8114 (Press CTRL+C to quit)
API server {'_target_': 'capx.serving.launch_sam3_server.main', 'device': 'cuda', 'port': 8114, 'host': '127.0.0.1'} started
API server on 127.0.0.1:8116 is ready
API server on 127.0.0.1:8115 is ready
API server on 127.0.0.1:8114 is ready
[robosuite WARNING] No private macro file found! (__init__.py:7)
[robosuite WARNING] It is recommended to use a private macro file (__init__.py:8)
[robosuite WARNING] To setup, run: python /data/MLLM/wzh/agent/paper/infiAgent/workspace/cap-x/capx/third_party/libero_dependencies/robosuite/robosuite/scripts/setup_macros.py (__init__.py:9)
Traceback (most recent call last):
  File "/data/MLLM/wzh/agent/paper/infiAgent/workspace/cap-x/capx/envs/simulators/__init__.py", line 11, in <module>
    from .robosuite_cube_lift import FrankaRobosuiteCubeLiftLowLevel
  File "/data/MLLM/wzh/agent/paper/infiAgent/workspace/cap-x/capx/envs/simulators/robosuite_cube_lift.py", line 15, in <module>
    from robosuite.controllers.composite.composite_controller_factory import (
ModuleNotFoundError: No module named 'robosuite.controllers.composite'
Gym has been unmaintained since 2022 and does not support NumPy 2.0 amongst other critical functionality.
Please upgrade to Gymnasium, the maintained drop-in replacement of Gym, or contact the authors of your software and request that they upgrade.
See the migration guide at https://gymnasium.farama.org/introduction/migration_guide/ for additional information.
/data/MLLM/wzh/agent/paper/infiAgent/workspace/cap-x/capx/integrations/motion/pyroki_snippets/_solve_ik_vel_cost.py:16: DeprecationWarning: Use Cost.factory instead of Cost.create_factory
  @Cost.create_factory
/data/MLLM/wzh/agent/paper/infiAgent/workspace/cap-x/.venv-libero/lib/python3.12/site-packages/typing_extensions.py:3004: DeprecationWarning: Cost.create_factory is deprecated, use Cost.factory instead
  return arg(*args, **kwargs)
An NVIDIA GPU may be present on this machine, but a CUDA-enabled jaxlib is not installed. Falling back to cpu.
2026-07-31 15:20:19.791 | INFO     | pyroki.collision._robot_collision:from_urdf:95 - Created RobotCollision with 13 links and 66 active self-collision pairs.
`torch_dtype` is deprecated! Use `dtype` instead!
Robosuite not installed!
R1Pro not installed, skipping R1Pro APIs
[info] Applying task order index 0 (permutation: [0, 1, 2, 3, 4, 5, 6, 7, 8, 9]) for benchmark 'libero_10' (10 tasks).
[info] Using default task order for benchmark 'libero_90' (90 tasks).
[info] Applying task order index 0 (permutation: [0, 1, 2, 3, 4, 5, 6, 7, 8, 9]) for benchmark 'libero_object' (10 tasks).
[info] Applying task order index 0 (permutation: [0, 1, 2, 3, 4, 5, 6, 7, 8, 9]) for benchmark 'libero_spatial' (10 tasks).
[info] Applying task order index 0 (permutation: [0, 1, 2, 3, 4, 5, 6, 7, 8, 9]) for benchmark 'libero_goal' (10 tasks).
R1Pro not installed!
[info] Applying task order index 0 (permutation: [0, 1, 2, 3, 4, 5, 6, 7, 8, 9]) for benchmark 'libero_spatial' (10 tasks).
Loaded init states for task 0 in suite libero_spatial
[Molmo] Loading model from /data/MLLM/wzh/model/molmo...
Loading checkpoint shards:   0%|          | 0/8 [00:00<?, ?it/s]Loading checkpoint shards:  12%|█▎        | 1/8 [00:00<00:04,  1.45it/s]Loading checkpoint shards:  25%|██▌       | 2/8 [00:01<00:03,  1.57it/s]Loading checkpoint shards:  38%|███▊      | 3/8 [00:01<00:03,  1.61it/s]Loading checkpoint shards:  50%|█████     | 4/8 [00:02<00:02,  1.63it/s]Loading checkpoint shards:  62%|██████▎   | 5/8 [00:03<00:01,  1.65it/s]Loading checkpoint shards:  75%|███████▌  | 6/8 [00:03<00:01,  1.66it/s]Loading checkpoint shards:  88%|████████▊ | 7/8 [00:04<00:00,  1.71it/s]Loading checkpoint shards: 100%|██████████| 8/8 [00:04<00:00,  1.95it/s]Loading checkpoint shards: 100%|██████████| 8/8 [00:04<00:00,  1.75it/s]
Using a slow image processor as `use_fast` is unset and a slow processor was saved with this model. `use_fast=True` will be the default behavior in v4.52, even if the model was saved with a slow processor. This will result in minor differences in outputs. You'll still be able to use a slow processor with `use_fast=False`.
Robosuite not installed!
R1Pro not installed, skipping R1Pro APIs
[info] Applying task order index 0 (permutation: [0, 1, 2, 3, 4, 5, 6, 7, 8, 9]) for benchmark 'libero_10' (10 tasks).
[info] Using default task order for benchmark 'libero_90' (90 tasks).
[info] Applying task order index 0 (permutation: [0, 1, 2, 3, 4, 5, 6, 7, 8, 9]) for benchmark 'libero_object' (10 tasks).
[info] Applying task order index 0 (permutation: [0, 1, 2, 3, 4, 5, 6, 7, 8, 9]) for benchmark 'libero_spatial' (10 tasks).
[info] Applying task order index 0 (permutation: [0, 1, 2, 3, 4, 5, 6, 7, 8, 9]) for benchmark 'libero_goal' (10 tasks).
R1Pro not installed!
INFO:     127.0.0.1:38602 - "POST /segment_point HTTP/1.1" 200 OK
INFO:     127.0.0.1:38614 - "POST /segment_point HTTP/1.1" 200 OK
INFO:     127.0.0.1:38620 - "POST /segment_point HTTP/1.1" 200 OK
INFO:     127.0.0.1:38634 - "POST /segment_point HTTP/1.1" 200 OK
2026-07-31 15:20:41.166 | INFO     | jaxls._problem:analyze:201 - Building optimization problem with 2 terms and 1 variables: 1 costs, 0 eq_zero, 1 leq_zero, 0 geq_zero
2026-07-31 15:20:41.276 | INFO     | jaxls._problem:analyze:328 - Vectorizing group with 1 costs, 1 variables each: _pose_cost_analytical_jac
2026-07-31 15:20:41.306 | INFO     | jaxls._problem:analyze:320 - Vectorizing constraint group with 1 constraints (constraint_leq_zero), 1 variables each: augmented_limit_residual
2026-07-31 15:21:04.357 | INFO     | jaxls._problem:analyze:201 - Building optimization problem with 3 terms and 1 variables: 3 costs, 0 eq_zero, 0 leq_zero, 0 geq_zero
2026-07-31 15:21:04.375 | INFO     | jaxls._problem:analyze:328 - Vectorizing group with 1 costs, 1 variables each: limit_velocity_cost
2026-07-31 15:21:04.407 | INFO     | jaxls._problem:analyze:328 - Vectorizing group with 1 costs, 1 variables each: _pose_cost_analytical_jac
2026-07-31 15:21:04.420 | INFO     | jaxls._problem:analyze:328 - Vectorizing group with 1 costs, 1 variables each: limit_residual
INFO:     127.0.0.1:46952 - "POST /segment_point HTTP/1.1" 200 OK
INFO:     127.0.0.1:46954 - "POST /segment_point HTTP/1.1" 200 OK
INFO:     127.0.0.1:46956 - "POST /segment_point HTTP/1.1" 200 OK
INFO:     127.0.0.1:46966 - "POST /segment_point HTTP/1.1" 200 OK
INFO:     127.0.0.1:47048 - "POST /segment_point HTTP/1.1" 200 OK
INFO:     127.0.0.1:43272 - "POST /segment_point HTTP/1.1" 200 OK
INFO:     127.0.0.1:43288 - "POST /segment_point HTTP/1.1" 200 OK
INFO:     127.0.0.1:43296 - "POST /segment_point HTTP/1.1" 200 OK
INFO:     127.0.0.1:35882 - "POST /segment_point HTTP/1.1" 200 OK
INFO:     127.0.0.1:35898 - "POST /segment_point HTTP/1.1" 200 OK
INFO:     127.0.0.1:35912 - "POST /segment_point HTTP/1.1" 200 OK
INFO:     127.0.0.1:35920 - "POST /segment_point HTTP/1.1" 200 OK
INFO:     127.0.0.1:49256 - "POST /segment_point HTTP/1.1" 200 OK
INFO:     127.0.0.1:49270 - "POST /segment HTTP/1.1" 200 OK
INFO:     127.0.0.1:55050 - "POST /segment_point HTTP/1.1" 200 OK
INFO:     127.0.0.1:54520 - "POST /segment_point HTTP/1.1" 200 OK
[Molmo] Model loaded successfully.
Generated text for 'Pick the akita black bowl between the plate and the ramekin and place it on the plate': <points coords="1 1 668 599">Pick the akita black bowl between the plate and the ramekin and place it on the plate</points>
Generated text for 'Pick the akita black bowl between the plate and the ramekin and place it on the plate': <points coords="1 1 227 274">Pick the akita black bowl between the plate and the ramekin and place it on the plate</points>
get_object_pose in 6.782355785369873 seconds
Generated text for 'plate': <points coords="1 1 696 739">plate</points>
Generated text for 'plate': <points coords="1 1 233 062">plate</points>
get_object_pose in 4.554480791091919 seconds
Generated text for 'Pick the akita black bowl between the plate and the ramekin and place it on the plate': <points coords="1 1 662 597">Pick the akita black bowl between the plate and the ramekin and place it on the plate</points>
Generated text for 'Pick the akita black bowl between the plate and the ramekin and place it on the plate': <points coords="1 1 512 652">Pick the akita black bowl between the plate and the ramekin and place it on the plate</points>
get_object_pose in 3.6685540676116943 seconds
Generated text for 'plate': <points coords="1 1 689 739">plate</points>
Generated text for 'plate': <points coords="1 1 502 311">plate</points>
get_object_pose in 5.797582387924194 seconds
[info] Applying task order index 0 (permutation: [0, 1, 2, 3, 4, 5, 6, 7, 8, 9]) for benchmark 'libero_spatial' (10 tasks).
Loaded init states for task 0 in suite libero_spatial
Generated text for 'Pick the akita black bowl between the plate and the ramekin and place it on the plate': <points coords="1 1 668 599">Pick the akita black bowl between the plate and the ramekin and place it on the plate</points>
Generated text for 'Pick the akita black bowl between the plate and the ramekin and place it on the plate': <points coords="1 1 227 274">Pick the akita black bowl between the plate and the ramekin and place it on the plate</points>
get_object_pose in 5.0319905281066895 seconds
Generated text for 'plate': <points coords="1 1 696 739">plate</points>
Generated text for 'plate': <points coords="1 1 233 062">plate</points>
get_object_pose in 4.522012948989868 seconds
Generated text for 'Pick the akita black bowl between the plate and the ramekin and place it on the plate': <points coords="1 1 643 511">Pick the akita black bowl between the plate and the ramekin and place it on the plate</points>
Generated text for 'Pick the akita black bowl between the plate and the ramekin and place it on the plate': <points coords="1 1 699 714">Pick the akita black bowl between the plate and the ramekin and place it on the plate</points>
get_object_pose in 3.755199670791626 seconds
Generated text for 'plate': <points coords="1 1 689 741">plate</points>
Generated text for 'plate': <points coords="1 1 502 302">plate</points>
get_object_pose in 9.049352169036865 seconds
Generated text for 'Pick the akita black bowl between the plate and the ramekin and place it on the plate': <points coords="1 1 679 721">Pick the akita black bowl between the plate and the ramekin and place it on the plate</points>
Generated text for 'Pick the akita black bowl between the plate and the ramekin and place it on the plate': There are none.
No points parsed from model output; skipping visualization.
get_object_pose in 10.956397533416748 seconds
Generated text for 'plate': <points coords="1 1 662 786">plate</points>
Generated text for 'plate': <points coords="1 1 496 586">plate</points>
get_object_pose in 4.704094409942627 seconds
An NVIDIA GPU may be present on this machine, but a CUDA-enabled jaxlib is not installed. Falling back to cpu.
2026-07-31 15:23:02.596 | INFO     | pyroki.collision._robot_collision:from_urdf:95 - Created RobotCollision with 13 links and 66 active self-collision pairs.
`torch_dtype` is deprecated! Use `dtype` instead!
[info] Applying task order index 0 (permutation: [0, 1, 2, 3, 4, 5, 6, 7, 8, 9]) for benchmark 'libero_spatial' (10 tasks).
Loaded init states for task 0 in suite libero_spatial
[Molmo] Loading model from /data/MLLM/wzh/model/molmo...
Loading checkpoint shards:   0%|          | 0/8 [00:00<?, ?it/s]Loading checkpoint shards:  12%|█▎        | 1/8 [00:00<00:05,  1.25it/s]Loading checkpoint shards:  25%|██▌       | 2/8 [00:01<00:04,  1.28it/s]Loading checkpoint shards:  38%|███▊      | 3/8 [00:02<00:03,  1.29it/s]Loading checkpoint shards:  50%|█████     | 4/8 [00:03<00:03,  1.30it/s]Loading checkpoint shards:  62%|██████▎   | 5/8 [00:03<00:02,  1.31it/s]Loading checkpoint shards:  75%|███████▌  | 6/8 [00:04<00:01,  1.32it/s]Loading checkpoint shards:  88%|████████▊ | 7/8 [00:05<00:00,  1.37it/s]Loading checkpoint shards: 100%|██████████| 8/8 [00:05<00:00,  1.63it/s]Loading checkpoint shards: 100%|██████████| 8/8 [00:05<00:00,  1.42it/s]
Using a slow image processor as `use_fast` is unset and a slow processor was saved with this model. `use_fast=True` will be the default behavior in v4.52, even if the model was saved with a slow processor. This will result in minor differences in outputs. You'll still be able to use a slow processor with `use_fast=False`.
INFO:     127.0.0.1:55188 - "POST /segment_point HTTP/1.1" 200 OK
INFO:     127.0.0.1:55200 - "POST /segment_point HTTP/1.1" 200 OK
INFO:     127.0.0.1:55210 - "POST /segment_point HTTP/1.1" 200 OK
INFO:     127.0.0.1:49612 - "POST /segment_point HTTP/1.1" 200 OK
2026-07-31 15:23:23.943 | INFO     | jaxls._problem:analyze:201 - Building optimization problem with 2 terms and 1 variables: 1 costs, 0 eq_zero, 1 leq_zero, 0 geq_zero
2026-07-31 15:23:24.057 | INFO     | jaxls._problem:analyze:328 - Vectorizing group with 1 costs, 1 variables each: _pose_cost_analytical_jac
2026-07-31 15:23:24.086 | INFO     | jaxls._problem:analyze:320 - Vectorizing constraint group with 1 constraints (constraint_leq_zero), 1 variables each: augmented_limit_residual
2026-07-31 15:23:47.468 | INFO     | jaxls._problem:analyze:201 - Building optimization problem with 3 terms and 1 variables: 3 costs, 0 eq_zero, 0 leq_zero, 0 geq_zero
2026-07-31 15:23:47.486 | INFO     | jaxls._problem:analyze:328 - Vectorizing group with 1 costs, 1 variables each: limit_velocity_cost
2026-07-31 15:23:47.518 | INFO     | jaxls._problem:analyze:328 - Vectorizing group with 1 costs, 1 variables each: _pose_cost_analytical_jac
2026-07-31 15:23:47.531 | INFO     | jaxls._problem:analyze:328 - Vectorizing group with 1 costs, 1 variables each: limit_residual
INFO:     127.0.0.1:49574 - "POST /segment_point HTTP/1.1" 200 OK
INFO:     127.0.0.1:49578 - "POST /segment_point HTTP/1.1" 200 OK
INFO:     127.0.0.1:49588 - "POST /segment_point HTTP/1.1" 200 OK
INFO:     127.0.0.1:49598 - "POST /segment_point HTTP/1.1" 200 OK
INFO:     127.0.0.1:33900 - "POST /segment_point HTTP/1.1" 200 OK
INFO:     127.0.0.1:59928 - "POST /segment HTTP/1.1" 200 OK
INFO:     127.0.0.1:59932 - "POST /segment_point HTTP/1.1" 200 OK
INFO:     127.0.0.1:38760 - "POST /segment_point HTTP/1.1" 200 OK
INFO:     Shutting down
INFO:     Waiting for application shutdown.
INFO:     Application shutdown complete.
INFO:     Finished server process [3880479]
INFO:     Shutting down
INFO:     Waiting for application shutdown.
INFO:     Application shutdown complete.
INFO:     Finished server process [3880480]
INFO:     Shutting down
INFO:     Waiting for application shutdown.
INFO:     Application shutdown complete.
INFO:     Finished server process [3880481]
[Molmo] Model loaded successfully.
Generated text for 'Pick the akita black bowl between the plate and the ramekin and place it on the plate': <points coords="1 1 668 599">Pick the akita black bowl between the plate and the ramekin and place it on the plate</points>
Generated text for 'Pick the akita black bowl between the plate and the ramekin and place it on the plate': <points coords="1 1 227 274">Pick the akita black bowl between the plate and the ramekin and place it on the plate</points>
get_object_pose in 5.57519268989563 seconds
Generated text for 'plate': <points coords="1 1 696 739">plate</points>
Generated text for 'plate': <points coords="1 1 233 062">plate</points>
get_object_pose in 4.606328248977661 seconds
Generated text for 'Pick the akita black bowl between the plate and the ramekin and place it on the plate': <points coords="1 1 643 511">Pick the akita black bowl between the plate and the ramekin and place it on the plate</points>
Generated text for 'Pick the akita black bowl between the plate and the ramekin and place it on the plate': <points coords="1 1 699 714">Pick the akita black bowl between the plate and the ramekin and place it on the plate</points>
get_object_pose in 3.789479970932007 seconds
Generated text for 'plate': <points coords="1 1 689 741">plate</points>
Generated text for 'plate': <points coords="1 1 502 302">plate</points>
get_object_pose in 9.225149631500244 seconds
Generated text for 'Pick the akita black bowl between the plate and the ramekin and place it on the plate': <points coords="1 1 679 721">Pick the akita black bowl between the plate and the ramekin and place it on the plate</points>
Generated text for 'Pick the akita black bowl between the plate and the ramekin and place it on the plate': There are none.
No points parsed from model output; skipping visualization.
get_object_pose in 10.687845945358276 seconds
Generated text for 'plate': <points coords="1 1 662 786">plate</points>
Generated text for 'plate': <points coords="1 1 496 586">plate</points>
get_object_pose in 4.671404838562012 seconds
CAP-MAS P5.3.1 run: outputs/phase5/P5.3.1_real_smoke_20260731_cleanfix/P5.3.1_online_rehearsal_arbiter/20260731_071956_seed1_68a4da02
CAP-MAS P5.3.1 live winner: sg_pick_akita_black_bowl:policy-1:safety:1
