probe_run_dir=outputs/phase5/P5.5_grasp_probe_object6_20260805/20260805_095806_e00b3f95
[robosuite WARNING] No private macro file found! (__init__.py:7)
[robosuite WARNING] It is recommended to use a private macro file (__init__.py:8)
[robosuite WARNING] To setup, run: python /data/MLLM/wzh/agent/paper/infiAgent/workspace/cap-x/capx/third_party/libero_dependencies/robosuite/robosuite/scripts/setup_macros.py (__init__.py:9)
Robosuite not installed!
Traceback (most recent call last):
  File "/data/MLLM/wzh/agent/paper/infiAgent/workspace/cap-x/capx/envs/simulators/__init__.py", line 11, in <module>
    from .robosuite_cube_lift import FrankaRobosuiteCubeLiftLowLevel
  File "/data/MLLM/wzh/agent/paper/infiAgent/workspace/cap-x/capx/envs/simulators/robosuite_cube_lift.py", line 15, in <module>
    from robosuite.controllers.composite.composite_controller_factory import (
ModuleNotFoundError: No module named 'robosuite.controllers.composite'
Gym has been unmaintained since 2022 and does not support NumPy 2.0 amongst other critical functionality.
Please upgrade to Gymnasium, the maintained drop-in replacement of Gym, or contact the authors of your software and request that they upgrade.
See the migration guide at https://gymnasium.farama.org/introduction/migration_guide/ for additional information.
/data/MLLM/wzh/agent/paper/infiAgent/workspace/cap-x/capx/integrations/motion/pyroki_snippets/_solve_ik_vel_cost.py:17: DeprecationWarning: Use Cost.factory instead of Cost.create_factory
  def limit_velocity_cost(
/data/MLLM/wzh/agent/paper/infiAgent/workspace/cap-x/.venv/lib/python3.10/site-packages/typing_extensions.py:3004: DeprecationWarning: Cost.create_factory is deprecated, use Cost.factory instead
  return arg(*args, **kwargs)
R1Pro not installed, skipping R1Pro APIs
[info] Applying task order index 0 (permutation: [0, 1, 2, 3, 4, 5, 6, 7, 8, 9]) for benchmark 'libero_10' (10 tasks).
[info] Using default task order for benchmark 'libero_90' (90 tasks).
[info] Applying task order index 0 (permutation: [0, 1, 2, 3, 4, 5, 6, 7, 8, 9]) for benchmark 'libero_object' (10 tasks).
[info] Applying task order index 0 (permutation: [0, 1, 2, 3, 4, 5, 6, 7, 8, 9]) for benchmark 'libero_spatial' (10 tasks).
[info] Applying task order index 0 (permutation: [0, 1, 2, 3, 4, 5, 6, 7, 8, 9]) for benchmark 'libero_goal' (10 tasks).
R1Pro not installed!
API server {'_target_': 'capx.serving.launch_pyroki_server.main', 'port': 8116, 'host': '127.0.0.1', 'robot': 'panda_description', 'target_link': 'panda_hand'} started
API server {'_target_': 'capx.serving.launch_contact_graspnet_server.main', 'port': 8115, 'host': '127.0.0.1'} started
API server {'_target_': 'capx.serving.launch_sam3_server.main', 'device': 'cuda', 'port': 8114, 'host': '127.0.0.1'} started
API server on 127.0.0.1:8116 is ready
API server on 127.0.0.1:8115 is ready
API server on 127.0.0.1:8114 is ready
[info] Applying task order index 0 (permutation: [0, 1, 2, 3, 4, 5, 6, 7, 8, 9]) for benchmark 'libero_object' (10 tasks).
Loaded init states for task 6 in suite libero_object
An NVIDIA GPU may be present on this machine, but a CUDA-enabled jaxlib is not installed. Falling back to cpu.
2026-08-05 17:59:17.105 | INFO     | pyroki.collision._robot_collision:from_urdf:95 - Created RobotCollision with 13 links and 66 active self-collision pairs.
[Molmo] Loading model from /data/MLLM/wzh/model/molmo...
`torch_dtype` is deprecated! Use `dtype` instead!
Loading checkpoint shards:   0%|          | 0/8 [00:00<?, ?it/s]Loading checkpoint shards:  12%|#2        | 1/8 [00:00<00:04,  1.48it/s]Loading checkpoint shards:  25%|##5       | 2/8 [00:01<00:03,  1.60it/s]Loading checkpoint shards:  38%|###7      | 3/8 [00:01<00:03,  1.66it/s]Loading checkpoint shards:  50%|#####     | 4/8 [00:02<00:02,  1.67it/s]Loading checkpoint shards:  62%|######2   | 5/8 [00:03<00:01,  1.68it/s]Loading checkpoint shards:  75%|#######5  | 6/8 [00:03<00:01,  1.68it/s]Loading checkpoint shards:  88%|########7 | 7/8 [00:04<00:00,  1.71it/s]Loading checkpoint shards: 100%|##########| 8/8 [00:04<00:00,  2.00it/s]Loading checkpoint shards: 100%|##########| 8/8 [00:04<00:00,  1.78it/s]
[Molmo] Model loaded successfully.
Using a slow image processor as `use_fast` is unset and a slow processor was saved with this model. `use_fast=True` will be the default behavior in v4.52, even if the model was saved with a slow processor. This will result in minor differences in outputs. You'll still be able to use a slow processor with `use_fast=False`.
Generated text for 'Pick the butter and place it in the basket': <points coords="1 1 342 511">Pick the butter and place it in the basket</points>
Generated text for 'Pick the butter and place it in the basket': <points coords="1 1 782 532">Pick the butter and place it in the basket</points>
get_object_pose in 4.9052910804748535 seconds
Generated text for 'basket': <points coords="1 1 699 579">basket</points>
Generated text for 'basket': <points coords="1 1 239 267">basket</points>
get_object_pose in 5.00161600112915 seconds
Generated text for 'Pick the butter and place it in the basket': <points coords="1 1 342 511">Pick the butter and place it in the basket</points>
Generated text for 'Pick the butter and place it in the basket': <points coords="1 1 782 532">Pick the butter and place it in the basket</points>
get_object_pose in 3.1059722900390625 seconds
Generated text for 'basket': <points coords="1 1 699 579">basket</points>
Generated text for 'basket': <points coords="1 1 239 267">basket</points>
get_object_pose in 4.9506425857543945 seconds
Generated text for 'butter': There are none.
No points parsed from model output; skipping visualization.
Generated text for 'butter': <points coords="1 1 782 529">butter</points>
get_object_pose in 3.740797996520996 seconds
Generated text for 'butter': There are none.
No points parsed from model output; skipping visualization.
Generated text for 'butter': <points coords="1 1 782 529">butter</points>
