2026-07-28 10:52:50,050 WARNING No private macro file found!
2026-07-28 10:52:50,050 WARNING It is recommended to use a private macro file
2026-07-28 10:52:50,052 WARNING To setup, run: python /data/MLLM/wzh/agent/paper/infiAgent/workspace/cap-x/capx/third_party/libero_dependencies/robosuite/robosuite/scripts/setup_macros.py
2026-07-28 10:52:50,201 INFO No OpenGL_accelerate module loaded: No module named 'OpenGL_accelerate'
2026-07-28 10:53:15,042 INFO Unable to initialize backend 'cuda': 
2026-07-28 10:53:15,042 INFO Unable to initialize backend 'rocm': module 'jaxlib.xla_extension' has no attribute 'GpuAllocatorConfig'
2026-07-28 10:53:15,044 INFO Unable to initialize backend 'tpu': INTERNAL: Failed to open libtpu.so: libtpu.so: cannot open shared object file: No such file or directory
2026-07-28 10:53:15,046 WARNING An NVIDIA GPU may be present on this machine, but a CUDA-enabled jaxlib is not installed. Falling back to cpu.
2026-07-28 10:53:20,473 INFO snapshot version=1 sequence=1 processing_latency_ms=864.895
2026-07-28 10:53:20,506 INFO snapshot version=2 sequence=2 processing_latency_ms=22.813
2026-07-28 10:53:20,563 INFO snapshot version=3 sequence=3 processing_latency_ms=22.604
2026-07-28 10:53:20,606 INFO snapshot version=4 sequence=4 processing_latency_ms=22.477
2026-07-28 10:53:20,656 INFO snapshot version=5 sequence=5 processing_latency_ms=22.429
2026-07-28 10:53:20,706 INFO snapshot version=6 sequence=6 processing_latency_ms=22.525
2026-07-28 10:53:20,756 INFO snapshot version=7 sequence=7 processing_latency_ms=22.692
2026-07-28 10:53:20,806 INFO snapshot version=8 sequence=8 processing_latency_ms=22.607
2026-07-28 10:53:20,856 INFO snapshot version=9 sequence=9 processing_latency_ms=22.549
2026-07-28 10:53:20,906 INFO snapshot version=10 sequence=10 processing_latency_ms=22.664
2026-07-28 10:53:20,956 INFO snapshot version=11 sequence=11 processing_latency_ms=22.558
2026-07-28 10:53:21,006 INFO snapshot version=12 sequence=12 processing_latency_ms=22.524
2026-07-28 10:53:21,056 INFO snapshot version=13 sequence=13 processing_latency_ms=22.675
2026-07-28 10:53:21,106 INFO snapshot version=14 sequence=14 processing_latency_ms=22.522
2026-07-28 10:53:21,156 INFO snapshot version=15 sequence=15 processing_latency_ms=22.490
2026-07-28 10:53:21,206 INFO snapshot version=16 sequence=16 processing_latency_ms=22.709
2026-07-28 10:53:21,256 INFO snapshot version=17 sequence=17 processing_latency_ms=22.363
2026-07-28 10:53:21,306 INFO snapshot version=18 sequence=18 processing_latency_ms=22.584
2026-07-28 10:53:21,356 INFO snapshot version=19 sequence=19 processing_latency_ms=22.619
2026-07-28 10:53:21,406 INFO snapshot version=20 sequence=20 processing_latency_ms=22.698
