2026-07-28 10:49:52,505 WARNING No private macro file found!
2026-07-28 10:49:52,505 WARNING It is recommended to use a private macro file
2026-07-28 10:49:52,506 WARNING To setup, run: python /data/MLLM/wzh/agent/paper/infiAgent/workspace/cap-x/capx/third_party/libero_dependencies/robosuite/robosuite/scripts/setup_macros.py
2026-07-28 10:49:52,660 INFO No OpenGL_accelerate module loaded: No module named 'OpenGL_accelerate'
2026-07-28 10:50:17,181 INFO Unable to initialize backend 'cuda': 
2026-07-28 10:50:17,181 INFO Unable to initialize backend 'rocm': module 'jaxlib.xla_extension' has no attribute 'GpuAllocatorConfig'
2026-07-28 10:50:17,184 INFO Unable to initialize backend 'tpu': INTERNAL: Failed to open libtpu.so: libtpu.so: cannot open shared object file: No such file or directory
2026-07-28 10:50:17,186 WARNING An NVIDIA GPU may be present on this machine, but a CUDA-enabled jaxlib is not installed. Falling back to cpu.
2026-07-28 10:50:23,040 INFO snapshot version=1 sequence=1 processing_latency_ms=807.541
2026-07-28 10:50:23,131 INFO snapshot version=2 sequence=2 processing_latency_ms=56.799
2026-07-28 10:50:23,222 INFO snapshot version=3 sequence=3 processing_latency_ms=55.478
2026-07-28 10:50:23,314 INFO snapshot version=4 sequence=4 processing_latency_ms=57.172
2026-07-28 10:50:23,405 INFO snapshot version=5 sequence=5 processing_latency_ms=55.876
2026-07-28 10:50:23,496 INFO snapshot version=6 sequence=6 processing_latency_ms=55.462
2026-07-28 10:50:23,594 INFO snapshot version=7 sequence=7 processing_latency_ms=56.508
2026-07-28 10:50:23,687 INFO snapshot version=8 sequence=8 processing_latency_ms=57.662
2026-07-28 10:50:23,777 INFO snapshot version=9 sequence=9 processing_latency_ms=55.375
2026-07-28 10:50:23,869 INFO snapshot version=10 sequence=10 processing_latency_ms=55.829
2026-07-28 10:50:23,959 INFO snapshot version=11 sequence=11 processing_latency_ms=55.392
2026-07-28 10:50:24,049 INFO snapshot version=12 sequence=12 processing_latency_ms=55.552
2026-07-28 10:50:24,144 INFO snapshot version=13 sequence=13 processing_latency_ms=57.364
2026-07-28 10:50:24,235 INFO snapshot version=14 sequence=14 processing_latency_ms=56.013
2026-07-28 10:50:24,326 INFO snapshot version=15 sequence=15 processing_latency_ms=56.048
2026-07-28 10:50:24,418 INFO snapshot version=16 sequence=16 processing_latency_ms=55.379
2026-07-28 10:50:24,508 INFO snapshot version=17 sequence=17 processing_latency_ms=55.564
2026-07-28 10:50:24,602 INFO snapshot version=18 sequence=18 processing_latency_ms=56.648
2026-07-28 10:50:24,696 INFO snapshot version=19 sequence=19 processing_latency_ms=56.342
2026-07-28 10:50:24,790 INFO snapshot version=20 sequence=20 processing_latency_ms=55.840
