2026-07-28 10:57:26,922 WARNING No private macro file found!
2026-07-28 10:57:26,922 WARNING It is recommended to use a private macro file
2026-07-28 10:57:26,923 WARNING To setup, run: python /data/MLLM/wzh/agent/paper/infiAgent/workspace/cap-x/capx/third_party/libero_dependencies/robosuite/robosuite/scripts/setup_macros.py
2026-07-28 10:57:27,075 INFO No OpenGL_accelerate module loaded: No module named 'OpenGL_accelerate'
2026-07-28 10:57:51,626 INFO Unable to initialize backend 'cuda': 
2026-07-28 10:57:51,627 INFO Unable to initialize backend 'rocm': module 'jaxlib.xla_extension' has no attribute 'GpuAllocatorConfig'
2026-07-28 10:57:51,629 INFO Unable to initialize backend 'tpu': INTERNAL: Failed to open libtpu.so: libtpu.so: cannot open shared object file: No such file or directory
2026-07-28 10:57:51,632 WARNING An NVIDIA GPU may be present on this machine, but a CUDA-enabled jaxlib is not installed. Falling back to cpu.
2026-07-28 10:57:57,150 INFO snapshot version=1 sequence=1 processing_latency_ms=751.633
2026-07-28 10:57:57,183 INFO snapshot version=2 sequence=2 processing_latency_ms=22.785
2026-07-28 10:57:57,240 INFO snapshot version=3 sequence=3 processing_latency_ms=23.642
2026-07-28 10:57:57,283 INFO snapshot version=4 sequence=4 processing_latency_ms=22.734
2026-07-28 10:57:57,332 INFO snapshot version=5 sequence=5 processing_latency_ms=22.311
2026-07-28 10:57:57,382 INFO snapshot version=6 sequence=6 processing_latency_ms=22.497
2026-07-28 10:57:57,432 INFO snapshot version=7 sequence=7 processing_latency_ms=22.551
2026-07-28 10:57:57,482 INFO snapshot version=8 sequence=8 processing_latency_ms=22.384
2026-07-28 10:57:57,532 INFO snapshot version=9 sequence=9 processing_latency_ms=22.485
2026-07-28 10:57:57,582 INFO snapshot version=10 sequence=10 processing_latency_ms=22.395
2026-07-28 10:57:57,632 INFO snapshot version=11 sequence=11 processing_latency_ms=22.454
2026-07-28 10:57:57,682 INFO snapshot version=12 sequence=12 processing_latency_ms=22.486
2026-07-28 10:57:57,732 INFO snapshot version=13 sequence=13 processing_latency_ms=22.310
2026-07-28 10:57:57,782 INFO snapshot version=14 sequence=14 processing_latency_ms=22.281
2026-07-28 10:57:57,832 INFO snapshot version=15 sequence=15 processing_latency_ms=22.422
2026-07-28 10:57:57,882 INFO snapshot version=16 sequence=16 processing_latency_ms=22.367
2026-07-28 10:57:57,932 INFO snapshot version=17 sequence=17 processing_latency_ms=22.409
2026-07-28 10:57:57,982 INFO snapshot version=18 sequence=18 processing_latency_ms=22.240
2026-07-28 10:57:58,032 INFO snapshot version=19 sequence=19 processing_latency_ms=22.604
2026-07-28 10:57:58,082 INFO snapshot version=20 sequence=20 processing_latency_ms=22.335
