2026-07-28 10:51:10,913 WARNING No private macro file found!
2026-07-28 10:51:10,913 WARNING It is recommended to use a private macro file
2026-07-28 10:51:10,915 WARNING To setup, run: python /data/MLLM/wzh/agent/paper/infiAgent/workspace/cap-x/capx/third_party/libero_dependencies/robosuite/robosuite/scripts/setup_macros.py
2026-07-28 10:51:11,124 INFO No OpenGL_accelerate module loaded: No module named 'OpenGL_accelerate'
2026-07-28 10:51:35,122 INFO Unable to initialize backend 'cuda': 
2026-07-28 10:51:35,123 INFO Unable to initialize backend 'rocm': module 'jaxlib.xla_extension' has no attribute 'GpuAllocatorConfig'
2026-07-28 10:51:35,125 INFO Unable to initialize backend 'tpu': INTERNAL: Failed to open libtpu.so: libtpu.so: cannot open shared object file: No such file or directory
2026-07-28 10:51:35,127 WARNING An NVIDIA GPU may be present on this machine, but a CUDA-enabled jaxlib is not installed. Falling back to cpu.
2026-07-28 10:51:40,666 INFO snapshot version=1 sequence=1 processing_latency_ms=737.189
2026-07-28 10:51:40,737 INFO snapshot version=2 sequence=2 processing_latency_ms=51.365
2026-07-28 10:51:40,806 INFO snapshot version=3 sequence=3 processing_latency_ms=49.286
2026-07-28 10:51:40,876 INFO snapshot version=4 sequence=4 processing_latency_ms=49.763
2026-07-28 10:51:40,946 INFO snapshot version=5 sequence=5 processing_latency_ms=49.982
2026-07-28 10:51:41,015 INFO snapshot version=6 sequence=6 processing_latency_ms=49.786
2026-07-28 10:51:41,086 INFO snapshot version=7 sequence=7 processing_latency_ms=50.750
2026-07-28 10:51:41,155 INFO snapshot version=8 sequence=8 processing_latency_ms=49.753
2026-07-28 10:51:41,225 INFO snapshot version=9 sequence=9 processing_latency_ms=49.797
2026-07-28 10:51:41,294 INFO snapshot version=10 sequence=10 processing_latency_ms=49.406
2026-07-28 10:51:41,363 INFO snapshot version=11 sequence=11 processing_latency_ms=49.222
2026-07-28 10:51:41,432 INFO snapshot version=12 sequence=12 processing_latency_ms=49.504
2026-07-28 10:51:41,503 INFO snapshot version=13 sequence=13 processing_latency_ms=51.094
2026-07-28 10:51:41,572 INFO snapshot version=14 sequence=14 processing_latency_ms=49.661
2026-07-28 10:51:41,640 INFO snapshot version=15 sequence=15 processing_latency_ms=48.968
2026-07-28 10:51:41,714 INFO snapshot version=16 sequence=16 processing_latency_ms=54.229
2026-07-28 10:51:41,783 INFO snapshot version=17 sequence=17 processing_latency_ms=49.231
2026-07-28 10:51:41,852 INFO snapshot version=18 sequence=18 processing_latency_ms=49.098
2026-07-28 10:51:41,921 INFO snapshot version=19 sequence=19 processing_latency_ms=49.423
2026-07-28 10:51:41,990 INFO snapshot version=20 sequence=20 processing_latency_ms=49.448
