2026-07-28 10:47:23,132 WARNING No private macro file found!
2026-07-28 10:47:23,132 WARNING It is recommended to use a private macro file
2026-07-28 10:47:23,134 WARNING To setup, run: python /data/MLLM/wzh/agent/paper/infiAgent/workspace/cap-x/capx/third_party/libero_dependencies/robosuite/robosuite/scripts/setup_macros.py
2026-07-28 10:47:23,274 INFO No OpenGL_accelerate module loaded: No module named 'OpenGL_accelerate'
2026-07-28 10:47:47,063 INFO Unable to initialize backend 'cuda': 
2026-07-28 10:47:47,064 INFO Unable to initialize backend 'rocm': module 'jaxlib.xla_extension' has no attribute 'GpuAllocatorConfig'
2026-07-28 10:47:47,067 INFO Unable to initialize backend 'tpu': INTERNAL: Failed to open libtpu.so: libtpu.so: cannot open shared object file: No such file or directory
2026-07-28 10:47:47,069 WARNING An NVIDIA GPU may be present on this machine, but a CUDA-enabled jaxlib is not installed. Falling back to cpu.
2026-07-28 10:47:52,868 INFO snapshot version=1 sequence=1 processing_latency_ms=819.237
2026-07-28 10:47:52,965 INFO snapshot version=2 sequence=2 processing_latency_ms=61.390
2026-07-28 10:47:53,059 INFO snapshot version=3 sequence=3 processing_latency_ms=59.782
2026-07-28 10:47:53,153 INFO snapshot version=4 sequence=4 processing_latency_ms=59.765
2026-07-28 10:47:53,249 INFO snapshot version=5 sequence=5 processing_latency_ms=60.886
2026-07-28 10:47:53,344 INFO snapshot version=6 sequence=6 processing_latency_ms=60.155
2026-07-28 10:47:53,439 INFO snapshot version=7 sequence=7 processing_latency_ms=58.994
2026-07-28 10:47:53,535 INFO snapshot version=8 sequence=8 processing_latency_ms=58.747
2026-07-28 10:47:53,680 INFO snapshot version=9 sequence=9 processing_latency_ms=59.122
2026-07-28 10:47:53,804 INFO snapshot version=10 sequence=10 processing_latency_ms=59.535
2026-07-28 10:47:53,898 INFO snapshot version=11 sequence=11 processing_latency_ms=58.363
2026-07-28 10:47:53,993 INFO snapshot version=12 sequence=12 processing_latency_ms=58.686
2026-07-28 10:47:54,089 INFO snapshot version=13 sequence=13 processing_latency_ms=60.226
2026-07-28 10:47:54,184 INFO snapshot version=14 sequence=14 processing_latency_ms=59.579
2026-07-28 10:47:54,278 INFO snapshot version=15 sequence=15 processing_latency_ms=58.811
2026-07-28 10:47:54,374 INFO snapshot version=16 sequence=16 processing_latency_ms=59.530
2026-07-28 10:47:54,471 INFO snapshot version=17 sequence=17 processing_latency_ms=59.206
2026-07-28 10:47:54,572 INFO snapshot version=18 sequence=18 processing_latency_ms=59.653
2026-07-28 10:47:54,679 INFO snapshot version=19 sequence=19 processing_latency_ms=68.391
2026-07-28 10:47:54,777 INFO snapshot version=20 sequence=20 processing_latency_ms=59.804
