[robosuite WARNING] No private macro file found! (macros.py:57)
[robosuite WARNING] It is recommended to use a private macro file (macros.py:58)
[robosuite WARNING] To setup, run: python /data/MLLM/wzh/agent/paper/infiAgent/workspace/cap-x/capx/third_party/robosuite/robosuite/scripts/setup_macros.py (macros.py:59)
[robosuite WARNING] Could not import robosuite_models. Some robots may not be available. If you want to use these robots, please install robosuite_models from source (https://github.com/ARISE-Initiative/robosuite_models) or through pip install. (__init__.py:32)
[robosuite WARNING] Could not load the mink-based whole-body IK. Make sure you install related import properly, otherwise you will not be able to use the default IK controller setting for GR1 robot. (__init__.py:42)
R1Pro not installed, skipping R1Pro APIs
LIBERO not installed!
R1Pro not installed!
API server {'_target_': 'capx.serving.launch_pyroki_server.main', 'port': 8116, 'host': '127.0.0.1', 'robot': 'panda_description', 'target_link': 'panda_hand'} started
API server {'_target_': 'capx.serving.launch_contact_graspnet_server.main', 'port': 8115, 'host': '127.0.0.1'} started
[robosuite WARNING] No private macro file found! (macros.py:57)
[robosuite WARNING] It is recommended to use a private macro file (macros.py:58)
[robosuite WARNING] To setup, run: python /data/MLLM/wzh/agent/paper/infiAgent/workspace/cap-x/capx/third_party/robosuite/robosuite/scripts/setup_macros.py (macros.py:59)
[robosuite WARNING] No private macro file found! (macros.py:57)
[robosuite WARNING] It is recommended to use a private macro file (macros.py:58)
[robosuite WARNING] To setup, run: python /data/MLLM/wzh/agent/paper/infiAgent/workspace/cap-x/capx/third_party/robosuite/robosuite/scripts/setup_macros.py (macros.py:59)
[robosuite WARNING] No private macro file found! (macros.py:57)
[robosuite WARNING] It is recommended to use a private macro file (macros.py:58)
[robosuite WARNING] To setup, run: python /data/MLLM/wzh/agent/paper/infiAgent/workspace/cap-x/capx/third_party/robosuite/robosuite/scripts/setup_macros.py (macros.py:59)
[robosuite WARNING] Could not import robosuite_models. Some robots may not be available. If you want to use these robots, please install robosuite_models from source (https://github.com/ARISE-Initiative/robosuite_models) or through pip install. (__init__.py:32)
[robosuite WARNING] Could not load the mink-based whole-body IK. Make sure you install related import properly, otherwise you will not be able to use the default IK controller setting for GR1 robot. (__init__.py:42)
[robosuite WARNING] Could not import robosuite_models. Some robots may not be available. If you want to use these robots, please install robosuite_models from source (https://github.com/ARISE-Initiative/robosuite_models) or through pip install. (__init__.py:32)
[robosuite WARNING] Could not load the mink-based whole-body IK. Make sure you install related import properly, otherwise you will not be able to use the default IK controller setting for GR1 robot. (__init__.py:42)
[robosuite WARNING] Could not import robosuite_models. Some robots may not be available. If you want to use these robots, please install robosuite_models from source (https://github.com/ARISE-Initiative/robosuite_models) or through pip install. (__init__.py:32)
[robosuite WARNING] Could not load the mink-based whole-body IK. Make sure you install related import properly, otherwise you will not be able to use the default IK controller setting for GR1 robot. (__init__.py:42)
INFO:pyroki_server:Loading robot URDF 'panda_description' with Pyroki...
/data/MLLM/wzh/agent/paper/infiAgent/workspace/cap-x/capx/third_party/sam3/sam3/model_builder.py:8: UserWarning: pkg_resources is deprecated as an API. See https://setuptools.pypa.io/en/latest/pkg_resources.html. The pkg_resources package is slated for removal as early as 2025-11-30. Refrain from using this package or pin to Setuptools<81.
  import pkg_resources
Process SpawnProcess-3:
Traceback (most recent call last):
  File "/data/MLLM/wzh/agent/paper/infiAgent/workspace/cap-x/capx/third_party/sam3/sam3/model/memory.py", line 13, in <module>
    from timm.layers import DropPath
ModuleNotFoundError: No module named 'timm'

During handling of the above exception, another exception occurred:

Traceback (most recent call last):
  File "/data/envs/miniforge3/lib/python3.12/pydoc.py", line 466, in safeimport
    module = importlib.import_module(path)
             ^^^^^^^^^^^^^^^^^^^^^^^^^^^^^
  File "/data/envs/miniforge3/lib/python3.12/importlib/__init__.py", line 90, in import_module
    return _bootstrap._gcd_import(name[level:], package, level)
           ^^^^^^^^^^^^^^^^^^^^^^^^^^^^^^^^^^^^^^^^^^^^^^^^^^^^
  File "<frozen importlib._bootstrap>", line 1387, in _gcd_import
  File "<frozen importlib._bootstrap>", line 1360, in _find_and_load
  File "<frozen importlib._bootstrap>", line 1331, in _find_and_load_unlocked
  File "<frozen importlib._bootstrap>", line 935, in _load_unlocked
  File "<frozen importlib._bootstrap_external>", line 999, in exec_module
  File "<frozen importlib._bootstrap>", line 488, in _call_with_frames_removed
  File "/data/MLLM/wzh/agent/paper/infiAgent/workspace/cap-x/capx/serving/launch_sam3_server.py", line 16, in <module>
    from sam3.model.sam3_image_processor import Sam3Processor
  File "/data/MLLM/wzh/agent/paper/infiAgent/workspace/cap-x/capx/third_party/sam3/sam3/__init__.py", line 5, in <module>
    from .model_builder import build_sam3_image_model
  File "/data/MLLM/wzh/agent/paper/infiAgent/workspace/cap-x/capx/third_party/sam3/sam3/model_builder.py", line 21, in <module>
    from sam3.model.memory import (
  File "/data/MLLM/wzh/agent/paper/infiAgent/workspace/cap-x/capx/third_party/sam3/sam3/model/memory.py", line 16, in <module>
    from timm.models.layers import DropPath
ModuleNotFoundError: No module named 'timm'

During handling of the above exception, another exception occurred:

Traceback (most recent call last):
  File "/data/envs/miniforge3/lib/python3.12/multiprocessing/process.py", line 314, in _bootstrap
    self.run()
  File "/data/envs/miniforge3/lib/python3.12/multiprocessing/process.py", line 108, in run
    self._target(*self._args, **self._kwargs)
  File "/data/MLLM/wzh/agent/paper/infiAgent/workspace/cap-x/capx/envs/configs/instantiate.py", line 187, in instantiate
    cls = locate(cls_name)
          ^^^^^^^^^^^^^^^^
  File "/data/MLLM/wzh/agent/paper/infiAgent/workspace/cap-x/capx/envs/configs/instantiate.py", line 54, in locate
    obj = pydoc.locate(name)
          ^^^^^^^^^^^^^^^^^^
  File "/data/envs/miniforge3/lib/python3.12/pydoc.py", line 1804, in locate
    nextmodule = safeimport('.'.join(parts[:n+1]), forceload)
                 ^^^^^^^^^^^^^^^^^^^^^^^^^^^^^^^^^^^^^^^^^^^^
  File "/data/envs/miniforge3/lib/python3.12/pydoc.py", line 480, in safeimport
    raise ErrorDuringImport(path, err)
pydoc.ErrorDuringImport: problem in capx.serving.launch_sam3_server - ModuleNotFoundError: No module named 'timm'
R1Pro not installed, skipping R1Pro APIs
LIBERO not installed!
R1Pro not installed!
INFO:jax._src.xla_bridge:Unable to initialize backend 'tpu': INTERNAL: Failed to open libtpu.so: libtpu.so: cannot open shared object file: No such file or directory
WARNING:jax._src.xla_bridge:An NVIDIA GPU may be present on this machine, but a CUDA-enabled jaxlib is not installed. Falling back to cpu.
2026-07-31 14:51:15.191 | INFO     | pyroki.collision._robot_collision:from_sphere_decomposition:187 - Created RobotCollision (sphere mode) with 13 links, 41 total spheres, and 626 active pairs.
INFO:pyroki_server:PyRoki loaded and ready!
INFO:     Started server process [3821977]
INFO:     Waiting for application startup.
INFO:     Application startup complete.
INFO:     Uvicorn running on http://127.0.0.1:8116 (Press CTRL+C to quit)
INFO:capx.serving.launch_contact_graspnet_server:Loading GraspNet config from /data/MLLM/wzh/agent/paper/infiAgent/workspace/cap-x/capx/third_party/contact_graspnet_pytorch/checkpoints/contact_graspnet/checkpoints
INFO:capx.serving.launch_contact_graspnet_server:Building GraspNet model...
INFO:capx.serving.launch_contact_graspnet_server:Loading weights from /data/MLLM/wzh/agent/paper/infiAgent/workspace/cap-x/capx/third_party/contact_graspnet_pytorch/checkpoints/contact_graspnet/checkpoints
INFO:capx.serving.launch_contact_graspnet_server:GraspNet Service initialized on cuda. Starting Uvicorn...
INFO:     Started server process [3821978]
INFO:     Waiting for application startup.
INFO:     Application startup complete.
INFO:     Uvicorn running on http://127.0.0.1:8115 (Press CTRL+C to quit)
API server {'_target_': 'capx.serving.launch_sam3_server.main', 'device': 'cuda', 'port': 8114, 'host': '127.0.0.1'} started
API server on 127.0.0.1:8116 is ready
API server on 127.0.0.1:8115 is ready
WARNING: API server on 127.0.0.1:8114 not ready after 120.0s
[robosuite WARNING] No private macro file found! (macros.py:57)
[robosuite WARNING] It is recommended to use a private macro file (macros.py:58)
[robosuite WARNING] To setup, run: python /data/MLLM/wzh/agent/paper/infiAgent/workspace/cap-x/capx/third_party/robosuite/robosuite/scripts/setup_macros.py (macros.py:59)
[robosuite WARNING] Could not import robosuite_models. Some robots may not be available. If you want to use these robots, please install robosuite_models from source (https://github.com/ARISE-Initiative/robosuite_models) or through pip install. (__init__.py:32)
[robosuite WARNING] Could not load the mink-based whole-body IK. Make sure you install related import properly, otherwise you will not be able to use the default IK controller setting for GR1 robot. (__init__.py:42)
R1Pro not installed, skipping R1Pro APIs
LIBERO not installed!
R1Pro not installed!
[robosuite WARNING] No private macro file found! (macros.py:57)
[robosuite WARNING] It is recommended to use a private macro file (macros.py:58)
[robosuite WARNING] To setup, run: python /data/MLLM/wzh/agent/paper/infiAgent/workspace/cap-x/capx/third_party/robosuite/robosuite/scripts/setup_macros.py (macros.py:59)
[robosuite WARNING] Could not import robosuite_models. Some robots may not be available. If you want to use these robots, please install robosuite_models from source (https://github.com/ARISE-Initiative/robosuite_models) or through pip install. (__init__.py:32)
[robosuite WARNING] Could not load the mink-based whole-body IK. Make sure you install related import properly, otherwise you will not be able to use the default IK controller setting for GR1 robot. (__init__.py:42)
R1Pro not installed, skipping R1Pro APIs
LIBERO not installed!
R1Pro not installed!
INFO:     Shutting down
INFO:     Waiting for application shutdown.
INFO:     Application shutdown complete.
INFO:     Finished server process [3821977]
INFO:     Shutting down
INFO:     Waiting for application shutdown.
INFO:     Application shutdown complete.
INFO:     Finished server process [3821978]
Traceback (most recent call last):
  File "/data/envs/miniforge3/lib/python3.12/pydoc.py", line 466, in safeimport
    module = importlib.import_module(path)
             ^^^^^^^^^^^^^^^^^^^^^^^^^^^^^
  File "/data/envs/miniforge3/lib/python3.12/importlib/__init__.py", line 90, in import_module
    return _bootstrap._gcd_import(name[level:], package, level)
           ^^^^^^^^^^^^^^^^^^^^^^^^^^^^^^^^^^^^^^^^^^^^^^^^^^^^
  File "<frozen importlib._bootstrap>", line 1387, in _gcd_import
  File "<frozen importlib._bootstrap>", line 1360, in _find_and_load
  File "<frozen importlib._bootstrap>", line 1331, in _find_and_load_unlocked
  File "<frozen importlib._bootstrap>", line 935, in _load_unlocked
  File "<frozen importlib._bootstrap_external>", line 999, in exec_module
  File "<frozen importlib._bootstrap>", line 488, in _call_with_frames_removed
  File "/data/MLLM/wzh/agent/paper/infiAgent/workspace/cap-x/capx/envs/simulators/libero.py", line 30, in <module>
    from libero import benchmark  # type: ignore[import-not-found]
    ^^^^^^^^^^^^^^^^^^^^^^^^^^^^
ImportError: cannot import name 'benchmark' from 'libero' (unknown location)

During handling of the above exception, another exception occurred:

Traceback (most recent call last):
  File "/data/MLLM/wzh/agent/paper/infiAgent/workspace/cap-mas/scripts/run_libero_p53_online.py", line 562, in <module>
    main()
  File "/data/MLLM/wzh/agent/paper/infiAgent/workspace/cap-mas/scripts/run_libero_p53_online.py", line 529, in main
    outcome = run_online_experiment(
              ^^^^^^^^^^^^^^^^^^^^^^
  File "/data/MLLM/wzh/agent/paper/infiAgent/workspace/cap-mas/scripts/run_libero_p53_online.py", line 217, in run_online_experiment
    physical_result = physical_executor(selected, typed.graphs[physical_candidate_id])
                      ^^^^^^^^^^^^^^^^^^^^^^^^^^^^^^^^^^^^^^^^^^^^^^^^^^^^^^^^^^^^^^^^
  File "/data/MLLM/wzh/agent/paper/infiAgent/workspace/cap-mas/scripts/run_libero_p53_online.py", line 453, in execute
    bundle = build_capx_runtime_from_yaml(
             ^^^^^^^^^^^^^^^^^^^^^^^^^^^^^
  File "/data/MLLM/wzh/agent/paper/infiAgent/workspace/cap-mas/capmas/backends/capx_libero_factory.py", line 187, in build_capx_runtime_from_yaml
    env = instantiate(direct_low_level_cfg)
          ^^^^^^^^^^^^^^^^^^^^^^^^^^^^^^^^^
  File "/data/MLLM/wzh/agent/paper/infiAgent/workspace/cap-mas/capmas/backends/capx_libero_factory.py", line 111, in _default_instantiator
    return instantiate(config)
           ^^^^^^^^^^^^^^^^^^^
  File "/data/MLLM/wzh/agent/paper/infiAgent/workspace/cap-x/capx/envs/configs/instantiate.py", line 187, in instantiate
    cls = locate(cls_name)
          ^^^^^^^^^^^^^^^^
  File "/data/MLLM/wzh/agent/paper/infiAgent/workspace/cap-x/capx/envs/configs/instantiate.py", line 54, in locate
    obj = pydoc.locate(name)
          ^^^^^^^^^^^^^^^^^^
  File "/data/envs/miniforge3/lib/python3.12/pydoc.py", line 1804, in locate
    nextmodule = safeimport('.'.join(parts[:n+1]), forceload)
                 ^^^^^^^^^^^^^^^^^^^^^^^^^^^^^^^^^^^^^^^^^^^^
  File "/data/envs/miniforge3/lib/python3.12/pydoc.py", line 480, in safeimport
    raise ErrorDuringImport(path, err)
pydoc.ErrorDuringImport: problem in capx.envs.simulators.libero - ImportError: cannot import name 'benchmark' from 'libero' (unknown location)
