probe_run_dir=outputs/phase5/P5.5_grasp_probe_object6_20260805/20260805_095338_9ec4890d
[robosuite WARNING] No private macro file found! (__init__.py:7)
[robosuite WARNING] It is recommended to use a private macro file (__init__.py:8)
[robosuite WARNING] To setup, run: python /data/MLLM/wzh/agent/paper/infiAgent/workspace/cap-x/capx/third_party/libero_dependencies/robosuite/robosuite/scripts/setup_macros.py (__init__.py:9)
Robosuite not installed!
Traceback (most recent call last):
  File "/data/MLLM/wzh/agent/paper/infiAgent/workspace/cap-x/capx/envs/simulators/__init__.py", line 11, in <module>
    from .robosuite_cube_lift import FrankaRobosuiteCubeLiftLowLevel
  File "/data/MLLM/wzh/agent/paper/infiAgent/workspace/cap-x/capx/envs/simulators/robosuite_cube_lift.py", line 15, in <module>
    from robosuite.controllers.composite.composite_controller_factory import (
ModuleNotFoundError: No module named 'robosuite.controllers.composite'
Gym has been unmaintained since 2022 and does not support NumPy 2.0 amongst other critical functionality.
Please upgrade to Gymnasium, the maintained drop-in replacement of Gym, or contact the authors of your software and request that they upgrade.
See the migration guide at https://gymnasium.farama.org/introduction/migration_guide/ for additional information.
/data/MLLM/wzh/agent/paper/infiAgent/workspace/cap-x/capx/integrations/motion/pyroki_snippets/_solve_ik_vel_cost.py:17: DeprecationWarning: Use Cost.factory instead of Cost.create_factory
  def limit_velocity_cost(
/data/MLLM/wzh/agent/paper/infiAgent/workspace/cap-x/.venv/lib/python3.10/site-packages/typing_extensions.py:3004: DeprecationWarning: Cost.create_factory is deprecated, use Cost.factory instead
  return arg(*args, **kwargs)
R1Pro not installed, skipping R1Pro APIs
[info] Applying task order index 0 (permutation: [0, 1, 2, 3, 4, 5, 6, 7, 8, 9]) for benchmark 'libero_10' (10 tasks).
[info] Using default task order for benchmark 'libero_90' (90 tasks).
[info] Applying task order index 0 (permutation: [0, 1, 2, 3, 4, 5, 6, 7, 8, 9]) for benchmark 'libero_object' (10 tasks).
[info] Applying task order index 0 (permutation: [0, 1, 2, 3, 4, 5, 6, 7, 8, 9]) for benchmark 'libero_spatial' (10 tasks).
[info] Applying task order index 0 (permutation: [0, 1, 2, 3, 4, 5, 6, 7, 8, 9]) for benchmark 'libero_goal' (10 tasks).
R1Pro not installed!
[info] Applying task order index 0 (permutation: [0, 1, 2, 3, 4, 5, 6, 7, 8, 9]) for benchmark 'libero_object' (10 tasks).
Loaded init states for task 6 in suite libero_object
An NVIDIA GPU may be present on this machine, but a CUDA-enabled jaxlib is not installed. Falling back to cpu.
2026-08-05 17:54:08.719 | INFO     | pyroki.collision._robot_collision:from_urdf:95 - Created RobotCollision with 13 links and 66 active self-collision pairs.
[Molmo] Loading model from /data/MLLM/wzh/model/molmo...
`torch_dtype` is deprecated! Use `dtype` instead!
Loading checkpoint shards:   0%|          | 0/8 [00:00<?, ?it/s]Loading checkpoint shards:  12%|#2        | 1/8 [00:00<00:04,  1.41it/s]Loading checkpoint shards:  25%|##5       | 2/8 [00:01<00:03,  1.52it/s]Loading checkpoint shards:  38%|###7      | 3/8 [00:02<00:03,  1.47it/s]Loading checkpoint shards:  50%|#####     | 4/8 [00:02<00:02,  1.50it/s]Loading checkpoint shards:  62%|######2   | 5/8 [00:03<00:01,  1.51it/s]Loading checkpoint shards:  75%|#######5  | 6/8 [00:03<00:01,  1.52it/s]Loading checkpoint shards:  88%|########7 | 7/8 [00:04<00:00,  1.56it/s]Loading checkpoint shards: 100%|##########| 8/8 [00:04<00:00,  1.84it/s]Loading checkpoint shards: 100%|##########| 8/8 [00:04<00:00,  1.62it/s]
[Molmo] Model loaded successfully.
Using a slow image processor as `use_fast` is unset and a slow processor was saved with this model. `use_fast=True` will be the default behavior in v4.52, even if the model was saved with a slow processor. This will result in minor differences in outputs. You'll still be able to use a slow processor with `use_fast=False`.
Generated text for 'Pick the butter and place it in the basket': <points coords="1 1 342 511">Pick the butter and place it in the basket</points>
Generated text for 'basket': <points coords="1 1 699 579">basket</points>
Generated text for 'Pick the butter and place it in the basket': <points coords="1 1 342 511">Pick the butter and place it in the basket</points>
Generated text for 'basket': <points coords="1 1 699 579">basket</points>
Generated text for 'butter': There are none.
No points parsed from model output; skipping visualization.
Failed to communicate with SAM3 service at http://127.0.0.1:8114: Request to http://127.0.0.1:8114/segment failed after 5 retries / 120.00s. Last error: HTTPConnectionPool(host='127.0.0.1', port=8114): Max retries exceeded with url: /segment (Caused by NewConnectionError("HTTPConnection(host='127.0.0.1', port=8114): Failed to establish a new connection: [Errno 111] Connection refused"))
[segment_sam3_text_prompt] SAM3 returned no results for prompt: 'butter'
