{
  "config_path": "/data/MLLM/wzh/agent/paper/infiAgent/workspace/cap-mas/configs/phase5/capx_libero_object_6_nonprivileged.yaml",
  "seed": 1,
  "target_name": "basket",
  "multiview_false": {
    "count": 5713,
    "min": [
      0.5325240933950698,
      0.1689324365880417,
      0.0012628872294371263
    ],
    "max": [
      0.676097537201604,
      0.3606712931590672,
      0.1227632365259802
    ],
    "mean": [
      0.6633236255857173,
      0.24671748713624347,
      0.05870076671797778
    ],
    "median": [
      0.6706593659468574,
      0.24542297940732063,
      0.05889669769170591
    ],
    "p90": [
      0.67296281959731,
      0.31609669085235964,
      0.10174256290881796
    ],
    "p97": [
      0.6740939927409535,
      0.3281504428760643,
      0.10982267666053722
    ],
    "p99": [
      0.6747616782605382,
      0.33133299969261015,
      0.11225356295456586
    ],
    "obb_center": [
      0.6442411082388644,
      0.23949044398077407,
      0.0691862864978327
    ],
    "obb_extent": [
      0.21204693275383057,
      0.1442675399461759,
      0.1493107477283671
    ],
    "get_object_pose": [
      [
        0.6570846436046375,
        0.2565581617135101,
        0.05960907003874358
      ],
      [
        0.5700984516738757,
        -0.3882533743491596,
        0.6049617822137703,
        -0.3978295046452432
      ]
    ]
  },
  "multiview_true": {
    "count": 16380,
    "min": [
      0.5258254185818411,
      0.1689324365880417,
      -5.216510184280487e-05
    ],
    "max": [
      0.676097537201604,
      0.3606712931590672,
      0.1227632365259802
    ],
    "mean": [
      0.6235174100801577,
      0.20283484526770318,
      0.058185604194285506
    ],
    "median": [
      0.635674100804047,
      0.18027381619289867,
      0.06216955453099712
    ],
    "p90": [
      0.6717435772858465,
      0.2835437853770852,
      0.09542549834272841
    ],
    "p97": [
      0.6730920848567449,
      0.3190049955206887,
      0.10462227418498181
    ],
    "p99": [
      0.674146600669936,
      0.3282781030930382,
      0.1101668877399857
    ],
    "obb_center": [
      0.6339161033204679,
      0.22915410625225419,
      0.05773617479682283
    ],
    "obb_extent": [
      0.22588100758384144,
      0.15137543575236673,
      0.16651046901805638
    ],
    "get_object_pose": [
      [
        0.6375374154121486,
        0.22678307240657614,
        0.062261245709623526
      ],
      [
        -0.4470642459290502,
        0.7925418315898236,
        0.39751591568801536,
        -0.11828821567196018
      ]
    ]
  },
  "physical_body_position_robot_base": [
    -0.0010766996992136975,
    0.25506161419580964,
    -0.0045823453265843445
  ]
}
