[robosuite WARNING] No private macro file found! (macros.py:57)
[robosuite WARNING] It is recommended to use a private macro file (macros.py:58)
[robosuite WARNING] To setup, run: python /data/MLLM/wzh/agent/paper/infiAgent/workspace/cap-x/capx/third_party/robosuite/robosuite/scripts/setup_macros.py (macros.py:59)
[robosuite WARNING] Could not import robosuite_models. Some robots may not be available. If you want to use these robots, please install robosuite_models from source (https://github.com/ARISE-Initiative/robosuite_models) or through pip install. (__init__.py:32)
[robosuite WARNING] Could not load the mink-based whole-body IK. Make sure you install related import properly, otherwise you will not be able to use the default IK controller setting for GR1 robot. (__init__.py:42)
R1Pro not installed, skipping R1Pro APIs
LIBERO not installed!
R1Pro not installed!
API server {'_target_': 'capx.serving.launch_pyroki_server.main', 'port': 8116, 'host': '127.0.0.1', 'robot': 'panda_description', 'target_link': 'panda_hand'} started
API server {'_target_': 'capx.serving.launch_contact_graspnet_server.main', 'port': 8115, 'host': '127.0.0.1'} started
[robosuite WARNING] No private macro file found! (macros.py:57)
[robosuite WARNING] It is recommended to use a private macro file (macros.py:58)
[robosuite WARNING] To setup, run: python /data/MLLM/wzh/agent/paper/infiAgent/workspace/cap-x/capx/third_party/robosuite/robosuite/scripts/setup_macros.py (macros.py:59)
[robosuite WARNING] No private macro file found! (macros.py:57)
[robosuite WARNING] It is recommended to use a private macro file (macros.py:58)
[robosuite WARNING] To setup, run: python /data/MLLM/wzh/agent/paper/infiAgent/workspace/cap-x/capx/third_party/robosuite/robosuite/scripts/setup_macros.py (macros.py:59)
[robosuite WARNING] No private macro file found! (macros.py:57)
[robosuite WARNING] It is recommended to use a private macro file (macros.py:58)
[robosuite WARNING] To setup, run: python /data/MLLM/wzh/agent/paper/infiAgent/workspace/cap-x/capx/third_party/robosuite/robosuite/scripts/setup_macros.py (macros.py:59)
[robosuite WARNING] Could not import robosuite_models. Some robots may not be available. If you want to use these robots, please install robosuite_models from source (https://github.com/ARISE-Initiative/robosuite_models) or through pip install. (__init__.py:32)
[robosuite WARNING] Could not load the mink-based whole-body IK. Make sure you install related import properly, otherwise you will not be able to use the default IK controller setting for GR1 robot. (__init__.py:42)
[robosuite WARNING] Could not import robosuite_models. Some robots may not be available. If you want to use these robots, please install robosuite_models from source (https://github.com/ARISE-Initiative/robosuite_models) or through pip install. (__init__.py:32)
[robosuite WARNING] Could not load the mink-based whole-body IK. Make sure you install related import properly, otherwise you will not be able to use the default IK controller setting for GR1 robot. (__init__.py:42)
[robosuite WARNING] Could not import robosuite_models. Some robots may not be available. If you want to use these robots, please install robosuite_models from source (https://github.com/ARISE-Initiative/robosuite_models) or through pip install. (__init__.py:32)
[robosuite WARNING] Could not load the mink-based whole-body IK. Make sure you install related import properly, otherwise you will not be able to use the default IK controller setting for GR1 robot. (__init__.py:42)
INFO:pyroki_server:Loading robot URDF 'panda_description' with Pyroki...
INFO:jax._src.xla_bridge:Unable to initialize backend 'cuda': 
INFO:jax._src.xla_bridge:Unable to initialize backend 'rocm': module 'jaxlib.xla_extension' has no attribute 'GpuAllocatorConfig'
INFO:jax._src.xla_bridge:Unable to initialize backend 'tpu': INTERNAL: Failed to open libtpu.so: libtpu.so: cannot open shared object file: No such file or directory
WARNING:jax._src.xla_bridge:An NVIDIA GPU may be present on this machine, but a CUDA-enabled jaxlib is not installed. Falling back to cpu.
INFO:capx.serving.launch_contact_graspnet_server:Loading GraspNet config from /data/MLLM/wzh/agent/paper/infiAgent/workspace/cap-x/capx/third_party/contact_graspnet_pytorch/checkpoints/contact_graspnet/checkpoints
INFO:capx.serving.launch_contact_graspnet_server:Building GraspNet model...
2026-07-31 14:56:31.504 | INFO     | pyroki.collision._robot_collision:from_sphere_decomposition:187 - Created RobotCollision (sphere mode) with 13 links, 41 total spheres, and 626 active pairs.
INFO:pyroki_server:PyRoki loaded and ready!
INFO:     Started server process [3844609]
INFO:     Waiting for application startup.
INFO:     Application startup complete.
INFO:     Uvicorn running on http://127.0.0.1:8116 (Press CTRL+C to quit)
INFO:capx.serving.launch_contact_graspnet_server:Loading weights from /data/MLLM/wzh/agent/paper/infiAgent/workspace/cap-x/capx/third_party/contact_graspnet_pytorch/checkpoints/contact_graspnet/checkpoints
INFO:capx.serving.launch_contact_graspnet_server:GraspNet Service initialized on cuda. Starting Uvicorn...
INFO:     Started server process [3844610]
INFO:     Waiting for application startup.
INFO:     Application startup complete.
INFO:     Uvicorn running on http://127.0.0.1:8115 (Press CTRL+C to quit)
INFO:     Started server process [3844611]
INFO:     Waiting for application startup.
INFO:     Application startup complete.
INFO:     Uvicorn running on http://127.0.0.1:8114 (Press CTRL+C to quit)
API server {'_target_': 'capx.serving.launch_sam3_server.main', 'device': 'cuda', 'port': 8114, 'host': '127.0.0.1'} started
API server on 127.0.0.1:8116 is ready
API server on 127.0.0.1:8115 is ready
API server on 127.0.0.1:8114 is ready
[robosuite WARNING] No private macro file found! (macros.py:57)
[robosuite WARNING] It is recommended to use a private macro file (macros.py:58)
[robosuite WARNING] To setup, run: python /data/MLLM/wzh/agent/paper/infiAgent/workspace/cap-x/capx/third_party/robosuite/robosuite/scripts/setup_macros.py (macros.py:59)
[robosuite WARNING] Could not import robosuite_models. Some robots may not be available. If you want to use these robots, please install robosuite_models from source (https://github.com/ARISE-Initiative/robosuite_models) or through pip install. (__init__.py:32)
[robosuite WARNING] Could not load the mink-based whole-body IK. Make sure you install related import properly, otherwise you will not be able to use the default IK controller setting for GR1 robot. (__init__.py:42)
R1Pro not installed, skipping R1Pro APIs
LIBERO not installed!
R1Pro not installed!
[robosuite WARNING] No private macro file found! (macros.py:57)
[robosuite WARNING] It is recommended to use a private macro file (macros.py:58)
[robosuite WARNING] To setup, run: python /data/MLLM/wzh/agent/paper/infiAgent/workspace/cap-x/capx/third_party/robosuite/robosuite/scripts/setup_macros.py (macros.py:59)
[robosuite WARNING] Could not import robosuite_models. Some robots may not be available. If you want to use these robots, please install robosuite_models from source (https://github.com/ARISE-Initiative/robosuite_models) or through pip install. (__init__.py:32)
[robosuite WARNING] Could not load the mink-based whole-body IK. Make sure you install related import properly, otherwise you will not be able to use the default IK controller setting for GR1 robot. (__init__.py:42)
R1Pro not installed, skipping R1Pro APIs
LIBERO not installed!
R1Pro not installed!
INFO:     Shutting down
INFO:     Waiting for application shutdown.
INFO:     Application shutdown complete.
INFO:     Finished server process [3844609]
INFO:     Shutting down
INFO:     Waiting for application shutdown.
INFO:     Application shutdown complete.
INFO:     Finished server process [3844610]
INFO:     Shutting down
INFO:     Waiting for application shutdown.
INFO:     Application shutdown complete.
INFO:     Finished server process [3844611]
Traceback (most recent call last):
  File "/data/envs/miniforge3/envs/wzh_rag2/lib/python3.12/pydoc.py", line 475, in safeimport
    module = importlib.import_module(path)
             ^^^^^^^^^^^^^^^^^^^^^^^^^^^^^
  File "/data/envs/miniforge3/envs/wzh_rag2/lib/python3.12/importlib/__init__.py", line 90, in import_module
    return _bootstrap._gcd_import(name[level:], package, level)
           ^^^^^^^^^^^^^^^^^^^^^^^^^^^^^^^^^^^^^^^^^^^^^^^^^^^^
  File "<frozen importlib._bootstrap>", line 1387, in _gcd_import
  File "<frozen importlib._bootstrap>", line 1360, in _find_and_load
  File "<frozen importlib._bootstrap>", line 1331, in _find_and_load_unlocked
  File "<frozen importlib._bootstrap>", line 935, in _load_unlocked
  File "<frozen importlib._bootstrap_external>", line 999, in exec_module
  File "<frozen importlib._bootstrap>", line 488, in _call_with_frames_removed
  File "/data/MLLM/wzh/agent/paper/infiAgent/workspace/cap-x/capx/envs/simulators/libero.py", line 31, in <module>
    from libero.envs import OffScreenRenderEnv  # type: ignore[import-not-found]
    ^^^^^^^^^^^^^^^^^^^^^^^^^^^^^^^^^^^^^^^^^^
  File "/data/MLLM/wzh/agent/paper/infiAgent/workspace/cap-x/capx/third_party/LIBERO-PRO/libero/libero/envs/__init__.py", line 1, in <module>
    from .bddl_base_domain import TASK_MAPPING
  File "/data/MLLM/wzh/agent/paper/infiAgent/workspace/cap-x/capx/third_party/LIBERO-PRO/libero/libero/envs/bddl_base_domain.py", line 6, in <module>
    from robosuite.environments.manipulation.single_arm_env import SingleArmEnv
ModuleNotFoundError: No module named 'robosuite.environments.manipulation.single_arm_env'

During handling of the above exception, another exception occurred:

Traceback (most recent call last):
  File "/data/MLLM/wzh/agent/paper/infiAgent/workspace/cap-mas/scripts/run_libero_p53_online.py", line 562, in <module>
    main()
  File "/data/MLLM/wzh/agent/paper/infiAgent/workspace/cap-mas/scripts/run_libero_p53_online.py", line 529, in main
    outcome = run_online_experiment(
              ^^^^^^^^^^^^^^^^^^^^^^
  File "/data/MLLM/wzh/agent/paper/infiAgent/workspace/cap-mas/scripts/run_libero_p53_online.py", line 217, in run_online_experiment
    physical_result = physical_executor(selected, typed.graphs[physical_candidate_id])
                      ^^^^^^^^^^^^^^^^^^^^^^^^^^^^^^^^^^^^^^^^^^^^^^^^^^^^^^^^^^^^^^^^
  File "/data/MLLM/wzh/agent/paper/infiAgent/workspace/cap-mas/scripts/run_libero_p53_online.py", line 453, in execute
    bundle = build_capx_runtime_from_yaml(
             ^^^^^^^^^^^^^^^^^^^^^^^^^^^^^
  File "/data/MLLM/wzh/agent/paper/infiAgent/workspace/cap-mas/capmas/backends/capx_libero_factory.py", line 187, in build_capx_runtime_from_yaml
    env = instantiate(direct_low_level_cfg)
          ^^^^^^^^^^^^^^^^^^^^^^^^^^^^^^^^^
  File "/data/MLLM/wzh/agent/paper/infiAgent/workspace/cap-mas/capmas/backends/capx_libero_factory.py", line 111, in _default_instantiator
    return instantiate(config)
           ^^^^^^^^^^^^^^^^^^^
  File "/data/MLLM/wzh/agent/paper/infiAgent/workspace/cap-x/capx/envs/configs/instantiate.py", line 187, in instantiate
    cls = locate(cls_name)
          ^^^^^^^^^^^^^^^^
  File "/data/MLLM/wzh/agent/paper/infiAgent/workspace/cap-x/capx/envs/configs/instantiate.py", line 54, in locate
    obj = pydoc.locate(name)
          ^^^^^^^^^^^^^^^^^^
  File "/data/envs/miniforge3/envs/wzh_rag2/lib/python3.12/pydoc.py", line 1813, in locate
    nextmodule = safeimport('.'.join(parts[:n+1]), forceload)
                 ^^^^^^^^^^^^^^^^^^^^^^^^^^^^^^^^^^^^^^^^^^^^
  File "/data/envs/miniforge3/envs/wzh_rag2/lib/python3.12/pydoc.py", line 489, in safeimport
    raise ErrorDuringImport(path, err)
pydoc.ErrorDuringImport: problem in capx.envs.simulators.libero - ModuleNotFoundError: No module named 'robosuite.environments.manipulation.single_arm_env'
