probe_run_dir=outputs/phase5/P5.5_target_pose_probe_singleview_20260806/20260806_030723_803d2b55
[robosuite WARNING] No private macro file found! (__init__.py:7)
[robosuite WARNING] It is recommended to use a private macro file (__init__.py:8)
[robosuite WARNING] To setup, run: python /data/MLLM/wzh/agent/paper/infiAgent/workspace/cap-x/capx/third_party/libero_dependencies/robosuite/robosuite/scripts/setup_macros.py (__init__.py:9)
Robosuite not installed!
Traceback (most recent call last):
  File "/data/MLLM/wzh/agent/paper/infiAgent/workspace/cap-x/capx/envs/simulators/__init__.py", line 11, in <module>
    from .robosuite_cube_lift import FrankaRobosuiteCubeLiftLowLevel
  File "/data/MLLM/wzh/agent/paper/infiAgent/workspace/cap-x/capx/envs/simulators/robosuite_cube_lift.py", line 15, in <module>
    from robosuite.controllers.composite.composite_controller_factory import (
ModuleNotFoundError: No module named 'robosuite.controllers.composite'
Gym has been unmaintained since 2022 and does not support NumPy 2.0 amongst other critical functionality.
Please upgrade to Gymnasium, the maintained drop-in replacement of Gym, or contact the authors of your software and request that they upgrade.
See the migration guide at https://gymnasium.farama.org/introduction/migration_guide/ for additional information.
/data/MLLM/wzh/agent/paper/infiAgent/workspace/cap-x/capx/integrations/motion/pyroki_snippets/_solve_ik_vel_cost.py:16: DeprecationWarning: Use Cost.factory instead of Cost.create_factory
  @Cost.create_factory
/data/envs/miniforge3/lib/python3.12/site-packages/typing_extensions.py:3004: DeprecationWarning: Cost.create_factory is deprecated, use Cost.factory instead
  return arg(*args, **kwargs)
R1Pro not installed, skipping R1Pro APIs
[info] Applying task order index 0 (permutation: [0, 1, 2, 3, 4, 5, 6, 7, 8, 9]) for benchmark 'libero_10' (10 tasks).
[info] Using default task order for benchmark 'libero_90' (90 tasks).
[info] Applying task order index 0 (permutation: [0, 1, 2, 3, 4, 5, 6, 7, 8, 9]) for benchmark 'libero_object' (10 tasks).
[info] Applying task order index 0 (permutation: [0, 1, 2, 3, 4, 5, 6, 7, 8, 9]) for benchmark 'libero_spatial' (10 tasks).
[info] Applying task order index 0 (permutation: [0, 1, 2, 3, 4, 5, 6, 7, 8, 9]) for benchmark 'libero_goal' (10 tasks).
R1Pro not installed!
API server on 127.0.0.1:8116 already running, skipping
API server on 127.0.0.1:8115 already running, skipping
API server {'_target_': 'capx.serving.launch_sam3_server.main', 'device': 'cuda', 'port': 8114, 'host': '127.0.0.1'} started
API server on 127.0.0.1:8114 is ready
[info] Applying task order index 0 (permutation: [0, 1, 2, 3, 4, 5, 6, 7, 8, 9]) for benchmark 'libero_object' (10 tasks).
Loaded init states for task 6 in suite libero_object
An NVIDIA GPU may be present on this machine, but a CUDA-enabled jaxlib is not installed. Falling back to cpu.
2026-08-06 11:08:19.642 | INFO     | pyroki.collision._robot_collision:from_urdf:95 - Created RobotCollision with 13 links and 66 active self-collision pairs.
[Molmo] Loading model from /data/MLLM/wzh/model/molmo...
`torch_dtype` is deprecated! Use `dtype` instead!
Loading checkpoint shards:   0%|          | 0/8 [00:00<?, ?it/s]Loading checkpoint shards:  12%|#2        | 1/8 [00:00<00:04,  1.53it/s]Loading checkpoint shards:  25%|##5       | 2/8 [00:01<00:03,  1.63it/s]Loading checkpoint shards:  38%|###7      | 3/8 [00:01<00:03,  1.66it/s]Loading checkpoint shards:  50%|#####     | 4/8 [00:02<00:02,  1.64it/s]Loading checkpoint shards:  62%|######2   | 5/8 [00:03<00:01,  1.62it/s]Loading checkpoint shards:  75%|#######5  | 6/8 [00:03<00:01,  1.63it/s]Loading checkpoint shards:  88%|########7 | 7/8 [00:04<00:00,  1.68it/s]Loading checkpoint shards: 100%|##########| 8/8 [00:04<00:00,  1.95it/s]Loading checkpoint shards: 100%|##########| 8/8 [00:04<00:00,  1.75it/s]
[Molmo] Model loaded successfully.
Using a slow image processor as `use_fast` is unset and a slow processor was saved with this model. `use_fast=True` will be the default behavior in v4.52, even if the model was saved with a slow processor. This will result in minor differences in outputs. You'll still be able to use a slow processor with `use_fast=False`.
Generated text for 'butter': There are none.
No points parsed from model output; skipping visualization.
Generated text for 'butter': <points coords="1 1 789 539">butter</points>
get_object_pose in 17.30185341835022 seconds
Generated text for 'basket': <points coords="1 1 699 579">basket</points>
Generated text for 'basket': <points coords="1 1 239 279">basket</points>
get_object_pose in 5.077014207839966 seconds
Generated text for 'butter': There are none.
No points parsed from model output; skipping visualization.
Generated text for 'butter': <points coords="1 1 789 539">butter</points>
get_object_pose in 3.0068747997283936 seconds
Generated text for 'basket': <points coords="1 1 699 579">basket</points>
Generated text for 'basket': <points coords="1 1 239 279">basket</points>
get_object_pose in 4.9660727977752686 seconds
Generated text for 'butter': There are none.
No points parsed from model output; skipping visualization.
get_object_pose in 1.6064212322235107 seconds
2026-08-06 11:09:03.948 | INFO     | jaxls._problem:analyze:237 - Building optimization problem with 2 terms and 1 variables: 1 costs, 0 eq_zero, 1 leq_zero, 0 geq_zero
2026-08-06 11:09:03.974 | INFO     | jaxls._problem:analyze:356 - Vectorizing constraint group with 1 constraints (constraint_leq_zero), 1 variables each: augmented_limit_residual
2026-08-06 11:09:04.068 | INFO     | jaxls._problem:analyze:364 - Vectorizing group with 1 costs, 1 variables each: _pose_cost_analytical_jac
2026-08-06 11:09:04.080 | INFO     | jaxls._problem:analyze:451 - Variable elimination: variable IDs are traced; solves will not use elimination
2026-08-06 11:09:24.743 | INFO     | jaxls._problem:analyze:237 - Building optimization problem with 3 terms and 1 variables: 3 costs, 0 eq_zero, 0 leq_zero, 0 geq_zero
2026-08-06 11:09:24.755 | INFO     | jaxls._problem:analyze:364 - Vectorizing group with 1 costs, 1 variables each: limit_velocity_cost
2026-08-06 11:09:24.765 | INFO     | jaxls._problem:analyze:364 - Vectorizing group with 1 costs, 1 variables each: limit_residual
2026-08-06 11:09:24.781 | INFO     | jaxls._problem:analyze:364 - Vectorizing group with 1 costs, 1 variables each: _pose_cost_analytical_jac
2026-08-06 11:09:24.791 | INFO     | jaxls._problem:analyze:451 - Variable elimination: variable IDs are traced; solves will not use elimination
Generated text for 'basket': <points coords="1 1 699 579">basket</points>
get_object_pose in 1.3239271640777588 seconds
Generated text for 'butter': There are none.
No points parsed from model output; skipping visualization.
Generated text for 'butter': <points coords="1 1 452 686">butter</points>
get_object_pose in 2.9359254837036133 seconds
Generated text for 'basket': <points coords="1 1 779 604">basket</points>
Generated text for 'basket': <points coords="1 1 290 690">basket</points>
get_object_pose in 5.332512855529785 seconds
Generated text for 'butter': There are none.
No points parsed from model output; skipping visualization.
Generated text for 'butter': <points coords="1 1 452 679">butter</points>
get_object_pose in 3.3139045238494873 seconds
Generated text for 'butter': There are none.
No points parsed from model output; skipping visualization.
get_object_pose in 1.6003468036651611 seconds
{"ee_pose": [0.005847659246378537, 0.9981732583685465, -0.017185721805788146, 0.05762466594496583, 0.6927418654346669, 0.2174484655689411, 0.2311926489887567], "grasp_sampler_error": null, "grasp_source": "sample_grasp_pose", "object_pose": [-0.048084883815351656, -0.020252323595524393, 0.998577746397724, 0.010962287019102736, 0.7010770656255684, 0.22495985777311603, 0.013211083268075378], "observed_position_before_sample": [0.48151312766589055, -0.23536563131330934, 0.013210736276193305], "observed_quaternion_before_sample": [-0.04503880142186671, 0.03756587869804766, 0.9982204664686111, -0.010780141340163406], "phase_snapshots": [{"phase": "after_reset", "physics": {"bodies": {"gripper0_eef": {"body_id": 13, "position_xyz": [-0.14846466056582713, 1.1183236220808642e-11, 0.2612794757296384], "quaternion_wxyz": [-0.020086864205833492, 0.7066474389943969, 0.7069956365283396, -0.020076971358323134]}, "gripper0_finger_joint1_tip": {"body_id": 15, "position_xyz": [-0.149088696556779, -0.04722281949646446, 0.24989654463690567], "quaternion_wxyz": [-6.9952995598171475e-06, 0.9995966048795337, 0.0002462128374433603, -0.028400120485876573]}, "gripper0_finger_joint2_tip": {"body_id": 17, "position_xyz": [-0.14913514770297948, 0.047222759422953134, 0.24989918627099028], "quaternion_wxyz": [-6.9952995598171475e-06, 0.9995966048795337, 0.0002462128374433603, -0.028400120485876573]}, "gripper0_leftfinger": {"body_id": 14, "position_xyz": [-0.14591334654653595, -0.038722820528234746, 0.30580644688912334], "quaternion_wxyz": [-6.9952995598171475e-06, 0.9995966048795337, 0.0002462128374433603, -0.028400120485876573]}, "gripper0_right_gripper": {"body_id": 12, "position_xyz": [-0.14295725941261936, 1.0515575689780128e-11, 0.3581230017524842], "quaternion_wxyz": [-0.020086864205833492, 0.7066474389943969, 0.7069956365283396, -0.020076971358323134]}, "gripper0_rightfinger": {"body_id": 16, "position_xyz": [-0.14595143658786922, 0.038722760453952516, 0.305808613034842], "quaternion_wxyz": [-6.9952995598171475e-06, 0.9995966048795337, 0.0002462128374433603, -0.028400120485876573]}, "robot0_base": {"body_id": 2, "position_xyz": [-0.6, 0.0, 0.0], "quaternion_wxyz": [1.0, 0.0, 0.0, 0.0]}}, "body_count": 26, "candidate_types": ["FrankaLiberoEnv", "LiberoHandle", "OffScreenRenderEnv", "NoneType"], "commanded_gripper_fraction": 1.0, "robot0_gripper_qpos": [0.03872920141716299, -0.03872914131494396], "sim_type": "MjSim"}}, {"phase": "after_grasp_approach", "physics": {"bodies": {"gripper0_eef": {"body_id": 13, "position_xyz": [-0.11728892074452303, -0.23579143397039065, 0.020483430708803804], "quaternion_wxyz": [0.001476494901164572, 0.7074078195231648, 0.7068034850031963, 0.0009112780162988455]}, "gripper0_finger_joint1_tip": {"body_id": 15, "position_xyz": [-0.11729193760050619, -0.28429159471335885, 0.009122190033359193], "quaternion_wxyz": [0.0003996686921296913, 0.9999984034612635, -0.0004273290371747951, 0.0016884104218719688]}, "gripper0_finger_joint2_tip": {"body_id": 17, "position_xyz": [-0.11720892710452367, -0.18731749853872215, 0.009044815018699456], "quaternion_wxyz": [0.0003996686921296913, 0.9999984034612635, -0.0004273290371747951, 0.0016884104218719688]}, "gripper0_leftfinger": {"body_id": 14, "position_xyz": [-0.11747374408364793, -0.27574675690241235, 0.06511507076999654], "quaternion_wxyz": [0.0003996686921296913, 0.9999984034612635, -0.0004273290371747951, 0.0016884104218719688]}, "gripper0_right_gripper": {"body_id": 12, "position_xyz": [-0.11761643871015008, -0.2357137583955871, 0.11748284667862931], "quaternion_wxyz": [0.001476494901164572, 0.7074078195231648, 0.7068034850031963, 0.0009112780162988455]}, "gripper0_rightfinger": {"body_id": 16, "position_xyz": [-0.11740528569509565, -0.19577264908803982, 0.06505125993794307], "quaternion_wxyz": [0.0003996686921296913, 0.9999984034612635, -0.0004273290371747951, 0.0016884104218719688]}, "robot0_base": {"body_id": 2, "position_xyz": [-0.6, 0.0, 0.0], "quaternion_wxyz": [1.0, 0.0, 0.0, 0.0]}}, "body_count": 26, "candidate_types": ["FrankaLiberoEnv", "LiberoHandle", "OffScreenRenderEnv", "NoneType"], "commanded_gripper_fraction": 1.0, "robot0_gripper_qpos": [0.039991077104594173, -0.03998313073335932], "sim_type": "MjSim"}}, {"phase": "after_close_gripper", "physics": {"bodies": {"gripper0_eef": {"body_id": 13, "position_xyz": [-0.11779774228427715, -0.23574009681411384, 0.01951498413651749], "quaternion_wxyz": [0.000867748745273602, 0.7074316953390486, 0.706781031085345, 0.00046641158822408626]}, "gripper0_finger_joint1_tip": {"body_id": 15, "position_xyz": [-0.11780215951476661, -0.2639025838629008, 0.00813096250886048], "quaternion_wxyz": [0.00028378822529184295, 0.9999994088950044, -0.0004600891060695389, 0.0009433938190063209]}, "gripper0_finger_joint2_tip": {"body_id": 17, "position_xyz": [-0.11775032960436164, -0.20760939199421996, 0.008099060686650845], "quaternion_wxyz": [0.00028378822529184295, 0.9999994088950044, -0.0004600891060695389, 0.0009433938190063209]}, "gripper0_leftfinger": {"body_id": 14, "position_xyz": [-0.11789997887494873, -0.25537075595509307, 0.06412603679155356], "quaternion_wxyz": [0.00028378822529184295, 0.9999994088950044, -0.0004600891060695389, 0.0009433938190063209]}, "gripper0_right_gripper": {"body_id": 12, "position_xyz": [-0.11798073524681434, -0.235684957726178, 0.11651479585415235], "quaternion_wxyz": [0.000867748745273602, 0.7074316953390486, 0.706781031085345, 0.00046641158822408626]}, "gripper0_rightfinger": {"body_id": 16, "position_xyz": [-0.11786380108752142, -0.21607755415100896, 0.06410376900576295], "quaternion_wxyz": [0.00028378822529184295, 0.9999994088950044, -0.0004600891060695389, 0.0009433938190063209]}, "robot0_base": {"body_id": 2, "position_xyz": [-0.6, 0.0, 0.0], "quaternion_wxyz": [1.0, 0.0, 0.0, 0.0]}}, "body_count": 26, "candidate_types": ["FrankaLiberoEnv", "LiberoHandle", "OffScreenRenderEnv", "NoneType"], "commanded_gripper_fraction": 0.0, "robot0_gripper_qpos": [0.019656016290463457, -0.019637205919111517], "sim_type": "MjSim"}}, {"phase": "after_lift", "physics": {"bodies": {"gripper0_eef": {"body_id": 13, "position_xyz": [-0.11819393568825043, -0.23426225831028397, 0.13395585758620931], "quaternion_wxyz": [-0.0007763402255048984, 0.7056204515960228, 0.7085891784183272, -0.0007428416502601407]}, "gripper0_finger_joint1_tip": {"body_id": 15, "position_xyz": [-0.11810023458453003, -0.2624141145900318, 0.12255442323884749], "quaternion_wxyz": [-2.368706971565609e-05, 0.9999972194024653, 0.002099206867541892, -0.0010742238062091583]}, "gripper0_finger_joint2_tip": {"body_id": 17, "position_xyz": [-0.11833662951962635, -0.20610799778393968, 0.12255734465362231], "quaternion_wxyz": [-2.368706971565609e-05, 0.9999972194024653, 0.002099206867541892, -0.0010742238062091583]}, "gripper0_leftfinger": {"body_id": 14, "position_xyz": [-0.1180156022686319, -0.2539165898953675, 0.17855473494721805], "quaternion_wxyz": [-2.368706971565609e-05, 0.9999972194024653, 0.002099206867541892, -0.0010742238062091583]}, "gripper0_right_gripper": {"body_id": 12, "position_xyz": [-0.11798552720285323, -0.23426641611554083, 0.23095563360974372], "quaternion_wxyz": [-0.0007763402255048984, 0.7056204515960228, 0.7085891784183272, -0.0007428416502601407]}, "gripper0_rightfinger": {"body_id": 16, "position_xyz": [-0.11818062523382876, -0.21461032324343665, 0.1785567743332502], "quaternion_wxyz": [-2.368706971565609e-05, 0.9999972194024653, 0.002099206867541892, -0.0010742238062091583]}, "robot0_base": {"body_id": 2, "position_xyz": [-0.6, 0.0, 0.0], "quaternion_wxyz": [1.0, 0.0, 0.0, 0.0]}}, "body_count": 26, "candidate_types": ["FrankaLiberoEnv", "LiberoHandle", "OffScreenRenderEnv", "NoneType"], "commanded_gripper_fraction": 0.0, "robot0_gripper_qpos": [0.019652605728835138, -0.019654032106190832], "sim_type": "MjSim"}}, {"phase": "before_release", "physics": {"bodies": {"gripper0_eef": {"body_id": 13, "position_xyz": [0.09605725160920998, 0.236087105005778, 0.11623564116978828], "quaternion_wxyz": [0.033892025213951946, 0.7110731448177433, 0.7013620128259616, 0.036299315566770116]}, "gripper0_finger_joint1_tip": {"body_id": 15, "position_xyz": [0.09662700389965014, 0.1947327844831699, 0.10472293042793876], "quaternion_wxyz": [-0.001702211332762684, 0.9987424779561538, -0.006866807284386434, 0.04963277304662442]}, "gripper0_finger_joint2_tip": {"body_id": 17, "position_xyz": [0.09738969066285912, 0.251024908428672, 0.10495272543465983], "quaternion_wxyz": [-0.001702211332762684, 0.9987424779561538, -0.006866807284386434, 0.04963277304662442]}, "gripper0_leftfinger": {"body_id": 14, "position_xyz": [0.09118896725303857, 0.20307969739093035, 0.16048139886404594], "quaternion_wxyz": [-0.001702211332762684, 0.9987424779561538, -0.006866807284386434, 0.04963277304662442]}, "gripper0_right_gripper": {"body_id": 12, "position_xyz": [0.08643833439467549, 0.2358234101028424, 0.21275717709114664], "quaternion_wxyz": [0.033892025213951946, 0.7110731448177433, 0.7013620128259616, 0.036299315566770116]}, "gripper0_rightfinger": {"body_id": 16, "position_xyz": [0.09172134867000818, 0.24237352305566634, 0.16064180362939937], "quaternion_wxyz": [-0.001702211332762684, 0.9987424779561538, -0.006866807284386434, 0.04963277304662442]}, "robot0_base": {"body_id": 2, "position_xyz": [-0.6, 0.0, 0.0], "quaternion_wxyz": [1.0, 0.0, 0.0, 0.0]}}, "body_count": 26, "candidate_types": ["FrankaLiberoEnv", "LiberoHandle", "OffScreenRenderEnv", "NoneType"], "commanded_gripper_fraction": 0.0, "robot0_gripper_qpos": [0.03288929872470942, -0.006408480738709568], "sim_type": "MjSim"}}, {"phase": "after_release", "physics": {"bodies": {"gripper0_eef": {"body_id": 13, "position_xyz": [0.10502951095993061, 0.2159874236767013, 0.12491057559895807], "quaternion_wxyz": [0.04488171156047733, 0.7179672202199294, 0.6936629393630127, 0.036611872546112374]}, "gripper0_finger_joint1_tip": {"body_id": 15, "position_xyz": [0.1046554485330126, 0.1677477333606053, 0.1140534658222818], "quaternion_wxyz": [0.005847659246378543, 0.9981732583685476, -0.01718572180578822, 0.057624665944965896]}, "gripper0_finger_joint2_tip": {"body_id": 17, "position_xyz": [0.1080074753221273, 0.26350442429618787, 0.11312465424762173], "quaternion_wxyz": [0.005847659246378543, 0.9981732583685476, -0.01718572180578822, 0.057624665944965896]}, "gripper0_leftfinger": {"body_id": 14, "position_xyz": [0.09852188330359225, 0.17700678854893953, 0.1695953353856646], "quaternion_wxyz": [0.005847659246378543, 0.9981732583685476, -0.01718572180578822, 0.057624665944965896]}, "gripper0_right_gripper": {"body_id": 12, "position_xyz": [0.09389024352114013, 0.21731191959770374, 0.22125974493363532], "quaternion_wxyz": [0.04488171156047733, 0.7179672202199294, 0.6936629393630127, 0.036611872546112374]}, "gripper0_rightfinger": {"body_id": 16, "position_xyz": [0.10127920598304728, 0.2557746839857121, 0.1688313101015985], "quaternion_wxyz": [0.005847659246378543, 0.9981732583685476, -0.01718572180578822, 0.057624665944965896]}, "robot0_base": {"body_id": 2, "position_xyz": [-0.6, 0.0, 0.0], "quaternion_wxyz": [1.0, 0.0, 0.0, 0.0]}}, "body_count": 26, "candidate_types": ["FrankaLiberoEnv", "LiberoHandle", "OffScreenRenderEnv", "NoneType"], "commanded_gripper_fraction": 1.0, "robot0_gripper_qpos": [0.0396163953144372, -0.039205516954278125], "sim_type": "MjSim"}}], "physics": {"bodies": {"gripper0_eef": {"body_id": 13, "position_xyz": [0.10502951095993061, 0.2159874236767013, 0.12491057559895807], "quaternion_wxyz": [0.04488171156047733, 0.7179672202199294, 0.6936629393630127, 0.036611872546112374]}, "gripper0_finger_joint1_tip": {"body_id": 15, "position_xyz": [0.1046554485330126, 0.1677477333606053, 0.1140534658222818], "quaternion_wxyz": [0.005847659246378543, 0.9981732583685476, -0.01718572180578822, 0.057624665944965896]}, "gripper0_finger_joint2_tip": {"body_id": 17, "position_xyz": [0.1080074753221273, 0.26350442429618787, 0.11312465424762173], "quaternion_wxyz": [0.005847659246378543, 0.9981732583685476, -0.01718572180578822, 0.057624665944965896]}, "gripper0_leftfinger": {"body_id": 14, "position_xyz": [0.09852188330359225, 0.17700678854893953, 0.1695953353856646], "quaternion_wxyz": [0.005847659246378543, 0.9981732583685476, -0.01718572180578822, 0.057624665944965896]}, "gripper0_right_gripper": {"body_id": 12, "position_xyz": [0.09389024352114013, 0.21731191959770374, 0.22125974493363532], "quaternion_wxyz": [0.04488171156047733, 0.7179672202199294, 0.6936629393630127, 0.036611872546112374]}, "gripper0_rightfinger": {"body_id": 16, "position_xyz": [0.10127920598304728, 0.2557746839857121, 0.1688313101015985], "quaternion_wxyz": [0.005847659246378543, 0.9981732583685476, -0.01718572180578822, 0.057624665944965896]}, "robot0_base": {"body_id": 2, "position_xyz": [-0.6, 0.0, 0.0], "quaternion_wxyz": [1.0, 0.0, 0.0, 0.0]}}, "body_count": 26, "candidate_types": ["FrankaLiberoEnv", "LiberoHandle", "OffScreenRenderEnv", "NoneType"], "commanded_gripper_fraction": 1.0, "robot0_gripper_qpos": [0.0396163953144372, -0.039205516954278125], "sim_type": "MjSim"}, "post_get_object_pose": {"False": {"position": [0.702249339736198, 0.2250223334332381, 0.012982376848505114], "quaternion": [-0.041845350474658864, 0.04288683775553253, 0.9981103421742714, -0.013617291791780234]}, "True": {"position": [0.701923214326133, 0.22574020663348152, 0.015952655018422544], "quaternion": [0.007539821855793206, 0.9982292995665608, -0.0584380622877534, -0.008149199303560527]}}, "reports": [{"name": "object_at_target(butter,basket)", "passed": false, "reason": "object-target distance 0.1263m exceeds threshold"}, {"name": "gripper_open()", "passed": true, "reason": null}], "sample_position": [0.48151312766589055, -0.23536563131330934, 0.013210736276193305], "sample_quaternion": [0.0, 1.0, 0.0, 0.0], "target_position": [0.6577977696657524, 0.2567299108365286, 0.05939118562663398], "target_quaternion": [0.41260494157028943, 0.5980992905632397, 0.4037887471761916, 0.5558678336380053], "task_completed": false, "z_approach": 0.05}
probe_results=outputs/phase5/P5.5_target_pose_probe_singleview_20260806/20260806_030723_803d2b55/results.json
