[robosuite WARNING] No private macro file found! (__init__.py:7)
[robosuite WARNING] It is recommended to use a private macro file (__init__.py:8)
[robosuite WARNING] To setup, run: python /data/MLLM/wzh/agent/paper/infiAgent/workspace/cap-x/capx/third_party/libero_dependencies/robosuite/robosuite/scripts/setup_macros.py (__init__.py:9)
Traceback (most recent call last):
  File "/data/MLLM/wzh/agent/paper/infiAgent/workspace/cap-x/capx/envs/simulators/__init__.py", line 11, in <module>
    from .robosuite_cube_lift import FrankaRobosuiteCubeLiftLowLevel
  File "/data/MLLM/wzh/agent/paper/infiAgent/workspace/cap-x/capx/envs/simulators/robosuite_cube_lift.py", line 15, in <module>
    from robosuite.controllers.composite.composite_controller_factory import (
ModuleNotFoundError: No module named 'robosuite.controllers.composite'
Gym has been unmaintained since 2022 and does not support NumPy 2.0 amongst other critical functionality.
Please upgrade to Gymnasium, the maintained drop-in replacement of Gym, or contact the authors of your software and request that they upgrade.
See the migration guide at https://gymnasium.farama.org/introduction/migration_guide/ for additional information.
/data/MLLM/wzh/agent/paper/infiAgent/workspace/cap-x/capx/integrations/motion/pyroki_snippets/_solve_ik_vel_cost.py:16: DeprecationWarning: Use Cost.factory instead of Cost.create_factory
  @Cost.create_factory
/data/MLLM/wzh/agent/paper/infiAgent/workspace/cap-x/.venv-libero/lib/python3.12/site-packages/typing_extensions.py:3004: DeprecationWarning: Cost.create_factory is deprecated, use Cost.factory instead
  return arg(*args, **kwargs)
Robosuite not installed!
R1Pro not installed, skipping R1Pro APIs
[info] Applying task order index 0 (permutation: [0, 1, 2, 3, 4, 5, 6, 7, 8, 9]) for benchmark 'libero_10' (10 tasks).
[info] Using default task order for benchmark 'libero_90' (90 tasks).
[info] Applying task order index 0 (permutation: [0, 1, 2, 3, 4, 5, 6, 7, 8, 9]) for benchmark 'libero_object' (10 tasks).
[info] Applying task order index 0 (permutation: [0, 1, 2, 3, 4, 5, 6, 7, 8, 9]) for benchmark 'libero_spatial' (10 tasks).
[info] Applying task order index 0 (permutation: [0, 1, 2, 3, 4, 5, 6, 7, 8, 9]) for benchmark 'libero_goal' (10 tasks).
R1Pro not installed!
API server {'_target_': 'capx.serving.launch_pyroki_server.main', 'port': 8116, 'host': '127.0.0.1', 'robot': 'panda_description', 'target_link': 'panda_hand'} started
API server {'_target_': 'capx.serving.launch_contact_graspnet_server.main', 'port': 8115, 'host': '127.0.0.1'} started
[robosuite WARNING] No private macro file found! (__init__.py:7)
[robosuite WARNING] It is recommended to use a private macro file (__init__.py:8)
[robosuite WARNING] To setup, run: python /data/MLLM/wzh/agent/paper/infiAgent/workspace/cap-x/capx/third_party/libero_dependencies/robosuite/robosuite/scripts/setup_macros.py (__init__.py:9)
[robosuite WARNING] No private macro file found! (__init__.py:7)
[robosuite WARNING] It is recommended to use a private macro file (__init__.py:8)
[robosuite WARNING] To setup, run: python /data/MLLM/wzh/agent/paper/infiAgent/workspace/cap-x/capx/third_party/libero_dependencies/robosuite/robosuite/scripts/setup_macros.py (__init__.py:9)
[robosuite WARNING] No private macro file found! (__init__.py:7)
[robosuite WARNING] It is recommended to use a private macro file (__init__.py:8)
[robosuite WARNING] To setup, run: python /data/MLLM/wzh/agent/paper/infiAgent/workspace/cap-x/capx/third_party/libero_dependencies/robosuite/robosuite/scripts/setup_macros.py (__init__.py:9)
Traceback (most recent call last):
  File "/data/MLLM/wzh/agent/paper/infiAgent/workspace/cap-x/capx/envs/simulators/__init__.py", line 11, in <module>
    from .robosuite_cube_lift import FrankaRobosuiteCubeLiftLowLevel
  File "/data/MLLM/wzh/agent/paper/infiAgent/workspace/cap-x/capx/envs/simulators/robosuite_cube_lift.py", line 15, in <module>
    from robosuite.controllers.composite.composite_controller_factory import (
ModuleNotFoundError: No module named 'robosuite.controllers.composite'
Traceback (most recent call last):
  File "/data/MLLM/wzh/agent/paper/infiAgent/workspace/cap-x/capx/envs/simulators/__init__.py", line 11, in <module>
    from .robosuite_cube_lift import FrankaRobosuiteCubeLiftLowLevel
  File "/data/MLLM/wzh/agent/paper/infiAgent/workspace/cap-x/capx/envs/simulators/robosuite_cube_lift.py", line 15, in <module>
    from robosuite.controllers.composite.composite_controller_factory import (
ModuleNotFoundError: No module named 'robosuite.controllers.composite'
Traceback (most recent call last):
  File "/data/MLLM/wzh/agent/paper/infiAgent/workspace/cap-x/capx/envs/simulators/__init__.py", line 11, in <module>
    from .robosuite_cube_lift import FrankaRobosuiteCubeLiftLowLevel
  File "/data/MLLM/wzh/agent/paper/infiAgent/workspace/cap-x/capx/envs/simulators/robosuite_cube_lift.py", line 15, in <module>
    from robosuite.controllers.composite.composite_controller_factory import (
ModuleNotFoundError: No module named 'robosuite.controllers.composite'
Gym has been unmaintained since 2022 and does not support NumPy 2.0 amongst other critical functionality.
Please upgrade to Gymnasium, the maintained drop-in replacement of Gym, or contact the authors of your software and request that they upgrade.
See the migration guide at https://gymnasium.farama.org/introduction/migration_guide/ for additional information.
Gym has been unmaintained since 2022 and does not support NumPy 2.0 amongst other critical functionality.
Please upgrade to Gymnasium, the maintained drop-in replacement of Gym, or contact the authors of your software and request that they upgrade.
See the migration guide at https://gymnasium.farama.org/introduction/migration_guide/ for additional information.
Gym has been unmaintained since 2022 and does not support NumPy 2.0 amongst other critical functionality.
Please upgrade to Gymnasium, the maintained drop-in replacement of Gym, or contact the authors of your software and request that they upgrade.
See the migration guide at https://gymnasium.farama.org/introduction/migration_guide/ for additional information.
/data/MLLM/wzh/agent/paper/infiAgent/workspace/cap-x/capx/integrations/motion/pyroki_snippets/_solve_ik_vel_cost.py:16: DeprecationWarning: Use Cost.factory instead of Cost.create_factory
  @Cost.create_factory
/data/MLLM/wzh/agent/paper/infiAgent/workspace/cap-x/.venv-libero/lib/python3.12/site-packages/typing_extensions.py:3004: DeprecationWarning: Cost.create_factory is deprecated, use Cost.factory instead
  return arg(*args, **kwargs)
/data/MLLM/wzh/agent/paper/infiAgent/workspace/cap-x/capx/integrations/motion/pyroki_snippets/_solve_ik_vel_cost.py:16: DeprecationWarning: Use Cost.factory instead of Cost.create_factory
  @Cost.create_factory
/data/MLLM/wzh/agent/paper/infiAgent/workspace/cap-x/.venv-libero/lib/python3.12/site-packages/typing_extensions.py:3004: DeprecationWarning: Cost.create_factory is deprecated, use Cost.factory instead
  return arg(*args, **kwargs)
/data/MLLM/wzh/agent/paper/infiAgent/workspace/cap-x/capx/integrations/motion/pyroki_snippets/_solve_ik_vel_cost.py:16: DeprecationWarning: Use Cost.factory instead of Cost.create_factory
  @Cost.create_factory
/data/MLLM/wzh/agent/paper/infiAgent/workspace/cap-x/.venv-libero/lib/python3.12/site-packages/typing_extensions.py:3004: DeprecationWarning: Cost.create_factory is deprecated, use Cost.factory instead
  return arg(*args, **kwargs)
INFO:pyroki_server:Loading robot URDF 'panda_description' with Pyroki...
/data/MLLM/wzh/agent/paper/infiAgent/workspace/cap-x/capx/third_party/sam3/sam3/model_builder.py:8: DeprecationWarning: pkg_resources is deprecated as an API. See https://setuptools.pypa.io/en/latest/pkg_resources.html
  import pkg_resources
INFO:jax._src.xla_bridge:Unable to initialize backend 'cuda': 
INFO:jax._src.xla_bridge:Unable to initialize backend 'rocm': module 'jaxlib.xla_extension' has no attribute 'GpuAllocatorConfig'
INFO:jax._src.xla_bridge:Unable to initialize backend 'tpu': INTERNAL: Failed to open libtpu.so: libtpu.so: cannot open shared object file: No such file or directory
WARNING:jax._src.xla_bridge:An NVIDIA GPU may be present on this machine, but a CUDA-enabled jaxlib is not installed. Falling back to cpu.
2026-07-29 10:56:55.975 | INFO     | pyroki.collision._robot_collision:from_sphere_decomposition:187 - Created RobotCollision (sphere mode) with 13 links, 41 total spheres, and 626 active pairs.
INFO:pyroki_server:PyRoki loaded and ready!
/data/MLLM/wzh/agent/paper/infiAgent/workspace/cap-x/.venv-libero/lib/python3.12/site-packages/websockets/legacy/__init__.py:6: DeprecationWarning: websockets.legacy is deprecated; see https://websockets.readthedocs.io/en/stable/howto/upgrade.html for upgrade instructions
  warnings.warn(  # deprecated in 14.0 - 2024-11-09
/data/MLLM/wzh/agent/paper/infiAgent/workspace/cap-x/.venv-libero/lib/python3.12/site-packages/uvicorn/protocols/websockets/websockets_impl.py:17: DeprecationWarning: websockets.server.WebSocketServerProtocol is deprecated
  from websockets.server import WebSocketServerProtocol
INFO:     Started server process [2189385]
INFO:     Waiting for application startup.
INFO:     Application startup complete.
INFO:     Uvicorn running on http://127.0.0.1:8116 (Press CTRL+C to quit)
INFO:capx.serving.launch_contact_graspnet_server:Loading GraspNet config from /data/MLLM/wzh/agent/paper/infiAgent/workspace/cap-x/capx/third_party/contact_graspnet_pytorch/checkpoints/contact_graspnet/checkpoints
INFO:capx.serving.launch_contact_graspnet_server:Building GraspNet model...
INFO:capx.serving.launch_contact_graspnet_server:Loading weights from /data/MLLM/wzh/agent/paper/infiAgent/workspace/cap-x/capx/third_party/contact_graspnet_pytorch/checkpoints/contact_graspnet/checkpoints
INFO:capx.serving.launch_contact_graspnet_server:GraspNet Service initialized on cuda. Starting Uvicorn...
/data/MLLM/wzh/agent/paper/infiAgent/workspace/cap-x/.venv-libero/lib/python3.12/site-packages/websockets/legacy/__init__.py:6: DeprecationWarning: websockets.legacy is deprecated; see https://websockets.readthedocs.io/en/stable/howto/upgrade.html for upgrade instructions
  warnings.warn(  # deprecated in 14.0 - 2024-11-09
/data/MLLM/wzh/agent/paper/infiAgent/workspace/cap-x/.venv-libero/lib/python3.12/site-packages/uvicorn/protocols/websockets/websockets_impl.py:17: DeprecationWarning: websockets.server.WebSocketServerProtocol is deprecated
  from websockets.server import WebSocketServerProtocol
INFO:     Started server process [2189386]
INFO:     Waiting for application startup.
INFO:     Application startup complete.
INFO:     Uvicorn running on http://127.0.0.1:8115 (Press CTRL+C to quit)
/data/MLLM/wzh/agent/paper/infiAgent/workspace/cap-x/.venv-libero/lib/python3.12/site-packages/websockets/legacy/__init__.py:6: DeprecationWarning: websockets.legacy is deprecated; see https://websockets.readthedocs.io/en/stable/howto/upgrade.html for upgrade instructions
  warnings.warn(  # deprecated in 14.0 - 2024-11-09
/data/MLLM/wzh/agent/paper/infiAgent/workspace/cap-x/.venv-libero/lib/python3.12/site-packages/uvicorn/protocols/websockets/websockets_impl.py:17: DeprecationWarning: websockets.server.WebSocketServerProtocol is deprecated
  from websockets.server import WebSocketServerProtocol
INFO:     Started server process [2189387]
INFO:     Waiting for application startup.
INFO:     Application startup complete.
INFO:     Uvicorn running on http://127.0.0.1:8114 (Press CTRL+C to quit)
An NVIDIA GPU may be present on this machine, but a CUDA-enabled jaxlib is not installed. Falling back to cpu.
2026-07-29 10:57:13.510 | INFO     | pyroki.collision._robot_collision:from_urdf:95 - Created RobotCollision with 13 links and 66 active self-collision pairs.
`torch_dtype` is deprecated! Use `dtype` instead!
API server {'_target_': 'capx.serving.launch_sam3_server.main', 'device': 'cuda', 'port': 8114, 'host': '127.0.0.1'} started
API server on 127.0.0.1:8116 is ready
API server on 127.0.0.1:8115 is ready
API server on 127.0.0.1:8114 is ready
[info] Applying task order index 0 (permutation: [0, 1, 2, 3, 4, 5, 6, 7, 8, 9]) for benchmark 'libero_spatial' (10 tasks).
Loaded init states for task 0 in suite libero_spatial
[Molmo] Loading model from /data/MLLM/wzh/model/molmo...
Loading checkpoint shards:   0%|          | 0/8 [00:00<?, ?it/s]Loading checkpoint shards:  12%|█▎        | 1/8 [00:00<00:05,  1.29it/s]Loading checkpoint shards:  25%|██▌       | 2/8 [00:01<00:04,  1.33it/s]Loading checkpoint shards:  38%|███▊      | 3/8 [00:02<00:03,  1.28it/s]Loading checkpoint shards:  50%|█████     | 4/8 [00:03<00:03,  1.32it/s]Loading checkpoint shards:  62%|██████▎   | 5/8 [00:03<00:02,  1.35it/s]Loading checkpoint shards:  75%|███████▌  | 6/8 [00:04<00:01,  1.37it/s]Loading checkpoint shards:  88%|████████▊ | 7/8 [00:05<00:00,  1.44it/s]Loading checkpoint shards: 100%|██████████| 8/8 [00:05<00:00,  1.69it/s]Loading checkpoint shards: 100%|██████████| 8/8 [00:05<00:00,  1.46it/s]
Using a slow image processor as `use_fast` is unset and a slow processor was saved with this model. `use_fast=True` will be the default behavior in v4.52, even if the model was saved with a slow processor. This will result in minor differences in outputs. You'll still be able to use a slow processor with `use_fast=False`.
Robosuite not installed!
R1Pro not installed, skipping R1Pro APIs
[info] Applying task order index 0 (permutation: [0, 1, 2, 3, 4, 5, 6, 7, 8, 9]) for benchmark 'libero_10' (10 tasks).
[info] Using default task order for benchmark 'libero_90' (90 tasks).
[info] Applying task order index 0 (permutation: [0, 1, 2, 3, 4, 5, 6, 7, 8, 9]) for benchmark 'libero_object' (10 tasks).
[info] Applying task order index 0 (permutation: [0, 1, 2, 3, 4, 5, 6, 7, 8, 9]) for benchmark 'libero_spatial' (10 tasks).
[info] Applying task order index 0 (permutation: [0, 1, 2, 3, 4, 5, 6, 7, 8, 9]) for benchmark 'libero_goal' (10 tasks).
R1Pro not installed!
INFO:     127.0.0.1:55438 - "POST /segment_point HTTP/1.1" 200 OK
INFO:     127.0.0.1:55452 - "POST /segment_point HTTP/1.1" 200 OK
INFO:     127.0.0.1:37470 - "POST /segment_point HTTP/1.1" 200 OK
INFO:     127.0.0.1:37482 - "POST /segment_point HTTP/1.1" 200 OK
INFO:     127.0.0.1:37492 - "POST /segment_point HTTP/1.1" 200 OK
INFO:     127.0.0.1:37508 - "POST /segment_point HTTP/1.1" 200 OK
Robosuite not installed!
R1Pro not installed, skipping R1Pro APIs
[info] Applying task order index 0 (permutation: [0, 1, 2, 3, 4, 5, 6, 7, 8, 9]) for benchmark 'libero_10' (10 tasks).
[info] Using default task order for benchmark 'libero_90' (90 tasks).
[info] Applying task order index 0 (permutation: [0, 1, 2, 3, 4, 5, 6, 7, 8, 9]) for benchmark 'libero_object' (10 tasks).
[info] Applying task order index 0 (permutation: [0, 1, 2, 3, 4, 5, 6, 7, 8, 9]) for benchmark 'libero_spatial' (10 tasks).
[info] Applying task order index 0 (permutation: [0, 1, 2, 3, 4, 5, 6, 7, 8, 9]) for benchmark 'libero_goal' (10 tasks).
R1Pro not installed!
model func:  <module 'contact_graspnet_pytorch.contact_graspnet' from '/data/MLLM/wzh/agent/paper/infiAgent/workspace/cap-x/capx/third_party/contact_graspnet_pytorch/contact_graspnet_pytorch/contact_graspnet.py'>
/data/MLLM/wzh/agent/paper/infiAgent/workspace/cap-x/capx/third_party/contact_graspnet_pytorch/checkpoints/contact_graspnet/checkpoints/model.pt
=> Loading checkpoint from local file...
using local regions
Extracted Region Cube Size:  0.22218006915778798
using local regions
Extracted Region Cube Size:  0.22282037399360038
Generated 11 grasps for object 1
INFO:     127.0.0.1:56112 - "POST /plan_point_clouds HTTP/1.1" 200 OK
2026-07-29 10:57:41.135 | INFO     | jaxls._problem:analyze:201 - Building optimization problem with 2 terms and 1 variables: 1 costs, 0 eq_zero, 1 leq_zero, 0 geq_zero
2026-07-29 10:57:41.257 | INFO     | jaxls._problem:analyze:328 - Vectorizing group with 1 costs, 1 variables each: _pose_cost_analytical_jac
2026-07-29 10:57:41.283 | INFO     | jaxls._problem:analyze:320 - Vectorizing constraint group with 1 constraints (constraint_leq_zero), 1 variables each: augmented_limit_residual
INFO:     127.0.0.1:50408 - "POST /segment_point HTTP/1.1" 200 OK
INFO:     127.0.0.1:50420 - "POST /segment_point HTTP/1.1" 200 OK
INFO:     127.0.0.1:50424 - "POST /segment_point HTTP/1.1" 200 OK
INFO:     127.0.0.1:50440 - "POST /segment HTTP/1.1" 200 OK
[Molmo] Model loaded successfully.
Generated text for 'akita black bowl': <points coords="1 1 732 498">akita black bowl</points>
Generated text for 'akita black bowl': <points coords="1 1 092 542">akita black bowl</points>
get_object_pose in 6.072945594787598 seconds
Generated text for 'plate': <points coords="1 1 696 739">plate</points>
Generated text for 'plate': <points coords="1 1 233 062">plate</points>
get_object_pose in 4.580021381378174 seconds
Generated text for 'akita black bowl': <points coords="1 1 732 498">akita black bowl</points>
Generated text for 'akita black bowl': <points coords="1 1 092 542">akita black bowl</points>
sample_grasp_pose in 5.847864389419556 seconds
Grasp sample position for akita black bowl: [0.43196407 0.3394115  0.01622539]
Grasp sample quaternion wxyz for akita black bowl: [-0.21382846  0.66883988 -0.69491831  0.15498112]
Generated text for 'akita black bowl': <points coords="1 1 732 498">akita black bowl</points>
Generated text for 'akita black bowl': <points coords="1 1 499 777">akita black bowl</points>
get_object_pose in 2.60933518409729 seconds
Generated text for 'plate': <points coords="1 1 692 739">plate</points>
Generated text for 'plate': There are none.
No points parsed from model output; skipping visualization.
get_object_pose in 4.984208106994629 seconds
{'z_approach': 0.0, 'sample_position': [0.4319640676517311, 0.33941150426071387, 0.016225390934334394], 'sample_quaternion': [-0.21382846403825598, 0.668839880285554, -0.6949183091135652, 0.15498111551214677], 'ee_pose': (-0.1851563249276254, 0.8857096097990063, -0.4207258365031029, -0.06500302260473101, 0.3563238590924372, 0.41120568799070184, 0.11171020399899231), 'object_pose': (0.01690640087127528, 0.985461369622234, -0.13225128433159547, 0.10530745645249455, 0.4710092282078751, 0.3247926659951018, 0.024374259724340708), 'reports': [('object_in_gripper(akita black bowl)', False, 'object-gripper distance 0.1681m exceeds threshold'), ('gripper_closed()', True, None)]}
INFO:     127.0.0.1:37664 - "POST /segment_point HTTP/1.1" 200 OK
INFO:     127.0.0.1:37678 - "POST /segment_point HTTP/1.1" 200 OK
INFO:     127.0.0.1:42684 - "POST /segment_point HTTP/1.1" 200 OK
INFO:     127.0.0.1:42686 - "POST /segment_point HTTP/1.1" 200 OK
INFO:     127.0.0.1:42692 - "POST /segment_point HTTP/1.1" 200 OK
INFO:     127.0.0.1:42704 - "POST /segment_point HTTP/1.1" 200 OK
using local regions
Extracted Region Cube Size:  0.22218006915778798
using local regions
Extracted Region Cube Size:  0.21897832084023613
Generated 24 grasps for object 1
INFO:     127.0.0.1:34272 - "POST /plan_point_clouds HTTP/1.1" 200 OK
2026-07-29 10:58:31.886 | INFO     | jaxls._problem:analyze:201 - Building optimization problem with 3 terms and 1 variables: 3 costs, 0 eq_zero, 0 leq_zero, 0 geq_zero
2026-07-29 10:58:31.903 | INFO     | jaxls._problem:analyze:328 - Vectorizing group with 1 costs, 1 variables each: limit_velocity_cost
2026-07-29 10:58:31.938 | INFO     | jaxls._problem:analyze:328 - Vectorizing group with 1 costs, 1 variables each: _pose_cost_analytical_jac
2026-07-29 10:58:31.953 | INFO     | jaxls._problem:analyze:328 - Vectorizing group with 1 costs, 1 variables each: limit_residual
INFO:     127.0.0.1:42758 - "POST /segment_point HTTP/1.1" 200 OK
INFO:     127.0.0.1:60076 - "POST /segment_point HTTP/1.1" 200 OK
INFO:     127.0.0.1:60084 - "POST /segment_point HTTP/1.1" 200 OK
INFO:     127.0.0.1:60092 - "POST /segment_point HTTP/1.1" 200 OK
Generated text for 'akita black bowl': <points coords="1 1 732 498">akita black bowl</points>
Generated text for 'akita black bowl': <points coords="1 1 092 542">akita black bowl</points>
get_object_pose in 3.7348294258117676 seconds
Generated text for 'plate': <points coords="1 1 696 739">plate</points>
Generated text for 'plate': <points coords="1 1 233 062">plate</points>
get_object_pose in 4.5420591831207275 seconds
Generated text for 'akita black bowl': <points coords="1 1 732 498">akita black bowl</points>
Generated text for 'akita black bowl': <points coords="1 1 092 542">akita black bowl</points>
sample_grasp_pose in 5.267286062240601 seconds
Grasp sample position for akita black bowl: [0.42624245 0.31781557 0.02002754]
Grasp sample quaternion wxyz for akita black bowl: [-0.37729748  0.89936394 -0.22088233  0.00145382]
Generated text for 'akita black bowl': <points coords="1 1 732 502">akita black bowl</points>
Generated text for 'akita black bowl': <points coords="1 1 496 432">akita black bowl</points>
get_object_pose in 2.7395570278167725 seconds
Generated text for 'plate': <points coords="1 1 696 739">plate</points>
Generated text for 'plate': <points coords="1 1 940 139">plate</points>
get_object_pose in 5.283245086669922 seconds
{'z_approach': 0.05, 'sample_position': [0.4262424464606581, 0.3178155669289891, 0.02002753926489341], 'sample_quaternion': [-0.37729748093530546, 0.8993639392048176, -0.22088232649656026, 0.0014538154397997494], 'ee_pose': (-0.3602171988317958, 0.9078296627147062, -0.21453471380975497, 0.007983090356653483, 0.3966918703995383, 0.26055983404948124, 0.11689782982971213), 'object_pose': (0.14684079658692928, 0.11883526980376188, 0.9819652219758642, 0.00776285632193356, 0.48172225081673603, 0.3195970479345757, 0.02214513774065746), 'reports': [('object_in_gripper(akita black bowl)', True, None), ('gripper_closed()', True, None)]}
INFO:     127.0.0.1:37616 - "POST /segment_point HTTP/1.1" 200 OK
INFO:     127.0.0.1:37624 - "POST /segment_point HTTP/1.1" 200 OK
INFO:     127.0.0.1:37626 - "POST /segment_point HTTP/1.1" 200 OK
INFO:     127.0.0.1:37630 - "POST /segment_point HTTP/1.1" 200 OK
INFO:     127.0.0.1:37636 - "POST /segment_point HTTP/1.1" 200 OK
INFO:     127.0.0.1:41590 - "POST /segment_point HTTP/1.1" 200 OK
using local regions
Extracted Region Cube Size:  0.22218006915778798
using local regions
Extracted Region Cube Size:  0.2087376447474002
Generated 15 grasps for object 1
INFO:     127.0.0.1:38136 - "POST /plan_point_clouds HTTP/1.1" 200 OK
INFO:     127.0.0.1:60842 - "POST /segment_point HTTP/1.1" 200 OK
INFO:     127.0.0.1:37988 - "POST /segment_point HTTP/1.1" 200 OK
INFO:     127.0.0.1:38000 - "POST /segment_point HTTP/1.1" 200 OK
INFO:     127.0.0.1:38012 - "POST /segment HTTP/1.1" 200 OK
Generated text for 'akita black bowl': <points coords="1 1 732 498">akita black bowl</points>
Generated text for 'akita black bowl': <points coords="1 1 092 542">akita black bowl</points>
get_object_pose in 3.762791395187378 seconds
Generated text for 'plate': <points coords="1 1 696 739">plate</points>
Generated text for 'plate': <points coords="1 1 233 062">plate</points>
get_object_pose in 4.538203001022339 seconds
Generated text for 'akita black bowl': <points coords="1 1 732 498">akita black bowl</points>
Generated text for 'akita black bowl': <points coords="1 1 092 542">akita black bowl</points>
sample_grasp_pose in 5.252365827560425 seconds
Grasp sample position for akita black bowl: [0.51201294 0.34739354 0.01617201]
Grasp sample quaternion wxyz for akita black bowl: [ 0.11055597  0.71988805 -0.53705686 -0.42556845]
Generated text for 'akita black bowl': <points coords="1 1 662 599">akita black bowl</points>
Generated text for 'akita black bowl': <points coords="1 1 749 502">akita black bowl</points>
get_object_pose in 7.826907634735107 seconds
Generated text for 'plate': <points coords="1 1 692 739">plate</points>
Generated text for 'plate': There are none.
No points parsed from model output; skipping visualization.
get_object_pose in 12.323240280151367 seconds
{'z_approach': 0.08, 'sample_position': [0.5120129416184821, 0.3473935448996137, 0.016172009382963745], 'sample_quaternion': [0.11055596828855374, 0.7198880478900371, -0.5370568586294578, -0.4255684515796613], 'ee_pose': (0.027749010176277095, 0.7274714657186809, -0.5626665282887725, -0.3916907414565848, 0.5869317846887435, 0.3214833299579491, 0.09770378056621788), 'object_pose': (-0.008422367844797675, 0.989530267571995, -0.0760044086619205, 0.12240197360637092, 0.6050401295891781, 0.2112428481590379, 0.024122724035335243), 'reports': [('object_in_gripper(akita black bowl)', True, None), ('gripper_closed()', True, None)]}
INFO:     127.0.0.1:44946 - "POST /segment_point HTTP/1.1" 200 OK
INFO:     127.0.0.1:44948 - "POST /segment_point HTTP/1.1" 200 OK
INFO:     127.0.0.1:44950 - "POST /segment_point HTTP/1.1" 200 OK
INFO:     127.0.0.1:44954 - "POST /segment_point HTTP/1.1" 200 OK
INFO:     127.0.0.1:35394 - "POST /segment_point HTTP/1.1" 200 OK
INFO:     127.0.0.1:35402 - "POST /segment_point HTTP/1.1" 200 OK
using local regions
Extracted Region Cube Size:  0.22218006915778798
using local regions
Extracted Region Cube Size:  0.2215448121236966
Generated 12 grasps for object 1
INFO:     127.0.0.1:38974 - "POST /plan_point_clouds HTTP/1.1" 200 OK
INFO:     127.0.0.1:54972 - "POST /segment_point HTTP/1.1" 200 OK
INFO:     127.0.0.1:54978 - "POST /segment_point HTTP/1.1" 200 OK
INFO:     127.0.0.1:54988 - "POST /segment_point HTTP/1.1" 200 OK
INFO:     127.0.0.1:59868 - "POST /segment HTTP/1.1" 200 OK
Generated text for 'akita black bowl': <points coords="1 1 732 498">akita black bowl</points>
Generated text for 'akita black bowl': <points coords="1 1 092 542">akita black bowl</points>
get_object_pose in 3.698836326599121 seconds
Generated text for 'plate': <points coords="1 1 696 739">plate</points>
Generated text for 'plate': <points coords="1 1 233 062">plate</points>
get_object_pose in 4.536019563674927 seconds
Generated text for 'akita black bowl': <points coords="1 1 732 498">akita black bowl</points>
Generated text for 'akita black bowl': <points coords="1 1 092 542">akita black bowl</points>
sample_grasp_pose in 5.228450059890747 seconds
Grasp sample position for akita black bowl: [0.50926219 0.3586915  0.01852235]
Grasp sample quaternion wxyz for akita black bowl: [-0.01116159  0.85638771 -0.41543745 -0.30641023]
Generated text for 'akita black bowl': <points coords="1 1 662 600">akita black bowl</points>
Generated text for 'akita black bowl': <points coords="1 1 615 600">akita black bowl</points>
get_object_pose in 9.138435125350952 seconds
Generated text for 'plate': <points coords="1 1 692 739">plate</points>
Generated text for 'plate': There are none.
No points parsed from model output; skipping visualization.
get_object_pose in 14.402767896652222 seconds
{'z_approach': 0.1, 'sample_position': [0.5092621852662065, 0.3586915016648474, 0.018522345393487655], 'sample_quaternion': [-0.01116158929199551, 0.8563877108159161, -0.41543745387536657, -0.30641023090867], 'ee_pose': (-0.011597914977233531, 0.8587523600570752, -0.41118164368639853, -0.3055151851544119, 0.5665325476637377, 0.3285933550455217, 0.11000282687107044), 'object_pose': (0.1332700600093141, 0.134735923525105, 0.9818218682971696, 0.010542340840936205, 0.6051032981261301, 0.2101089560420796, 0.02483687376102617), 'reports': [('object_in_gripper(akita black bowl)', True, None), ('gripper_closed()', True, None)]}
INFO:     Shutting down
INFO:     Waiting for application shutdown.
INFO:     Application shutdown complete.
INFO:     Finished server process [2189385]
INFO:     Shutting down
INFO:     Waiting for application shutdown.
INFO:     Application shutdown complete.
INFO:     Finished server process [2189386]
INFO:     Shutting down
INFO:     Waiting for application shutdown.
INFO:     Application shutdown complete.
INFO:     Finished server process [2189387]
