probe_run_dir=outputs/debug/place_probe_20260729/20260729_041724_4a60c2cc
[robosuite WARNING] No private macro file found! (__init__.py:7)
[robosuite WARNING] It is recommended to use a private macro file (__init__.py:8)
[robosuite WARNING] To setup, run: python /data/MLLM/wzh/agent/paper/infiAgent/workspace/cap-x/capx/third_party/libero_dependencies/robosuite/robosuite/scripts/setup_macros.py (__init__.py:9)
Robosuite not installed!
Traceback (most recent call last):
  File "/data/MLLM/wzh/agent/paper/infiAgent/workspace/cap-x/capx/envs/simulators/__init__.py", line 11, in <module>
    from .robosuite_cube_lift import FrankaRobosuiteCubeLiftLowLevel
  File "/data/MLLM/wzh/agent/paper/infiAgent/workspace/cap-x/capx/envs/simulators/robosuite_cube_lift.py", line 15, in <module>
    from robosuite.controllers.composite.composite_controller_factory import (
ModuleNotFoundError: No module named 'robosuite.controllers.composite'
Gym has been unmaintained since 2022 and does not support NumPy 2.0 amongst other critical functionality.
Please upgrade to Gymnasium, the maintained drop-in replacement of Gym, or contact the authors of your software and request that they upgrade.
See the migration guide at https://gymnasium.farama.org/introduction/migration_guide/ for additional information.
/data/MLLM/wzh/agent/paper/infiAgent/workspace/cap-x/capx/integrations/motion/pyroki_snippets/_solve_ik_vel_cost.py:16: DeprecationWarning: Use Cost.factory instead of Cost.create_factory
  @Cost.create_factory
/data/MLLM/wzh/agent/paper/infiAgent/workspace/cap-x/.venv-libero/lib/python3.12/site-packages/typing_extensions.py:3004: DeprecationWarning: Cost.create_factory is deprecated, use Cost.factory instead
  return arg(*args, **kwargs)
R1Pro not installed, skipping R1Pro APIs
[info] Applying task order index 0 (permutation: [0, 1, 2, 3, 4, 5, 6, 7, 8, 9]) for benchmark 'libero_10' (10 tasks).
[info] Using default task order for benchmark 'libero_90' (90 tasks).
[info] Applying task order index 0 (permutation: [0, 1, 2, 3, 4, 5, 6, 7, 8, 9]) for benchmark 'libero_object' (10 tasks).
[info] Applying task order index 0 (permutation: [0, 1, 2, 3, 4, 5, 6, 7, 8, 9]) for benchmark 'libero_spatial' (10 tasks).
[info] Applying task order index 0 (permutation: [0, 1, 2, 3, 4, 5, 6, 7, 8, 9]) for benchmark 'libero_goal' (10 tasks).
R1Pro not installed!
API server {'_target_': 'capx.serving.launch_pyroki_server.main', 'port': 8116, 'host': '127.0.0.1', 'robot': 'panda_description', 'target_link': 'panda_hand'} started
API server {'_target_': 'capx.serving.launch_contact_graspnet_server.main', 'port': 8115, 'host': '127.0.0.1'} started
API server {'_target_': 'capx.serving.launch_sam3_server.main', 'device': 'cuda', 'port': 8114, 'host': '127.0.0.1'} started
API server on 127.0.0.1:8116 is ready
API server on 127.0.0.1:8115 is ready
API server on 127.0.0.1:8114 is ready
[info] Applying task order index 0 (permutation: [0, 1, 2, 3, 4, 5, 6, 7, 8, 9]) for benchmark 'libero_spatial' (10 tasks).
Loaded init states for task 0 in suite libero_spatial
An NVIDIA GPU may be present on this machine, but a CUDA-enabled jaxlib is not installed. Falling back to cpu.
2026-07-29 12:18:30.978 | INFO     | pyroki.collision._robot_collision:from_urdf:95 - Created RobotCollision with 13 links and 66 active self-collision pairs.
[Molmo] Loading model from /data/MLLM/wzh/model/molmo...
`torch_dtype` is deprecated! Use `dtype` instead!
Loading checkpoint shards:   0%|          | 0/8 [00:00<?, ?it/s]Loading checkpoint shards:  12%|#2        | 1/8 [00:00<00:04,  1.51it/s]Loading checkpoint shards:  25%|##5       | 2/8 [00:01<00:03,  1.60it/s]Loading checkpoint shards:  38%|###7      | 3/8 [00:01<00:03,  1.65it/s]Loading checkpoint shards:  50%|#####     | 4/8 [00:02<00:02,  1.67it/s]Loading checkpoint shards:  62%|######2   | 5/8 [00:03<00:01,  1.68it/s]Loading checkpoint shards:  75%|#######5  | 6/8 [00:03<00:01,  1.70it/s]Loading checkpoint shards:  88%|########7 | 7/8 [00:04<00:00,  1.74it/s]Loading checkpoint shards: 100%|##########| 8/8 [00:04<00:00,  1.98it/s]Loading checkpoint shards: 100%|##########| 8/8 [00:04<00:00,  1.78it/s]
[Molmo] Model loaded successfully.
Using a slow image processor as `use_fast` is unset and a slow processor was saved with this model. `use_fast=True` will be the default behavior in v4.52, even if the model was saved with a slow processor. This will result in minor differences in outputs. You'll still be able to use a slow processor with `use_fast=False`.
Generated text for 'Pick the akita black bowl between the plate and the ramekin and place it on the plate': <points coords="1 1 668 599">Pick the akita black bowl between the plate and the ramekin and place it on the plate</points>
Generated text for 'Pick the akita black bowl between the plate and the ramekin and place it on the plate': <points coords="1 1 227 274">Pick the akita black bowl between the plate and the ramekin and place it on the plate</points>
get_object_pose in 7.001886367797852 seconds
Generated text for 'plate': <points coords="1 1 696 739">plate</points>
Generated text for 'plate': <points coords="1 1 233 062">plate</points>
get_object_pose in 4.599344253540039 seconds
Generated text for 'Pick the akita black bowl between the plate and the ramekin and place it on the plate': <points coords="1 1 668 599">Pick the akita black bowl between the plate and the ramekin and place it on the plate</points>
Generated text for 'Pick the akita black bowl between the plate and the ramekin and place it on the plate': <points coords="1 1 227 274">Pick the akita black bowl between the plate and the ramekin and place it on the plate</points>
get_object_pose in 5.134606122970581 seconds
Generated text for 'plate': <points coords="1 1 696 739">plate</points>
Generated text for 'plate': <points coords="1 1 233 062">plate</points>
get_object_pose in 4.551055908203125 seconds
Generated text for 'Pick the akita black bowl between the plate and the ramekin and place it on the plate': <points coords="1 1 668 599">Pick the akita black bowl between the plate and the ramekin and place it on the plate</points>
Generated text for 'Pick the akita black bowl between the plate and the ramekin and place it on the plate': <points coords="1 1 227 274">Pick the akita black bowl between the plate and the ramekin and place it on the plate</points>
get_object_pose in 5.090195178985596 seconds
Generated text for 'Pick the akita black bowl between the plate and the ramekin and place it on the plate': <points coords="1 1 668 599">Pick the akita black bowl between the plate and the ramekin and place it on the plate</points>
Generated text for 'Pick the akita black bowl between the plate and the ramekin and place it on the plate': <points coords="1 1 227 274">Pick the akita black bowl between the plate and the ramekin and place it on the plate</points>
sample_grasp_pose in 7.302459716796875 seconds
Grasp sample position for Pick the akita black bowl between the plate and the ramekin and place it on the plate: [0.65355403 0.21763922 0.01304213]
Grasp sample quaternion wxyz for Pick the akita black bowl between the plate and the ramekin and place it on the plate: [-0.1744521   0.73553344 -0.61835233 -0.21493584]
2026-07-29 12:19:18.808 | INFO     | jaxls._problem:analyze:201 - Building optimization problem with 2 terms and 1 variables: 1 costs, 0 eq_zero, 1 leq_zero, 0 geq_zero
2026-07-29 12:19:18.839 | INFO     | jaxls._problem:analyze:320 - Vectorizing constraint group with 1 constraints (constraint_leq_zero), 1 variables each: augmented_limit_residual
2026-07-29 12:19:18.952 | INFO     | jaxls._problem:analyze:328 - Vectorizing group with 1 costs, 1 variables each: _pose_cost_analytical_jac
2026-07-29 12:19:41.972 | INFO     | jaxls._problem:analyze:201 - Building optimization problem with 3 terms and 1 variables: 3 costs, 0 eq_zero, 0 leq_zero, 0 geq_zero
2026-07-29 12:19:42.011 | INFO     | jaxls._problem:analyze:328 - Vectorizing group with 1 costs, 1 variables each: _pose_cost_analytical_jac
2026-07-29 12:19:42.024 | INFO     | jaxls._problem:analyze:328 - Vectorizing group with 1 costs, 1 variables each: limit_residual
2026-07-29 12:19:42.037 | INFO     | jaxls._problem:analyze:328 - Vectorizing group with 1 costs, 1 variables each: limit_velocity_cost
Generated text for 'plate': <points coords="1 1 689 741">plate</points>
Generated text for 'plate': <points coords="1 1 349 382">plate</points>
get_object_pose in 7.14615273475647 seconds
Generated text for 'Pick the akita black bowl between the plate and the ramekin and place it on the plate': <points coords="1 1 652 752">Pick the akita black bowl between the plate and the ramekin and place it on the plate</points>
Generated text for 'Pick the akita black bowl between the plate and the ramekin and place it on the plate': There are none.
No points parsed from model output; skipping visualization.
get_object_pose in 18.580536127090454 seconds
Generated text for 'plate': <points coords="1 1 710 762">plate</points>
Generated text for 'plate': <points coords="1 1 386 676">plate</points>
get_object_pose in 5.510608911514282 seconds
Generated text for 'akita black bowl': <points coords="1 1 652 752">akita black bowl</points>
Generated text for 'akita black bowl': <points coords="1 1 792 592">akita black bowl</points>
get_object_pose in 3.1557648181915283 seconds
Generated text for 'akita black bowl': <points coords="1 1 652 752">akita black bowl</points>
get_object_pose in 1.3586552143096924 seconds
{"ee_pose": [0.008349643475566073, 0.9997631223465531, -0.003131266764120899, 0.019853911910578323, 0.7436320325092125, 0.20261154282522784, 0.13038525786995786], "object_pose": [0.2008015450467945, 0.7005349027308753, 0.6323044064894877, 0.26290821040172896, 0.7805534237680137, 0.16254224620995744, 0.03898898548766845], "observed_position_before_sample": [0.6042697551332045, 0.21123259208814665, 0.020517855980034756], "observed_quaternion_before_sample": [0.08264560983681969, 0.13624055603766433, 0.9872222866082121, -0.0006090068156028947], "physics": {"bodies": {"akita_black_bowl_1_main": {"body_id": 23, "position_xyz": [0.11483543250211732, 0.15684293806523877, 0.9187145558933074], "quaternion_wxyz": [-0.13849257183754507, -0.12553637650784213, 0.03275347520951851, 0.9818287200835003]}, "akita_black_bowl_2_main": {"body_id": 24, "position_xyz": [-0.1922494469065155, 0.32615471937524537, 0.8984070750980836], "quaternion_wxyz": [0.707106783005648, -1.3874755319836434e-05, 1.6673002342848636e-06, 0.7071067792293566]}, "flat_stove_1_burner_plate": {"body_id": 36, "position_xyz": [-0.2617188802436087, -0.1361119968454451, 0.905], "quaternion_wxyz": [1.0, 0.0, 0.0, 0.0]}, "gripper0_eef": {"body_id": 13, "position_xyz": [0.08787416820551328, 0.20081183845063905, 0.935484531263923], "quaternion_wxyz": [0.01994292526711308, 0.7091534233540976, 0.7047251434288696, 0.008134746222987512]}, "gripper0_finger_joint1_tip": {"body_id": 15, "position_xyz": [0.0880090288187648, 0.15252753695117566, 0.9248921763726512], "quaternion_wxyz": [0.008349643475566073, 0.9997631223465528, -0.0031312667641209546, 0.01985391191057832]}, "gripper0_finger_joint2_tip": {"body_id": 17, "position_xyz": [0.08864347178513639, 0.2487479088858333, 0.9232974553959761], "quaternion_wxyz": [0.008349643475566073, 0.9997631223465528, -0.0031312667641209546, 0.01985391191057832]}, "gripper0_leftfinger": {"body_id": 14, "position_xyz": [0.08584488271869913, 0.16196808644267943, 0.9806993667423162], "quaternion_wxyz": [0.008349643475566073, 0.9997631223465528, -0.0031312667641209546, 0.01985391191057832]}, "gripper0_right_gripper": {"body_id": 12, "position_xyz": [0.08402849378924053, 0.20244334615470552, 1.0323945357572444], "quaternion_wxyz": [0.01994292526711308, 0.7091534233540976, 0.7047251434288696, 0.008134746222987512]}, "gripper0_rightfinger": {"body_id": 16, "position_xyz": [0.08636725154888714, 0.24119116210417949, 0.9793863526887028], "quaternion_wxyz": [0.008349643475566073, 0.9997631223465528, -0.0031312667641209546, 0.01985391191057832]}, "plate_1_main": {"body_id": 27, "position_xyz": [0.07661479777990535, 0.21781138569045821, 0.9067294489341652], "quaternion_wxyz": [0.7568700223550102, 0.04835514065789312, -0.026625807939385057, 0.6512300791455016]}}, "body_count": 38, "candidate_types": ["FrankaLiberoEnv", "LiberoHandle", "OffScreenRenderEnv", "NoneType"], "sim_type": "MjSim"}, "post_get_object_pose": {"False": {"position": [0.7784076036760474, 0.15855929312878783, 0.03572600336142035], "quaternion": [0.27094909244438115, 0.1560463635411391, 0.9492126460162258, 0.035092369142422926]}, "True": {"position": [0.7800112621429118, 0.1605376695491649, 0.035417569341278786], "quaternion": [0.2783891294093842, 0.17281311174398997, 0.9418420315440709, 0.07462378074703693]}}, "reports": [{"name": "object_at_target(akita black bowl,plate)", "passed": false, "reason": "object-target distance 0.0821m exceeds threshold"}, {"name": "gripper_open()", "passed": true, "reason": null}], "sample_position": [0.6535540323682565, 0.21763921891795768, 0.013042131994083855], "sample_quaternion": [-0.17445210484912582, 0.7355334377812235, -0.6183523349954362, -0.2149358388569397], "target_position": [0.7308737335230181, 0.2142892020647264, -0.003490522895770356], "target_quaternion": [0.005000845541312306, -0.26063879884535784, 0.9653332239186667, 0.013197533069273086], "task_completed": false, "z_approach": 0.1}
probe_results=outputs/debug/place_probe_20260729/20260729_041724_4a60c2cc/results.json
