[robosuite WARNING] No private macro file found! (__init__.py:7)
[robosuite WARNING] It is recommended to use a private macro file (__init__.py:8)
[robosuite WARNING] To setup, run: python /data/MLLM/wzh/agent/paper/infiAgent/workspace/cap-x/capx/third_party/libero_dependencies/robosuite/robosuite/scripts/setup_macros.py (__init__.py:9)
Traceback (most recent call last):
  File "/data/MLLM/wzh/agent/paper/infiAgent/workspace/cap-x/capx/envs/simulators/__init__.py", line 11, in <module>
    from .robosuite_cube_lift import FrankaRobosuiteCubeLiftLowLevel
  File "/data/MLLM/wzh/agent/paper/infiAgent/workspace/cap-x/capx/envs/simulators/robosuite_cube_lift.py", line 15, in <module>
    from robosuite.controllers.composite.composite_controller_factory import (
ModuleNotFoundError: No module named 'robosuite.controllers.composite'
Gym has been unmaintained since 2022 and does not support NumPy 2.0 amongst other critical functionality.
Please upgrade to Gymnasium, the maintained drop-in replacement of Gym, or contact the authors of your software and request that they upgrade.
See the migration guide at https://gymnasium.farama.org/introduction/migration_guide/ for additional information.
/data/MLLM/wzh/agent/paper/infiAgent/workspace/cap-x/capx/integrations/motion/pyroki_snippets/_solve_ik_vel_cost.py:16: DeprecationWarning: Use Cost.factory instead of Cost.create_factory
  @Cost.create_factory
/data/MLLM/wzh/agent/paper/infiAgent/workspace/cap-x/.venv-libero/lib/python3.12/site-packages/typing_extensions.py:3004: DeprecationWarning: Cost.create_factory is deprecated, use Cost.factory instead
  return arg(*args, **kwargs)
Robosuite not installed!
R1Pro not installed, skipping R1Pro APIs
[info] Applying task order index 0 (permutation: [0, 1, 2, 3, 4, 5, 6, 7, 8, 9]) for benchmark 'libero_10' (10 tasks).
[info] Using default task order for benchmark 'libero_90' (90 tasks).
[info] Applying task order index 0 (permutation: [0, 1, 2, 3, 4, 5, 6, 7, 8, 9]) for benchmark 'libero_object' (10 tasks).
[info] Applying task order index 0 (permutation: [0, 1, 2, 3, 4, 5, 6, 7, 8, 9]) for benchmark 'libero_spatial' (10 tasks).
[info] Applying task order index 0 (permutation: [0, 1, 2, 3, 4, 5, 6, 7, 8, 9]) for benchmark 'libero_goal' (10 tasks).
R1Pro not installed!
API server {'_target_': 'capx.serving.launch_pyroki_server.main', 'port': 8116, 'host': '127.0.0.1', 'robot': 'panda_description', 'target_link': 'panda_hand'} started
API server {'_target_': 'capx.serving.launch_contact_graspnet_server.main', 'port': 8115, 'host': '127.0.0.1'} started
Traceback (most recent call last):
  File "<string>", line 1, in <module>
  File "/data/envs/miniforge3/envs/wzh_rag2/lib/python3.12/multiprocessing/spawn.py", line 122, in spawn_main
Traceback (most recent call last):
  File "<string>", line 1, in <module>
  File "/data/envs/miniforge3/envs/wzh_rag2/lib/python3.12/multiprocessing/spawn.py", line 122, in spawn_main
Traceback (most recent call last):
  File "<string>", line 1, in <module>
  File "/data/envs/miniforge3/envs/wzh_rag2/lib/python3.12/multiprocessing/spawn.py", line 122, in spawn_main
    exitcode = _main(fd, parent_sentinel)
               ^^^^^^^^^^^^^^^^^^^^^^^^^^
  File "/data/envs/miniforge3/envs/wzh_rag2/lib/python3.12/multiprocessing/spawn.py", line 131, in _main
    exitcode = _main(fd, parent_sentinel)
               ^^^^^^^^^^^^^^^^^^^^^^^^^^
  File "/data/envs/miniforge3/envs/wzh_rag2/lib/python3.12/multiprocessing/spawn.py", line 131, in _main
    exitcode = _main(fd, parent_sentinel)
               ^^^^^^^^^^^^^^^^^^^^^^^^^^
  File "/data/envs/miniforge3/envs/wzh_rag2/lib/python3.12/multiprocessing/spawn.py", line 131, in _main
    prepare(preparation_data)
  File "/data/envs/miniforge3/envs/wzh_rag2/lib/python3.12/multiprocessing/spawn.py", line 246, in prepare
    prepare(preparation_data)
  File "/data/envs/miniforge3/envs/wzh_rag2/lib/python3.12/multiprocessing/spawn.py", line 246, in prepare
    prepare(preparation_data)
  File "/data/envs/miniforge3/envs/wzh_rag2/lib/python3.12/multiprocessing/spawn.py", line 246, in prepare
    _fixup_main_from_path(data['init_main_from_path'])
  File "/data/envs/miniforge3/envs/wzh_rag2/lib/python3.12/multiprocessing/spawn.py", line 297, in _fixup_main_from_path
    _fixup_main_from_path(data['init_main_from_path'])
  File "/data/envs/miniforge3/envs/wzh_rag2/lib/python3.12/multiprocessing/spawn.py", line 297, in _fixup_main_from_path
    _fixup_main_from_path(data['init_main_from_path'])
  File "/data/envs/miniforge3/envs/wzh_rag2/lib/python3.12/multiprocessing/spawn.py", line 297, in _fixup_main_from_path
    main_content = runpy.run_path(main_path,
                   ^^^^^^^^^^^^^^^^^^^^^^^^^
  File "<frozen runpy>", line 286, in run_path
    main_content = runpy.run_path(main_path,
  File "<frozen runpy>", line 254, in _get_code_from_file
                   ^^^^^^^^^^^^^^^^^^^^^^^^^
FileNotFoundError: [Errno 2] No such file or directory: '/data/MLLM/wzh/agent/paper/infiAgent/workspace/cap-mas/<stdin>'
  File "<frozen runpy>", line 286, in run_path
  File "<frozen runpy>", line 254, in _get_code_from_file
FileNotFoundError: [Errno 2] No such file or directory: '/data/MLLM/wzh/agent/paper/infiAgent/workspace/cap-mas/<stdin>'
    main_content = runpy.run_path(main_path,
                   ^^^^^^^^^^^^^^^^^^^^^^^^^
  File "<frozen runpy>", line 286, in run_path
  File "<frozen runpy>", line 254, in _get_code_from_file
FileNotFoundError: [Errno 2] No such file or directory: '/data/MLLM/wzh/agent/paper/infiAgent/workspace/cap-mas/<stdin>'
