probe_run_dir=outputs/debug/grasp_probe/20260729_034906_0ebd0692
[robosuite WARNING] No private macro file found! (__init__.py:7)
[robosuite WARNING] It is recommended to use a private macro file (__init__.py:8)
[robosuite WARNING] To setup, run: python /data/MLLM/wzh/agent/paper/infiAgent/workspace/cap-x/capx/third_party/libero_dependencies/robosuite/robosuite/scripts/setup_macros.py (__init__.py:9)
Robosuite not installed!
Traceback (most recent call last):
  File "/data/MLLM/wzh/agent/paper/infiAgent/workspace/cap-x/capx/envs/simulators/__init__.py", line 11, in <module>
    from .robosuite_cube_lift import FrankaRobosuiteCubeLiftLowLevel
  File "/data/MLLM/wzh/agent/paper/infiAgent/workspace/cap-x/capx/envs/simulators/robosuite_cube_lift.py", line 15, in <module>
    from robosuite.controllers.composite.composite_controller_factory import (
ModuleNotFoundError: No module named 'robosuite.controllers.composite'
Gym has been unmaintained since 2022 and does not support NumPy 2.0 amongst other critical functionality.
Please upgrade to Gymnasium, the maintained drop-in replacement of Gym, or contact the authors of your software and request that they upgrade.
See the migration guide at https://gymnasium.farama.org/introduction/migration_guide/ for additional information.
/data/MLLM/wzh/agent/paper/infiAgent/workspace/cap-x/capx/integrations/motion/pyroki_snippets/_solve_ik_vel_cost.py:16: DeprecationWarning: Use Cost.factory instead of Cost.create_factory
  @Cost.create_factory
/data/MLLM/wzh/agent/paper/infiAgent/workspace/cap-x/.venv-libero/lib/python3.12/site-packages/typing_extensions.py:3004: DeprecationWarning: Cost.create_factory is deprecated, use Cost.factory instead
  return arg(*args, **kwargs)
R1Pro not installed, skipping R1Pro APIs
[info] Applying task order index 0 (permutation: [0, 1, 2, 3, 4, 5, 6, 7, 8, 9]) for benchmark 'libero_10' (10 tasks).
[info] Using default task order for benchmark 'libero_90' (90 tasks).
[info] Applying task order index 0 (permutation: [0, 1, 2, 3, 4, 5, 6, 7, 8, 9]) for benchmark 'libero_object' (10 tasks).
[info] Applying task order index 0 (permutation: [0, 1, 2, 3, 4, 5, 6, 7, 8, 9]) for benchmark 'libero_spatial' (10 tasks).
[info] Applying task order index 0 (permutation: [0, 1, 2, 3, 4, 5, 6, 7, 8, 9]) for benchmark 'libero_goal' (10 tasks).
R1Pro not installed!
API server {'_target_': 'capx.serving.launch_pyroki_server.main', 'port': 8116, 'host': '127.0.0.1', 'robot': 'panda_description', 'target_link': 'panda_hand'} started
API server {'_target_': 'capx.serving.launch_contact_graspnet_server.main', 'port': 8115, 'host': '127.0.0.1'} started
API server {'_target_': 'capx.serving.launch_sam3_server.main', 'device': 'cuda', 'port': 8114, 'host': '127.0.0.1'} started
API server on 127.0.0.1:8116 is ready
API server on 127.0.0.1:8115 is ready
API server on 127.0.0.1:8114 is ready
[info] Applying task order index 0 (permutation: [0, 1, 2, 3, 4, 5, 6, 7, 8, 9]) for benchmark 'libero_spatial' (10 tasks).
Loaded init states for task 0 in suite libero_spatial
An NVIDIA GPU may be present on this machine, but a CUDA-enabled jaxlib is not installed. Falling back to cpu.
2026-07-29 11:50:11.918 | INFO     | pyroki.collision._robot_collision:from_urdf:95 - Created RobotCollision with 13 links and 66 active self-collision pairs.
[Molmo] Loading model from /data/MLLM/wzh/model/molmo...
`torch_dtype` is deprecated! Use `dtype` instead!
Loading checkpoint shards:   0%|          | 0/8 [00:00<?, ?it/s]Loading checkpoint shards:  12%|#2        | 1/8 [00:00<00:04,  1.43it/s]Loading checkpoint shards:  25%|##5       | 2/8 [00:01<00:03,  1.56it/s]Loading checkpoint shards:  38%|###7      | 3/8 [00:01<00:03,  1.62it/s]Loading checkpoint shards:  50%|#####     | 4/8 [00:02<00:02,  1.65it/s]Loading checkpoint shards:  62%|######2   | 5/8 [00:03<00:01,  1.67it/s]Loading checkpoint shards:  75%|#######5  | 6/8 [00:03<00:01,  1.69it/s]Loading checkpoint shards:  88%|########7 | 7/8 [00:04<00:00,  1.73it/s]Loading checkpoint shards: 100%|##########| 8/8 [00:04<00:00,  1.96it/s]Loading checkpoint shards: 100%|##########| 8/8 [00:04<00:00,  1.76it/s]
[Molmo] Model loaded successfully.
Using a slow image processor as `use_fast` is unset and a slow processor was saved with this model. `use_fast=True` will be the default behavior in v4.52, even if the model was saved with a slow processor. This will result in minor differences in outputs. You'll still be able to use a slow processor with `use_fast=False`.
Generated text for 'akita black bowl': <points coords="1 1 732 498">akita black bowl</points>
Generated text for 'akita black bowl': <points coords="1 1 092 542">akita black bowl</points>
get_object_pose in 5.6848931312561035 seconds
Generated text for 'plate': <points coords="1 1 696 739">plate</points>
Generated text for 'plate': <points coords="1 1 233 062">plate</points>
get_object_pose in 4.625699758529663 seconds
Generated text for 'akita black bowl': <points coords="1 1 732 498">akita black bowl</points>
Generated text for 'akita black bowl': <points coords="1 1 092 542">akita black bowl</points>
get_object_pose in 3.80189847946167 seconds
Generated text for 'plate': <points coords="1 1 696 739">plate</points>
Generated text for 'plate': <points coords="1 1 233 062">plate</points>
get_object_pose in 4.600679397583008 seconds
Generated text for 'akita black bowl': <points coords="1 1 732 498">akita black bowl</points>
Generated text for 'akita black bowl': <points coords="1 1 092 542">akita black bowl</points>
get_object_pose in 3.8177969455718994 seconds
Generated text for 'akita black bowl': <points coords="1 1 732 498">akita black bowl</points>
Generated text for 'akita black bowl': <points coords="1 1 092 542">akita black bowl</points>
sample_grasp_pose in 5.992383241653442 seconds
Grasp sample position for akita black bowl: [0.51640742 0.32271897 0.01640875]
Grasp sample quaternion wxyz for akita black bowl: [-0.1640021   0.60859237 -0.67985366 -0.37485682]
2026-07-29 11:50:54.355 | INFO     | jaxls._problem:analyze:201 - Building optimization problem with 2 terms and 1 variables: 1 costs, 0 eq_zero, 1 leq_zero, 0 geq_zero
2026-07-29 11:50:54.387 | INFO     | jaxls._problem:analyze:320 - Vectorizing constraint group with 1 constraints (constraint_leq_zero), 1 variables each: augmented_limit_residual
2026-07-29 11:50:54.501 | INFO     | jaxls._problem:analyze:328 - Vectorizing group with 1 costs, 1 variables each: _pose_cost_analytical_jac
2026-07-29 11:51:19.252 | INFO     | jaxls._problem:analyze:201 - Building optimization problem with 3 terms and 1 variables: 3 costs, 0 eq_zero, 0 leq_zero, 0 geq_zero
2026-07-29 11:51:19.291 | INFO     | jaxls._problem:analyze:328 - Vectorizing group with 1 costs, 1 variables each: _pose_cost_analytical_jac
2026-07-29 11:51:19.305 | INFO     | jaxls._problem:analyze:328 - Vectorizing group with 1 costs, 1 variables each: limit_residual
2026-07-29 11:51:19.318 | INFO     | jaxls._problem:analyze:328 - Vectorizing group with 1 costs, 1 variables each: limit_velocity_cost
Generated text for 'akita black bowl': <points coords="1 1 729 514">akita black bowl</points>
Generated text for 'akita black bowl': <points coords="1 1 539 370">akita black bowl</points>
get_object_pose in 4.412121057510376 seconds
Generated text for 'plate': <points coords="1 1 696 739">plate</points>
Generated text for 'plate': <points coords="1 1 127 132">plate</points>
get_object_pose in 7.661803722381592 seconds
Generated text for 'akita black bowl': <points coords="1 1 729 514">akita black bowl</points>
Generated text for 'akita black bowl': <points coords="1 1 539 370">akita black bowl</points>
get_object_pose in 4.306143283843994 seconds
Generated text for 'akita black bowl': <points coords="1 1 729 514">akita black bowl</points>
get_object_pose in 1.333643913269043 seconds
{"ee_pose": [-0.16603053009802204, 0.6122477747930967, -0.6769701072369405, -0.3732264717887458, 0.542503718486022, 0.24458161654210553, 0.2101669308540785], "object_pose": [0.09657316582154547, 0.30602837065175004, 0.9468809598281306, -0.02089755761799997, 0.47126145593364976, 0.32373804215372254, 0.020805253857616945], "observed_position_before_sample": [0.4696712663180892, 0.32143075912948016, 0.024028187591711922], "observed_quaternion_before_sample": [0.1343822238217268, 0.9885294150155627, -0.03739577170299765, 0.05790138019472605], "physics": {"bodies": {"akita_black_bowl_1_main": {"body_id": 23, "position_xyz": [-0.05866996166726731, 0.21186636362912675, 0.8984070750980836], "quaternion_wxyz": [0.707106783005648, -1.387475531982885e-05, 1.667300234274094e-06, 0.7071067792293566]}, "akita_black_bowl_2_main": {"body_id": 24, "position_xyz": [-0.1922494469065155, 0.32615471937524537, 0.8984070750980836], "quaternion_wxyz": [0.707106783005648, -1.387475531982359e-05, 1.6673002342704164e-06, 0.7071067792293566]}, "flat_stove_1_burner_plate": {"body_id": 36, "position_xyz": [-0.2617188802436087, -0.1361119968454451, 0.905], "quaternion_wxyz": [1.0, 0.0, 0.0, 0.0]}, "gripper0_eef": {"body_id": 13, "position_xyz": [-0.14234368692541338, 0.32040502380948055, 1.050875855994139], "quaternion_wxyz": [-0.3813122828364604, 0.9116147068103977, -0.04576560016525222, -0.14650965540384325]}, "gripper0_finger_joint1_tip": {"body_id": 15, "position_xyz": [-0.15338153893161038, 0.3282342930005498, 1.045939808241435], "quaternion_wxyz": [-0.16603053009802204, 0.6122477747930966, -0.6769701072369405, -0.3732264717887458]}, "gripper0_finger_joint2_tip": {"body_id": 17, "position_xyz": [-0.13622989611608105, 0.3287435188172446, 1.0405034673420912], "quaternion_wxyz": [-0.16603053009802204, 0.6122477747930966, -0.6769701072369405, -0.3732264717887458]}, "gripper0_leftfinger": {"body_id": 14, "position_xyz": [-0.13227780204833098, 0.2887914851594192, 1.080683832176048], "quaternion_wxyz": [-0.16603053009802204, 0.6122477747930966, -0.6769701072369405, -0.3732264717887458]}, "gripper0_right_gripper": {"body_id": 12, "position_xyz": [-0.11981846893560744, 0.25166791628672003, 1.1155042135774487], "quaternion_wxyz": [-0.3813122828364604, 0.9116147068103977, -0.04576560016525222, -0.14650965540384325]}, "gripper0_rightfinger": {"body_id": 16, "position_xyz": [-0.13132513387711028, 0.2888197695186929, 1.080381876905733], "quaternion_wxyz": [-0.16603053009802204, 0.6122477747930966, -0.6769701072369405, -0.3732264717887458]}, "plate_1_main": {"body_id": 27, "position_xyz": [0.07110726904572584, 0.2144166626766317, 0.902506338529415], "quaternion_wxyz": [0.7071068099946488, -1.3218930757314677e-05, 5.90520402848609e-06, 0.7071067522302282]}}, "body_count": 38, "candidate_types": ["FrankaLiberoEnv", "LiberoHandle", "OffScreenRenderEnv", "NoneType"], "sim_type": "MjSim"}, "post_get_object_pose": {"False": {"position": [0.47552295503174574, 0.3249552103096618, 0.023464307392847855], "quaternion": [0.06009599894708267, 0.9829506479902166, -0.01879660471005811, 0.172751793558097]}, "True": {"position": [0.4714463087308013, 0.32323784147030654, 0.022113836356184288], "quaternion": [0.06604280377583865, -0.4067581629771169, 0.9049086783373904, -0.10642569610101028]}}, "reports": [{"name": "object_in_gripper(akita black bowl)", "passed": false, "reason": "object-gripper distance 0.2173m exceeds threshold"}, {"name": "gripper_closed()", "passed": true, "reason": null}], "sample_position": [0.5164074176463845, 0.32271896579885895, 0.016408749845554613], "sample_quaternion": [-0.1640021011584474, 0.6085923699708126, -0.679853660996623, -0.37485682287829974], "task_completed": false, "z_approach": 0.0}
Generated text for 'akita black bowl': <points coords="1 1 732 498">akita black bowl</points>
Generated text for 'akita black bowl': <points coords="1 1 092 542">akita black bowl</points>
get_object_pose in 3.738661289215088 seconds
Generated text for 'plate': <points coords="1 1 696 739">plate</points>
Generated text for 'plate': <points coords="1 1 233 062">plate</points>
get_object_pose in 4.5447118282318115 seconds
Generated text for 'akita black bowl': <points coords="1 1 732 498">akita black bowl</points>
Generated text for 'akita black bowl': <points coords="1 1 092 542">akita black bowl</points>
get_object_pose in 3.7819664478302 seconds
Generated text for 'akita black bowl': <points coords="1 1 732 498">akita black bowl</points>
Generated text for 'akita black bowl': <points coords="1 1 092 542">akita black bowl</points>
sample_grasp_pose in 5.3271965980529785 seconds
Grasp sample position for akita black bowl: [0.51538275 0.32672067 0.01614037]
Grasp sample quaternion wxyz for akita black bowl: [-0.14690767  0.53280291 -0.70250518 -0.44835886]
Generated text for 'akita black bowl': <points coords="1 1 629 592">akita black bowl</points>
Generated text for 'akita black bowl': <points coords="1 1 504 327">akita black bowl</points>
get_object_pose in 4.580231189727783 seconds
Generated text for 'plate': <points coords="1 1 696 739">plate</points>
Generated text for 'plate': There are none.
No points parsed from model output; skipping visualization.
get_object_pose in 7.176823854446411 seconds
Generated text for 'akita black bowl': <points coords="1 1 629 592">akita black bowl</points>
Generated text for 'akita black bowl': <points coords="1 1 504 327">akita black bowl</points>
get_object_pose in 4.60818886756897 seconds
Generated text for 'akita black bowl': <points coords="1 1 629 592">akita black bowl</points>
get_object_pose in 1.3317768573760986 seconds
{"ee_pose": [-0.14552240195203467, 0.5343494945052625, -0.7004438912035026, -0.45019129659265433, 0.5438852648417415, 0.24357448574236568, 0.19725300232727447], "object_pose": [0.13191254323254606, 0.1267008716170652, 0.983095730492517, -0.008291848815683855, 0.596494425560874, 0.1785439941306098, 0.02485717912712048], "observed_position_before_sample": [0.4696712663180892, 0.32143075912948016, 0.024028187591711922], "observed_quaternion_before_sample": [0.1343822238217268, 0.9885294150155627, -0.03739577170299765, 0.05790138019472605], "physics": {"bodies": {"akita_black_bowl_1_main": {"body_id": 23, "position_xyz": [-0.06754056586395804, 0.17962508221780354, 0.8984070750980836], "quaternion_wxyz": [0.5190938945476701, -1.3874055841135702e-05, -1.6731108080039742e-06, 0.8547172213358311]}, "akita_black_bowl_2_main": {"body_id": 24, "position_xyz": [-0.2276954764634848, 0.378753127816298, 0.8984070750980836], "quaternion_wxyz": [0.8780070735617529, -1.2839220950173326e-05, 5.517529397202769e-06, 0.47864765598531633]}, "flat_stove_1_burner_plate": {"body_id": 36, "position_xyz": [-0.2617188802436087, -0.1361119968454451, 0.905], "quaternion_wxyz": [1.0, 0.0, 0.0, 0.0]}, "gripper0_eef": {"body_id": 13, "position_xyz": [-0.14578138701511795, 0.3276965087579897, 1.050156682548775], "quaternion_wxyz": [-0.4212331958866683, 0.873130776398964, -0.11744647422241411, -0.21543344141699197]}, "gripper0_finger_joint1_tip": {"body_id": 15, "position_xyz": [-0.15641727511278197, 0.33685957836963043, 1.047898456345281], "quaternion_wxyz": [-0.1455224019520346, 0.5343494945052625, -0.7004438912035025, -0.45019129659265433]}, "gripper0_finger_joint2_tip": {"body_id": 17, "position_xyz": [-0.14058481591064173, 0.33643483953867226, 1.03934587732182], "quaternion_wxyz": [-0.1455224019520346, 0.5343494945052625, -0.7004438912035025, -0.45019129659265433]}, "gripper0_leftfinger": {"body_id": 14, "position_xyz": [-0.13341429222672704, 0.2926325259930493, 1.0747886147015084], "quaternion_wxyz": [-0.1455224019520346, 0.5343494945052625, -0.7004438912035025, -0.45019129659265433]}, "gripper0_right_gripper": {"body_id": 12, "position_xyz": [-0.11888731944394623, 0.2514363570522371, 1.103729981787228], "quaternion_wxyz": [-0.4212331958866683, 0.873130776398964, -0.11744647422241411, -0.21543344141699197]}, "gripper0_rightfinger": {"body_id": 16, "position_xyz": [-0.13253485479699326, 0.2926089332446937, 1.0743135490141154], "quaternion_wxyz": [-0.1455224019520346, 0.5343494945052625, -0.7004438912035025, -0.45019129659265433]}, "plate_1_main": {"body_id": 27, "position_xyz": [0.07110726904572584, 0.2144166626766317, 0.902506338529415], "quaternion_wxyz": [0.7071068099946488, -1.3218930757341953e-05, 5.905204028511796e-06, 0.7071067522302282]}}, "body_count": 38, "candidate_types": ["FrankaLiberoEnv", "LiberoHandle", "OffScreenRenderEnv", "NoneType"], "sim_type": "MjSim"}, "post_get_object_pose": {"False": {"position": [0.5965266904817204, 0.17925972411554195, 0.024318992516127607], "quaternion": [0.0011712390944375556, 0.9897495850165031, -0.06862792153673343, 0.1252381553049685]}, "True": {"position": [0.5966355104769827, 0.17909893241972022, 0.024810929717232505], "quaternion": [0.009177541120790425, 0.9892977459053045, -0.057630754093788684, 0.13373271427829855]}}, "reports": [{"name": "object_in_gripper(akita black bowl)", "passed": false, "reason": "object-gripper distance 0.1916m exceeds threshold"}, {"name": "gripper_closed()", "passed": true, "reason": null}], "sample_position": [0.5153827541660007, 0.32672067327293314, 0.016140370000644708], "sample_quaternion": [-0.14690767210920053, 0.5328029078545137, -0.7025051844212318, -0.4483588552917427], "task_completed": false, "z_approach": 0.05}
Generated text for 'akita black bowl': <points coords="1 1 732 498">akita black bowl</points>
Generated text for 'akita black bowl': <points coords="1 1 092 542">akita black bowl</points>
get_object_pose in 3.7346043586730957 seconds
Generated text for 'plate': <points coords="1 1 696 739">plate</points>
Generated text for 'plate': <points coords="1 1 233 062">plate</points>
get_object_pose in 4.551821231842041 seconds
Generated text for 'akita black bowl': <points coords="1 1 732 498">akita black bowl</points>
Generated text for 'akita black bowl': <points coords="1 1 092 542">akita black bowl</points>
get_object_pose in 3.7425615787506104 seconds
Generated text for 'akita black bowl': <points coords="1 1 732 498">akita black bowl</points>
Generated text for 'akita black bowl': <points coords="1 1 092 542">akita black bowl</points>
sample_grasp_pose in 5.2792041301727295 seconds
Grasp sample position for akita black bowl: [0.43401312 0.33714939 0.02030488]
Grasp sample quaternion wxyz for akita black bowl: [-0.32109721  0.57194295 -0.75378741  0.03977925]
Generated text for 'akita black bowl': <points coords="1 1 677 599">akita black bowl</points>
Generated text for 'akita black bowl': <points coords="1 1 312 295">akita black bowl</points>
get_object_pose in 4.71673059463501 seconds
Generated text for 'plate': <points coords="1 1 696 739">plate</points>
Generated text for 'plate': <points coords="1 1 182 412">plate</points>
get_object_pose in 4.084365367889404 seconds
Generated text for 'akita black bowl': <points coords="1 1 677 599">akita black bowl</points>
Generated text for 'akita black bowl': <points coords="1 1 312 295">akita black bowl</points>
get_object_pose in 4.751834154129028 seconds
Generated text for 'akita black bowl': <points coords="1 1 677 599">akita black bowl</points>
get_object_pose in 1.3446567058563232 seconds
{"ee_pose": [-0.26336791960855765, 0.5840510539531526, -0.7667089132805152, 0.040977403449735744, 0.381124611577355, 0.30863061088423266, 0.23701283062505873], "object_pose": [-0.10761029665574963, 0.10678659415352283, 0.9880265646690445, 0.02863834616451624, 0.5977519279326756, 0.21243647132979887, 0.022691835499670035], "observed_position_before_sample": [0.4696712663180892, 0.32143075912948016, 0.024028187591711922], "observed_quaternion_before_sample": [0.1343822238217268, 0.9885294150155627, -0.03739577170299765, 0.05790138019472605], "physics": {"bodies": {"akita_black_bowl_1_main": {"body_id": 23, "position_xyz": [-0.05866996166726731, 0.21186636362912675, 0.8984070750980836], "quaternion_wxyz": [0.707106783005648, -1.3874755319835104e-05, 1.6673002342724538e-06, 0.7071067792293566]}, "akita_black_bowl_2_main": {"body_id": 24, "position_xyz": [-0.19178299660775153, 0.264816879589976, 0.8984070750980836], "quaternion_wxyz": [0.738817218393263, -1.3783604515484047e-05, 2.3023839425626338e-06, 0.6739058670247301]}, "flat_stove_1_burner_plate": {"body_id": 36, "position_xyz": [-0.2617188802436087, -0.1361119968454451, 0.905], "quaternion_wxyz": [1.0, 0.0, 0.0, 0.0]}, "gripper0_eef": {"body_id": 13, "position_xyz": [-0.23054147102129569, 0.3348247609833928, 1.0572157776809572], "quaternion_wxyz": [-0.15725384204747944, 0.9551315325862452, -0.12915861096739667, 0.21520464175692977]}, "gripper0_finger_joint1_tip": {"body_id": 15, "position_xyz": [-0.2336136593350431, 0.3405731881073285, 1.0439504745560177], "quaternion_wxyz": [-0.26336791960855765, 0.5840510539531525, -0.7667089132805152, 0.040977403449735744]}, "gripper0_finger_joint2_tip": {"body_id": 17, "position_xyz": [-0.21788166419757338, 0.3349138669315098, 1.050618965815393], "quaternion_wxyz": [-0.26336791960855765, 0.5840510539531525, -0.7667089132805152, 0.040977403449735744]}, "gripper0_leftfinger": {"body_id": 14, "position_xyz": [-0.2514808299098162, 0.32419161148565795, 1.0951428388600846], "quaternion_wxyz": [-0.26336791960855765, 0.5840510539531525, -0.7667089132805152, 0.040977403449735744]}, "gripper0_right_gripper": {"body_id": 12, "position_xyz": [-0.27435819988046284, 0.3110786622953691, 1.140433666798507], "quaternion_wxyz": [-0.15725384204747944, 0.9551315325862452, -0.12915861096739667, 0.21520464175692977]}, "gripper0_rightfinger": {"body_id": 16, "position_xyz": [-0.2506070052952407, 0.323877267748452, 1.0955132363687035], "quaternion_wxyz": [-0.26336791960855765, 0.5840510539531525, -0.7667089132805152, 0.040977403449735744]}, "plate_1_main": {"body_id": 27, "position_xyz": [0.07110726904572584, 0.2144166626766317, 0.902506338529415], "quaternion_wxyz": [0.7071068099946488, -1.321893075733277e-05, 5.905204028489927e-06, 0.7071067522302282]}}, "body_count": 38, "candidate_types": ["FrankaLiberoEnv", "LiberoHandle", "OffScreenRenderEnv", "NoneType"], "sim_type": "MjSim"}, "post_get_object_pose": {"False": {"position": [0.6049386265291796, 0.21013049468570422, 0.023750140135270777], "quaternion": [0.00786068589728294, 0.9857561596902223, -0.12199778340248656, 0.11549694409329349]}, "True": {"position": [0.5978946970767682, 0.2121777019727751, 0.021663323444869327], "quaternion": [-0.09207571233123736, 0.08004719650332245, 0.9924255016744221, 0.014357338086334458]}}, "reports": [{"name": "object_in_gripper(akita black bowl)", "passed": false, "reason": "object-gripper distance 0.3196m exceeds threshold"}, {"name": "gripper_closed()", "passed": true, "reason": null}], "sample_position": [0.43401311830935246, 0.33714938532353583, 0.02030488148387259], "sample_quaternion": [-0.321097208908693, 0.5719429497190185, -0.753787407916182, 0.03977924540207903], "task_completed": false, "z_approach": 0.08}
Generated text for 'akita black bowl': <points coords="1 1 732 498">akita black bowl</points>
Generated text for 'akita black bowl': <points coords="1 1 092 542">akita black bowl</points>
get_object_pose in 3.7152585983276367 seconds
Generated text for 'plate': <points coords="1 1 696 739">plate</points>
Generated text for 'plate': <points coords="1 1 233 062">plate</points>
get_object_pose in 4.522808313369751 seconds
Generated text for 'akita black bowl': <points coords="1 1 732 498">akita black bowl</points>
Generated text for 'akita black bowl': <points coords="1 1 092 542">akita black bowl</points>
get_object_pose in 3.722161054611206 seconds
Generated text for 'akita black bowl': <points coords="1 1 732 498">akita black bowl</points>
Generated text for 'akita black bowl': <points coords="1 1 092 542">akita black bowl</points>
sample_grasp_pose in 5.273722171783447 seconds
Grasp sample position for akita black bowl: [0.42783597 0.31747585 0.01143338]
Grasp sample quaternion wxyz for akita black bowl: [-0.16544496  0.8962884  -0.41145313 -0.00118088]
Generated text for 'akita black bowl': <points coords="1 1 758 479">akita black bowl</points>
Generated text for 'akita black bowl': <points coords="1 1 470 689">akita black bowl</points>
get_object_pose in 4.3814873695373535 seconds
Generated text for 'plate': <points coords="1 1 696 739">plate</points>
Generated text for 'plate': <points coords="1 1 274 009">plate</points>
get_object_pose in 2.563372850418091 seconds
Generated text for 'akita black bowl': <points coords="1 1 758 479">akita black bowl</points>
Generated text for 'akita black bowl': <points coords="1 1 470 689">akita black bowl</points>
get_object_pose in 4.354811668395996 seconds
Generated text for 'akita black bowl': <points coords="1 1 758 479">akita black bowl</points>
get_object_pose in 1.324587106704712 seconds
{"ee_pose": [-0.1660573513527947, 0.8974957262949959, -0.4085662316379804, -0.00010820836707593762, 0.41312856712645457, 0.28484297163500677, 0.23588541614641362], "object_pose": [0.0773986173381326, 0.9398638259876909, 0.3138941131281298, 0.11016318975696689, 0.4466568150356575, 0.3607426792194577, 0.022605210264844466], "observed_position_before_sample": [0.4696712663180892, 0.32143075912948016, 0.024028187591711922], "observed_quaternion_before_sample": [0.1343822238217268, 0.9885294150155627, -0.03739577170299765, 0.05790138019472605], "physics": {"bodies": {"akita_black_bowl_1_main": {"body_id": 23, "position_xyz": [-0.05866996166726731, 0.21186636362912675, 0.8984070750980836], "quaternion_wxyz": [0.707106783005648, -1.3874755319825275e-05, 1.6673002342756253e-06, 0.7071067792293566]}, "akita_black_bowl_2_main": {"body_id": 24, "position_xyz": [-0.2208652447404937, 0.3665332068087783, 0.8984070750980836], "quaternion_wxyz": [0.7247424850349551, -1.3828212644836666e-05, 2.0172407655961125e-06, 0.6890198329439214]}, "flat_stove_1_burner_plate": {"body_id": 36, "position_xyz": [-0.2617188802436087, -0.1361119968454451, 0.905], "quaternion_wxyz": [1.0, 0.0, 0.0, 0.0]}, "gripper0_eef": {"body_id": 13, "position_xyz": [-0.23237329459111247, 0.31674608595197307, 1.046786478054948], "quaternion_wxyz": [-0.11749679407757878, 0.9235252671041869, 0.3457253611940874, 0.11734376433729772]}, "gripper0_finger_joint1_tip": {"body_id": 15, "position_xyz": [-0.2376741347774025, 0.3144421752793787, 1.0332338704265853], "quaternion_wxyz": [-0.1660573513527947, 0.8974957262949957, -0.40856623163798045, -0.0001082083670759515]}, "gripper0_finger_joint2_tip": {"body_id": 17, "position_xyz": [-0.22447292981225622, 0.3254399962415483, 1.038597503761512], "quaternion_wxyz": [-0.1660573513527947, 0.8974957262949957, -0.40856623163798045, -0.0001082083670759515]}, "gripper0_leftfinger": {"body_id": 14, "position_xyz": [-0.23902797040210172, 0.30293869429093284, 1.0886783205929433], "quaternion_wxyz": [-0.1660573513527947, 0.8974957262949957, -0.40856623163798045, -0.0001082083670759515]}, "gripper0_right_gripper": {"body_id": 12, "position_xyz": [-0.24551646667892557, 0.2878245711038821, 1.138436917259361], "quaternion_wxyz": [-0.11749679407757878, 0.9235252671041869, 0.3457253611940874, 0.11734376433729772]}, "gripper0_rightfinger": {"body_id": 16, "position_xyz": [-0.2382947155673, 0.3035495631785901, 1.088976241130146], "quaternion_wxyz": [-0.1660573513527947, 0.8974957262949957, -0.40856623163798045, -0.0001082083670759515]}, "plate_1_main": {"body_id": 27, "position_xyz": [0.07110726904572584, 0.2144166626766317, 0.902506338529415], "quaternion_wxyz": [0.7071068099946488, -1.3218930757399547e-05, 5.905204028516725e-06, 0.7071067522302282]}}, "body_count": 38, "candidate_types": ["FrankaLiberoEnv", "LiberoHandle", "OffScreenRenderEnv", "NoneType"], "sim_type": "MjSim"}, "post_get_object_pose": {"False": {"position": [0.442569146317601, 0.3645018058434594, 0.025463829291438048], "quaternion": [0.013042024067149398, 0.9775521869094511, -0.17125798789420713, 0.1220341307143588]}, "True": {"position": [0.44645003909880965, 0.36045143163571636, 0.02164579359871905], "quaternion": [0.0873435571638354, -0.33776692921004475, 0.9327554312527725, -0.09084002434191046]}}, "reports": [{"name": "object_in_gripper(akita black bowl)", "passed": false, "reason": "object-gripper distance 0.2289m exceeds threshold"}, {"name": "gripper_closed()", "passed": true, "reason": null}], "sample_position": [0.42783597386343214, 0.31747584976291127, 0.011433375820455893], "sample_quaternion": [-0.1654449642717442, 0.8962883950716943, -0.4114531348601222, -0.0011808770918194378], "task_completed": false, "z_approach": 0.1}
probe_results=outputs/debug/grasp_probe/20260729_034906_0ebd0692/results.json
