probe_run_dir=outputs/debug/grasp_probe/20260729_035717_1ccbd498
[robosuite WARNING] No private macro file found! (__init__.py:7)
[robosuite WARNING] It is recommended to use a private macro file (__init__.py:8)
[robosuite WARNING] To setup, run: python /data/MLLM/wzh/agent/paper/infiAgent/workspace/cap-x/capx/third_party/libero_dependencies/robosuite/robosuite/scripts/setup_macros.py (__init__.py:9)
Robosuite not installed!
Traceback (most recent call last):
  File "/data/MLLM/wzh/agent/paper/infiAgent/workspace/cap-x/capx/envs/simulators/__init__.py", line 11, in <module>
    from .robosuite_cube_lift import FrankaRobosuiteCubeLiftLowLevel
  File "/data/MLLM/wzh/agent/paper/infiAgent/workspace/cap-x/capx/envs/simulators/robosuite_cube_lift.py", line 15, in <module>
    from robosuite.controllers.composite.composite_controller_factory import (
ModuleNotFoundError: No module named 'robosuite.controllers.composite'
Gym has been unmaintained since 2022 and does not support NumPy 2.0 amongst other critical functionality.
Please upgrade to Gymnasium, the maintained drop-in replacement of Gym, or contact the authors of your software and request that they upgrade.
See the migration guide at https://gymnasium.farama.org/introduction/migration_guide/ for additional information.
/data/MLLM/wzh/agent/paper/infiAgent/workspace/cap-x/capx/integrations/motion/pyroki_snippets/_solve_ik_vel_cost.py:16: DeprecationWarning: Use Cost.factory instead of Cost.create_factory
  @Cost.create_factory
/data/MLLM/wzh/agent/paper/infiAgent/workspace/cap-x/.venv-libero/lib/python3.12/site-packages/typing_extensions.py:3004: DeprecationWarning: Cost.create_factory is deprecated, use Cost.factory instead
  return arg(*args, **kwargs)
R1Pro not installed, skipping R1Pro APIs
[info] Applying task order index 0 (permutation: [0, 1, 2, 3, 4, 5, 6, 7, 8, 9]) for benchmark 'libero_10' (10 tasks).
[info] Using default task order for benchmark 'libero_90' (90 tasks).
[info] Applying task order index 0 (permutation: [0, 1, 2, 3, 4, 5, 6, 7, 8, 9]) for benchmark 'libero_object' (10 tasks).
[info] Applying task order index 0 (permutation: [0, 1, 2, 3, 4, 5, 6, 7, 8, 9]) for benchmark 'libero_spatial' (10 tasks).
[info] Applying task order index 0 (permutation: [0, 1, 2, 3, 4, 5, 6, 7, 8, 9]) for benchmark 'libero_goal' (10 tasks).
R1Pro not installed!
API server {'_target_': 'capx.serving.launch_pyroki_server.main', 'port': 8116, 'host': '127.0.0.1', 'robot': 'panda_description', 'target_link': 'panda_hand'} started
API server {'_target_': 'capx.serving.launch_contact_graspnet_server.main', 'port': 8115, 'host': '127.0.0.1'} started
API server {'_target_': 'capx.serving.launch_sam3_server.main', 'device': 'cuda', 'port': 8114, 'host': '127.0.0.1'} started
API server on 127.0.0.1:8116 is ready
API server on 127.0.0.1:8115 is ready
API server on 127.0.0.1:8114 is ready
[info] Applying task order index 0 (permutation: [0, 1, 2, 3, 4, 5, 6, 7, 8, 9]) for benchmark 'libero_spatial' (10 tasks).
Loaded init states for task 0 in suite libero_spatial
An NVIDIA GPU may be present on this machine, but a CUDA-enabled jaxlib is not installed. Falling back to cpu.
2026-07-29 11:58:21.713 | INFO     | pyroki.collision._robot_collision:from_urdf:95 - Created RobotCollision with 13 links and 66 active self-collision pairs.
2026-07-29 11:58:28.821 | INFO     | jaxls._problem:analyze:201 - Building optimization problem with 3 terms and 1 variables: 3 costs, 0 eq_zero, 0 leq_zero, 0 geq_zero
2026-07-29 11:58:28.938 | INFO     | jaxls._problem:analyze:328 - Vectorizing group with 1 costs, 1 variables each: _pose_cost_analytical_jac
2026-07-29 11:58:28.964 | INFO     | jaxls._problem:analyze:328 - Vectorizing group with 1 costs, 1 variables each: limit_velocity_cost
2026-07-29 11:58:28.979 | INFO     | jaxls._problem:analyze:328 - Vectorizing group with 1 costs, 1 variables each: limit_residual
{"ee_pose": [0.000843836609694766, 0.9999939086945864, 0.003377246060032091, 0.00025440626591747726, 0.6008364053026463, 0.21373513778406114, 0.21605052368972388], "object_pose": null, "observed_position_before_sample": [0.6013300383327326, 0.21186636362912686, -0.013592924902407932], "observed_quaternion_before_sample": [0.707106783005648, -1.3874755282174046e-05, 1.6673002289946658e-06, 0.7071067792293566], "physics": {"bodies": {"akita_black_bowl_1_main": {"body_id": 23, "position_xyz": [-0.06197746954242463, 0.17592641195981043, 0.9870572317037103], "quaternion_wxyz": [0.60773690110357, 0.10910432297451707, -0.06857754318178134, 0.783612931437743]}, "akita_black_bowl_2_main": {"body_id": 24, "position_xyz": [-0.1922494469065155, 0.32615471937524537, 0.8984070750980836], "quaternion_wxyz": [0.707106783005648, -1.3874755319828365e-05, 1.6673002342708874e-06, 0.7071067792293566]}, "flat_stove_1_burner_plate": {"body_id": 36, "position_xyz": [-0.2617188802436087, -0.1361119968454451, 0.905], "quaternion_wxyz": [1.0, 0.0, 0.0, 0.0]}, "gripper0_eef": {"body_id": 13, "position_xyz": [-0.05910854222148892, 0.21355474171676836, 1.0210506899212373], "quaternion_wxyz": [0.0007765749847352312, 0.7047144003923991, 0.7094905475739675, -0.00041679019312203876]}, "gripper0_finger_joint1_tip": {"body_id": 15, "position_xyz": [-0.05902987306855039, 0.20275646487810542, 1.0096689180109355], "quaternion_wxyz": [0.000843836609694766, 0.9999939086945863, 0.00337724606003198, 0.0002544062659174773]}, "gripper0_finger_joint2_tip": {"body_id": 17, "position_xyz": [-0.05917553550090124, 0.22432271240838797, 1.0096324835121053], "quaternion_wxyz": [0.000843836609694766, 0.9999939086945863, 0.00337724606003198, 0.0002544062659174773]}, "gripper0_leftfinger": {"body_id": 14, "position_xyz": [-0.05911609476306831, 0.21135067176966718, 1.0656544712700078], "quaternion_wxyz": [0.000843836609694766, 0.9999939086945863, 0.00337724606003198, 0.0002544062659174773]}, "gripper0_right_gripper": {"body_id": 12, "position_xyz": [-0.05915844960615154, 0.21371827833851975, 1.1180505392253794], "quaternion_wxyz": [0.0007765749847352312, 0.7047144003923991, 0.7094905475739675, -0.00041679019312203876]}, "gripper0_rightfinger": {"body_id": 16, "position_xyz": [-0.059146938827849445, 0.21591733130688967, 1.065646756253692], "quaternion_wxyz": [0.000843836609694766, 0.9999939086945863, 0.00337724606003198, 0.0002544062659174773]}, "plate_1_main": {"body_id": 27, "position_xyz": [0.07110726904572584, 0.2144166626766317, 0.902506338529415], "quaternion_wxyz": [0.7071068099946488, -1.3218930757403951e-05, 5.905204028454101e-06, 0.7071067522302282]}}, "body_count": 38, "candidate_types": ["FrankaLiberoEnv", "LiberoHandle", "OffScreenRenderEnv", "NoneType"], "sim_type": "MjSim"}, "post_get_object_pose": {"False": {"error": "FrankaLiberoPrivilegedApi.get_object_pose() got an unexpected keyword argument 'use_multiview'"}, "True": {"error": "FrankaLiberoPrivilegedApi.get_object_pose() got an unexpected keyword argument 'use_multiview'"}}, "reports": [{"name": "object_in_gripper(akita black bowl)", "passed": true, "reason": null}, {"name": "gripper_closed()", "passed": true, "reason": null}], "sample_position": [0.6013300383327326, 0.21186636362912686, -0.013592924902407932], "sample_quaternion": [0.0, 1.0, 0.0, 0.0], "task_completed": false, "z_approach": 0.1}
probe_results=outputs/debug/grasp_probe/20260729_035717_1ccbd498/results.json
