probe_run_dir=outputs/debug/grasp_probe/20260729_035931_40afd5fa
[robosuite WARNING] No private macro file found! (__init__.py:7)
[robosuite WARNING] It is recommended to use a private macro file (__init__.py:8)
[robosuite WARNING] To setup, run: python /data/MLLM/wzh/agent/paper/infiAgent/workspace/cap-x/capx/third_party/libero_dependencies/robosuite/robosuite/scripts/setup_macros.py (__init__.py:9)
Robosuite not installed!
Traceback (most recent call last):
  File "/data/MLLM/wzh/agent/paper/infiAgent/workspace/cap-x/capx/envs/simulators/__init__.py", line 11, in <module>
    from .robosuite_cube_lift import FrankaRobosuiteCubeLiftLowLevel
  File "/data/MLLM/wzh/agent/paper/infiAgent/workspace/cap-x/capx/envs/simulators/robosuite_cube_lift.py", line 15, in <module>
    from robosuite.controllers.composite.composite_controller_factory import (
ModuleNotFoundError: No module named 'robosuite.controllers.composite'
Gym has been unmaintained since 2022 and does not support NumPy 2.0 amongst other critical functionality.
Please upgrade to Gymnasium, the maintained drop-in replacement of Gym, or contact the authors of your software and request that they upgrade.
See the migration guide at https://gymnasium.farama.org/introduction/migration_guide/ for additional information.
/data/MLLM/wzh/agent/paper/infiAgent/workspace/cap-x/capx/integrations/motion/pyroki_snippets/_solve_ik_vel_cost.py:16: DeprecationWarning: Use Cost.factory instead of Cost.create_factory
  @Cost.create_factory
/data/MLLM/wzh/agent/paper/infiAgent/workspace/cap-x/.venv-libero/lib/python3.12/site-packages/typing_extensions.py:3004: DeprecationWarning: Cost.create_factory is deprecated, use Cost.factory instead
  return arg(*args, **kwargs)
R1Pro not installed, skipping R1Pro APIs
[info] Applying task order index 0 (permutation: [0, 1, 2, 3, 4, 5, 6, 7, 8, 9]) for benchmark 'libero_10' (10 tasks).
[info] Using default task order for benchmark 'libero_90' (90 tasks).
[info] Applying task order index 0 (permutation: [0, 1, 2, 3, 4, 5, 6, 7, 8, 9]) for benchmark 'libero_object' (10 tasks).
[info] Applying task order index 0 (permutation: [0, 1, 2, 3, 4, 5, 6, 7, 8, 9]) for benchmark 'libero_spatial' (10 tasks).
[info] Applying task order index 0 (permutation: [0, 1, 2, 3, 4, 5, 6, 7, 8, 9]) for benchmark 'libero_goal' (10 tasks).
R1Pro not installed!
API server {'_target_': 'capx.serving.launch_pyroki_server.main', 'port': 8116, 'host': '127.0.0.1', 'robot': 'panda_description', 'target_link': 'panda_hand'} started
API server {'_target_': 'capx.serving.launch_contact_graspnet_server.main', 'port': 8115, 'host': '127.0.0.1'} started
API server {'_target_': 'capx.serving.launch_sam3_server.main', 'device': 'cuda', 'port': 8114, 'host': '127.0.0.1'} started
API server on 127.0.0.1:8116 is ready
API server on 127.0.0.1:8115 is ready
API server on 127.0.0.1:8114 is ready
[info] Applying task order index 0 (permutation: [0, 1, 2, 3, 4, 5, 6, 7, 8, 9]) for benchmark 'libero_spatial' (10 tasks).
Loaded init states for task 0 in suite libero_spatial
An NVIDIA GPU may be present on this machine, but a CUDA-enabled jaxlib is not installed. Falling back to cpu.
2026-07-29 12:00:36.452 | INFO     | pyroki.collision._robot_collision:from_urdf:95 - Created RobotCollision with 13 links and 66 active self-collision pairs.
[Molmo] Loading model from /data/MLLM/wzh/model/molmo...
`torch_dtype` is deprecated! Use `dtype` instead!
Loading checkpoint shards:   0%|          | 0/8 [00:00<?, ?it/s]Loading checkpoint shards:  12%|#2        | 1/8 [00:00<00:04,  1.50it/s]Loading checkpoint shards:  25%|##5       | 2/8 [00:01<00:03,  1.61it/s]Loading checkpoint shards:  38%|###7      | 3/8 [00:01<00:03,  1.64it/s]Loading checkpoint shards:  50%|#####     | 4/8 [00:02<00:02,  1.68it/s]Loading checkpoint shards:  62%|######2   | 5/8 [00:03<00:01,  1.70it/s]Loading checkpoint shards:  75%|#######5  | 6/8 [00:03<00:01,  1.70it/s]Loading checkpoint shards:  88%|########7 | 7/8 [00:04<00:00,  1.76it/s]Loading checkpoint shards: 100%|##########| 8/8 [00:04<00:00,  2.06it/s]Loading checkpoint shards: 100%|##########| 8/8 [00:04<00:00,  1.81it/s]
[Molmo] Model loaded successfully.
Using a slow image processor as `use_fast` is unset and a slow processor was saved with this model. `use_fast=True` will be the default behavior in v4.52, even if the model was saved with a slow processor. This will result in minor differences in outputs. You'll still be able to use a slow processor with `use_fast=False`.
Generated text for 'akita black bowl': <points coords="1 1 732 498">akita black bowl</points>
Generated text for 'akita black bowl': <points coords="1 1 092 542">akita black bowl</points>
get_object_pose in 5.424652099609375 seconds
Generated text for 'plate': <points coords="1 1 696 739">plate</points>
Generated text for 'plate': <points coords="1 1 233 062">plate</points>
get_object_pose in 4.637279272079468 seconds
Generated text for 'akita black bowl': <points coords="1 1 732 498">akita black bowl</points>
Generated text for 'akita black bowl': <points coords="1 1 092 542">akita black bowl</points>
get_object_pose in 3.806253671646118 seconds
Generated text for 'plate': <points coords="1 1 696 739">plate</points>
Generated text for 'plate': <points coords="1 1 233 062">plate</points>
get_object_pose in 4.562206983566284 seconds
Generated text for 'akita black bowl between the plate and the ramekin': <points coords="1 1 668 599">akita black bowl between the plate and the ramekin</points>
Generated text for 'akita black bowl between the plate and the ramekin': <points coords="1 1 227 273">akita black bowl between the plate and the ramekin</points>
get_object_pose in 4.556057453155518 seconds
Generated text for 'akita black bowl between the plate and the ramekin': <points coords="1 1 668 599">akita black bowl between the plate and the ramekin</points>
Generated text for 'akita black bowl between the plate and the ramekin': <points coords="1 1 227 273">akita black bowl between the plate and the ramekin</points>
sample_grasp_pose in 6.9561448097229 seconds
Grasp sample position for akita black bowl between the plate and the ramekin: [0.57030906 0.1807002  0.01744505]
Grasp sample quaternion wxyz for akita black bowl between the plate and the ramekin: [-0.11441241  0.99091997  0.02033253 -0.0676314 ]
2026-07-29 12:01:19.573 | INFO     | jaxls._problem:analyze:201 - Building optimization problem with 2 terms and 1 variables: 1 costs, 0 eq_zero, 1 leq_zero, 0 geq_zero
2026-07-29 12:01:19.691 | INFO     | jaxls._problem:analyze:328 - Vectorizing group with 1 costs, 1 variables each: _pose_cost_analytical_jac
2026-07-29 12:01:19.718 | INFO     | jaxls._problem:analyze:320 - Vectorizing constraint group with 1 constraints (constraint_leq_zero), 1 variables each: augmented_limit_residual
2026-07-29 12:01:42.298 | INFO     | jaxls._problem:analyze:201 - Building optimization problem with 3 terms and 1 variables: 3 costs, 0 eq_zero, 0 leq_zero, 0 geq_zero
2026-07-29 12:01:42.317 | INFO     | jaxls._problem:analyze:328 - Vectorizing group with 1 costs, 1 variables each: limit_velocity_cost
2026-07-29 12:01:42.351 | INFO     | jaxls._problem:analyze:328 - Vectorizing group with 1 costs, 1 variables each: _pose_cost_analytical_jac
2026-07-29 12:01:42.364 | INFO     | jaxls._problem:analyze:328 - Vectorizing group with 1 costs, 1 variables each: limit_residual
Generated text for 'akita black bowl': <points coords="1 1 739 504">akita black bowl</points>
Generated text for 'akita black bowl': <points coords="1 1 404 567">akita black bowl</points>
get_object_pose in 5.914901494979858 seconds
Generated text for 'plate': <points coords="1 1 692 739">plate</points>
Generated text for 'plate': <points coords="1 1 504 160">plate</points>
get_object_pose in 9.17088508605957 seconds
Generated text for 'akita black bowl': <points coords="1 1 739 504">akita black bowl</points>
Generated text for 'akita black bowl': <points coords="1 1 404 567">akita black bowl</points>
get_object_pose in 5.905440807342529 seconds
Generated text for 'akita black bowl': <points coords="1 1 739 504">akita black bowl</points>
get_object_pose in 1.3520560264587402 seconds
{"ee_pose": [-0.11374689829850008, 0.9908318599382737, 0.02134614105765731, -0.06970086599661013, 0.5853815217912627, 0.15593063118980016, 0.23964943591869775], "object_pose": [-0.17557329396832824, 0.9451750658777169, -0.21743628858641623, 0.168936596668482, 0.47557710148058535, 0.3333778240958881, 0.028199211748381327], "observed_position_before_sample": [0.603391899602994, 0.210534248099461, 0.019672071473970272], "observed_quaternion_before_sample": [0.023430578135811973, 0.9908313737596129, -0.12002978543308829, 0.05741992154946537], "physics": {"bodies": {"akita_black_bowl_1_main": {"body_id": 23, "position_xyz": [-0.08218499824991055, 0.22623218605886003, 1.012618178234246], "quaternion_wxyz": [0.4533066834751785, -0.08121733857461058, -0.028616469144895854, 0.8871853765280798]}, "akita_black_bowl_2_main": {"body_id": 24, "position_xyz": [-0.1922494469065155, 0.32615471937524537, 0.8984070750980836], "quaternion_wxyz": [0.707106783005648, -1.3874755319824204e-05, 1.667300234265664e-06, 0.7071067792293566]}, "flat_stove_1_burner_plate": {"body_id": 36, "position_xyz": [-0.2617188802436087, -0.1361119968454451, 0.905], "quaternion_wxyz": [1.0, 0.0, 0.0, 0.0]}, "gripper0_eef": {"body_id": 13, "position_xyz": [-0.089917315959303, 0.17973089933498448, 1.0484579013836441], "quaternion_wxyz": [-0.12971715812658385, 0.6855299260839988, 0.7157179282720668, 0.0311452481250281]}, "gripper0_finger_joint1_tip": {"body_id": 15, "position_xyz": [-0.09124875173632586, 0.17127991055066238, 1.0348854083924184], "quaternion_wxyz": [-0.11374689829850007, 0.9908318599382736, 0.02134614105765731, -0.06970086599661013]}, "gripper0_finger_joint2_tip": {"body_id": 17, "position_xyz": [-0.09183373089279145, 0.19280846130934798, 1.0399375164397027], "quaternion_wxyz": [-0.11374689829850007, 0.9908318599382736, 0.02134614105765731, -0.06970086599661013]}, "gripper0_leftfinger": {"body_id": 14, "position_xyz": [-0.08346666042951377, 0.16709599719826077, 1.0908334550424315], "quaternion_wxyz": [-0.11374689829850007, 0.9908318599382736, 0.02134614105765731, -0.06970086599661013]}, "gripper0_right_gripper": {"body_id": 12, "position_xyz": [-0.076048276129351, 0.15815495531551832, 1.142005367270562], "quaternion_wxyz": [-0.12971715812658385, 0.6855299260839988, 0.7157179282720668, 0.0311452481250281]}, "gripper0_rightfinger": {"body_id": 16, "position_xyz": [-0.08360208548873116, 0.1720799444537062, 1.0920030386488113], "quaternion_wxyz": [-0.11374689829850007, 0.9908318599382736, 0.02134614105765731, -0.06970086599661013]}, "plate_1_main": {"body_id": 27, "position_xyz": [0.07110726904572584, 0.2144166626766317, 0.902506338529415], "quaternion_wxyz": [0.7071068099946488, -1.3218930757369912e-05, 5.905204028510338e-06, 0.7071067522302282]}}, "body_count": 38, "candidate_types": ["FrankaLiberoEnv", "LiberoHandle", "OffScreenRenderEnv", "NoneType"], "sim_type": "MjSim"}, "post_get_object_pose": {"False": {"position": [0.47567347256771086, 0.3344352321750504, 0.0284119933469743], "quaternion": [-0.1536902701191036, 0.9538189445662179, -0.19736467202061686, 0.1663006557278045]}, "True": {"position": [0.47572864445191976, 0.33348060184169714, 0.027886635143848173], "quaternion": [-0.15886044931740145, 0.9469489314386159, -0.2306804518744753, 0.15759951780676507]}}, "reports": [{"name": "object_in_gripper(akita black bowl)", "passed": false, "reason": "object-gripper distance 0.2971m exceeds threshold"}, {"name": "gripper_closed()", "passed": true, "reason": null}], "sample_position": [0.5703090555675232, 0.18070019942643117, 0.01744505270487612], "sample_quaternion": [-0.11441240804431231, 0.990919967971437, 0.020332534504742095, -0.06763139804559373], "task_completed": false, "z_approach": 0.1}
probe_results=outputs/debug/grasp_probe/20260729_035931_40afd5fa/results.json
